Archive member included to satisfy reference by file (symbol)

C:/ST/STM32CubeIDE_1.15.1/STM32CubeIDE/plugins/com.st.stm32cube.ide.mcu.externaltools.gnu-tools-for-stm32.12.3.rel1.win32_1.0.100.202403111256/tools/bin/../lib/gcc/arm-none-eabi/12.3.1/../../../../arm-none-eabi/lib/thumb/v7e-m+fp/hard\libc_nano.a(libc_a-exit.o)
                              C:/ST/STM32CubeIDE_1.15.1/STM32CubeIDE/plugins/com.st.stm32cube.ide.mcu.externaltools.gnu-tools-for-stm32.12.3.rel1.win32_1.0.100.202403111256/tools/bin/../lib/gcc/arm-none-eabi/12.3.1/../../../../arm-none-eabi/lib/thumb/v7e-m+fp/hard/crt0.o (exit)
C:/ST/STM32CubeIDE_1.15.1/STM32CubeIDE/plugins/com.st.stm32cube.ide.mcu.externaltools.gnu-tools-for-stm32.12.3.rel1.win32_1.0.100.202403111256/tools/bin/../lib/gcc/arm-none-eabi/12.3.1/../../../../arm-none-eabi/lib/thumb/v7e-m+fp/hard\libc_nano.a(libc_a-findfp.o)
                              ./Middlewares/Third_Party/FreeRTOS/Source/tasks.o (__sf)
C:/ST/STM32CubeIDE_1.15.1/STM32CubeIDE/plugins/com.st.stm32cube.ide.mcu.externaltools.gnu-tools-for-stm32.12.3.rel1.win32_1.0.100.202403111256/tools/bin/../lib/gcc/arm-none-eabi/12.3.1/../../../../arm-none-eabi/lib/thumb/v7e-m+fp/hard\libc_nano.a(libc_a-fwalk.o)
                              C:/ST/STM32CubeIDE_1.15.1/STM32CubeIDE/plugins/com.st.stm32cube.ide.mcu.externaltools.gnu-tools-for-stm32.12.3.rel1.win32_1.0.100.202403111256/tools/bin/../lib/gcc/arm-none-eabi/12.3.1/../../../../arm-none-eabi/lib/thumb/v7e-m+fp/hard\libc_nano.a(libc_a-findfp.o) (_fwalk_sglue)
C:/ST/STM32CubeIDE_1.15.1/STM32CubeIDE/plugins/com.st.stm32cube.ide.mcu.externaltools.gnu-tools-for-stm32.12.3.rel1.win32_1.0.100.202403111256/tools/bin/../lib/gcc/arm-none-eabi/12.3.1/../../../../arm-none-eabi/lib/thumb/v7e-m+fp/hard\libc_nano.a(libc_a-stdio.o)
                              C:/ST/STM32CubeIDE_1.15.1/STM32CubeIDE/plugins/com.st.stm32cube.ide.mcu.externaltools.gnu-tools-for-stm32.12.3.rel1.win32_1.0.100.202403111256/tools/bin/../lib/gcc/arm-none-eabi/12.3.1/../../../../arm-none-eabi/lib/thumb/v7e-m+fp/hard\libc_nano.a(libc_a-findfp.o) (__sread)
C:/ST/STM32CubeIDE_1.15.1/STM32CubeIDE/plugins/com.st.stm32cube.ide.mcu.externaltools.gnu-tools-for-stm32.12.3.rel1.win32_1.0.100.202403111256/tools/bin/../lib/gcc/arm-none-eabi/12.3.1/../../../../arm-none-eabi/lib/thumb/v7e-m+fp/hard\libc_nano.a(libc_a-memset.o)
                              C:/ST/STM32CubeIDE_1.15.1/STM32CubeIDE/plugins/com.st.stm32cube.ide.mcu.externaltools.gnu-tools-for-stm32.12.3.rel1.win32_1.0.100.202403111256/tools/bin/../lib/gcc/arm-none-eabi/12.3.1/../../../../arm-none-eabi/lib/thumb/v7e-m+fp/hard/crt0.o (memset)
C:/ST/STM32CubeIDE_1.15.1/STM32CubeIDE/plugins/com.st.stm32cube.ide.mcu.externaltools.gnu-tools-for-stm32.12.3.rel1.win32_1.0.100.202403111256/tools/bin/../lib/gcc/arm-none-eabi/12.3.1/../../../../arm-none-eabi/lib/thumb/v7e-m+fp/hard\libc_nano.a(libc_a-closer.o)
                              C:/ST/STM32CubeIDE_1.15.1/STM32CubeIDE/plugins/com.st.stm32cube.ide.mcu.externaltools.gnu-tools-for-stm32.12.3.rel1.win32_1.0.100.202403111256/tools/bin/../lib/gcc/arm-none-eabi/12.3.1/../../../../arm-none-eabi/lib/thumb/v7e-m+fp/hard\libc_nano.a(libc_a-stdio.o) (_close_r)
C:/ST/STM32CubeIDE_1.15.1/STM32CubeIDE/plugins/com.st.stm32cube.ide.mcu.externaltools.gnu-tools-for-stm32.12.3.rel1.win32_1.0.100.202403111256/tools/bin/../lib/gcc/arm-none-eabi/12.3.1/../../../../arm-none-eabi/lib/thumb/v7e-m+fp/hard\libc_nano.a(libc_a-reent.o)
                              ./Middlewares/Third_Party/FreeRTOS/Source/tasks.o (_reclaim_reent)
C:/ST/STM32CubeIDE_1.15.1/STM32CubeIDE/plugins/com.st.stm32cube.ide.mcu.externaltools.gnu-tools-for-stm32.12.3.rel1.win32_1.0.100.202403111256/tools/bin/../lib/gcc/arm-none-eabi/12.3.1/../../../../arm-none-eabi/lib/thumb/v7e-m+fp/hard\libc_nano.a(libc_a-impure.o)
                              ./Middlewares/Third_Party/FreeRTOS/Source/tasks.o (_impure_ptr)
C:/ST/STM32CubeIDE_1.15.1/STM32CubeIDE/plugins/com.st.stm32cube.ide.mcu.externaltools.gnu-tools-for-stm32.12.3.rel1.win32_1.0.100.202403111256/tools/bin/../lib/gcc/arm-none-eabi/12.3.1/../../../../arm-none-eabi/lib/thumb/v7e-m+fp/hard\libc_nano.a(libc_a-lseekr.o)
                              C:/ST/STM32CubeIDE_1.15.1/STM32CubeIDE/plugins/com.st.stm32cube.ide.mcu.externaltools.gnu-tools-for-stm32.12.3.rel1.win32_1.0.100.202403111256/tools/bin/../lib/gcc/arm-none-eabi/12.3.1/../../../../arm-none-eabi/lib/thumb/v7e-m+fp/hard\libc_nano.a(libc_a-stdio.o) (_lseek_r)
C:/ST/STM32CubeIDE_1.15.1/STM32CubeIDE/plugins/com.st.stm32cube.ide.mcu.externaltools.gnu-tools-for-stm32.12.3.rel1.win32_1.0.100.202403111256/tools/bin/../lib/gcc/arm-none-eabi/12.3.1/../../../../arm-none-eabi/lib/thumb/v7e-m+fp/hard\libc_nano.a(libc_a-readr.o)
[...]
Memory Configuration

Name             Origin             Length             Attributes
RAM              0x20000000         0x00018000         xrw
RAM2             0x10000000         0x00008000         xrw
FLASH            0x08000000         0x00100000         xr
*default*        0x00000000         0xffffffff

Linker script and memory map

LOAD C:/ST/STM32CubeIDE_1.15.1/STM32CubeIDE/plugins/com.st.stm32cube.ide.mcu.externaltools.gnu-tools-for-stm32.12.3.rel1.win32_1.0.100.202403111256/tools/bin/../lib/gcc/arm-none-eabi/12.3.1/thumb/v7e-m+fp/hard/crti.o
LOAD C:/ST/STM32CubeIDE_1.15.1/STM32CubeIDE/plugins/com.st.stm32cube.ide.mcu.externaltools.gnu-tools-for-stm32.12.3.rel1.win32_1.0.100.202403111256/tools/bin/../lib/gcc/arm-none-eabi/12.3.1/thumb/v7e-m+fp/hard/crtbegin.o
LOAD C:/ST/STM32CubeIDE_1.15.1/STM32CubeIDE/plugins/com.st.stm32cube.ide.mcu.externaltools.gnu-tools-for-stm32.12.3.rel1.win32_1.0.100.202403111256/tools/bin/../lib/gcc/arm-none-eabi/12.3.1/../../../../arm-none-eabi/lib/thumb/v7e-m+fp/hard/crt0.o
LOAD ./Core/Src/freertos.o
LOAD ./Core/Src/main.o
LOAD ./Core/Src/stm32l4xx_hal_msp.o
LOAD ./Core/Src/stm32l4xx_hal_timebase_tim.o
LOAD ./Core/Src/stm32l4xx_it.o
LOAD ./Core/Src/syscalls.o
LOAD ./Core/Src/sysmem.o
LOAD ./Core/Src/system_stm32l4xx.o
LOAD ./Core/Startup/startup_stm32l476rgtx.o
LOAD ./Drivers/STM32L4xx_HAL_Driver/Src/stm32l4xx_hal.o
LOAD ./Drivers/STM32L4xx_HAL_Driver/Src/stm32l4xx_hal_cortex.o
LOAD ./Drivers/STM32L4xx_HAL_Driver/Src/stm32l4xx_hal_dma.o
LOAD ./Drivers/STM32L4xx_HAL_Driver/Src/stm32l4xx_hal_dma_ex.o
LOAD ./Drivers/STM32L4xx_HAL_Driver/Src/stm32l4xx_hal_exti.o
LOAD ./Drivers/STM32L4xx_HAL_Driver/Src/stm32l4xx_hal_flash.o
LOAD ./Drivers/STM32L4xx_HAL_Driver/Src/stm32l4xx_hal_flash_ex.o
LOAD ./Drivers/STM32L4xx_HAL_Driver/Src/stm32l4xx_hal_flash_ramfunc.o
LOAD ./Drivers/STM32L4xx_HAL_Driver/Src/stm32l4xx_hal_gpio.o
LOAD ./Drivers/STM32L4xx_HAL_Driver/Src/stm32l4xx_hal_i2c.o
LOAD ./Drivers/STM32L4xx_HAL_Driver/Src/stm32l4xx_hal_i2c_ex.o
LOAD ./Drivers/STM32L4xx_HAL_Driver/Src/stm32l4xx_hal_pwr.o
LOAD ./Drivers/STM32L4xx_HAL_Driver/Src/stm32l4xx_hal_pwr_ex.o
LOAD ./Drivers/STM32L4xx_HAL_Driver/Src/stm32l4xx_hal_rcc.o
LOAD ./Drivers/STM32L4xx_HAL_Driver/Src/stm32l4xx_hal_rcc_ex.o
LOAD ./Drivers/STM32L4xx_HAL_Driver/Src/stm32l4xx_hal_tim.o
LOAD ./Drivers/STM32L4xx_HAL_Driver/Src/stm32l4xx_hal_tim_ex.o
LOAD ./Drivers/STM32L4xx_HAL_Driver/Src/stm32l4xx_hal_uart.o
LOAD ./Drivers/STM32L4xx_HAL_Driver/Src/stm32l4xx_hal_uart_ex.o
LOAD ./Middlewares/Third_Party/FreeRTOS/Source/CMSIS_RTOS/cmsis_os.o
LOAD ./Middlewares/Third_Party/FreeRTOS/Source/croutine.o
LOAD ./Middlewares/Third_Party/FreeRTOS/Source/event_groups.o
LOAD ./Middlewares/Third_Party/FreeRTOS/Source/list.o
LOAD ./Middlewares/Third_Party/FreeRTOS/Source/queue.o
LOAD ./Middlewares/Third_Party/FreeRTOS/Source/stream_buffer.o
LOAD ./Middlewares/Third_Party/FreeRTOS/Source/tasks.o
LOAD ./Middlewares/Third_Party/FreeRTOS/Source/timers.o
LOAD ./Middlewares/Third_Party/FreeRTOS/Source/portable/GCC/ARM_CM4F/port.o
LOAD ./Middlewares/Third_Party/FreeRTOS/Source/portable/MemMang/heap_4.o
START GROUP
LOAD C:/ST/STM32CubeIDE_1.15.1/STM32CubeIDE/plugins/com.st.stm32cube.ide.mcu.externaltools.gnu-tools-for-stm32.12.3.rel1.win32_1.0.100.202403111256/tools/bin/../lib/gcc/arm-none-eabi/12.3.1/../../../../arm-none-eabi/lib/thumb/v7e-m+fp/hard\libc_nano.a
LOAD C:/ST/STM32CubeIDE_1.15.1/STM32CubeIDE/plugins/com.st.stm32cube.ide.mcu.externaltools.gnu-tools-for-stm32.12.3.rel1.win32_1.0.100.202403111256/tools/bin/../lib/gcc/arm-none-eabi/12.3.1/../../../../arm-none-eabi/lib/thumb/v7e-m+fp/hard\libm.a
END GROUP
START GROUP
LOAD C:/ST/STM32CubeIDE_1.15.1/STM32CubeIDE/plugins/com.st.stm32cube.ide.mcu.externaltools.gnu-tools-for-stm32.12.3.rel1.win32_1.0.100.202403111256/tools/bin/../lib/gcc/arm-none-eabi/12.3.1/thumb/v7e-m+fp/hard\libgcc.a
LOAD C:/ST/STM32CubeIDE_1.15.1/STM32CubeIDE/plugins/com.st.stm32cube.ide.mcu.externaltools.gnu-tools-for-stm32.12.3.rel1.win32_1.0.100.202403111256/tools/bin/../lib/gcc/arm-none-eabi/12.3.1/../../../../arm-none-eabi/lib/thumb/v7e-m+fp/hard\libc_nano.a
END GROUP
START GROUP
LOAD C:/ST/STM32CubeIDE_1.15.1/STM32CubeIDE/plugins/com.st.stm32cube.ide.mcu.externaltools.gnu-tools-for-stm32.12.3.rel1.win32_1.0.100.202403111256/tools/bin/../lib/gcc/arm-none-eabi/12.3.1/thumb/v7e-m+fp/hard\libgcc.a
LOAD C:/ST/STM32CubeIDE_1.15.1/STM32CubeIDE/plugins/com.st.stm32cube.ide.mcu.externaltools.gnu-tools-for-stm32.12.3.rel1.win32_1.0.100.202403111256/tools/bin/../lib/gcc/arm-none-eabi/12.3.1/../../../../arm-none-eabi/lib/thumb/v7e-m+fp/hard\libc_nano.a
LOAD C:/ST/STM32CubeIDE_1.15.1/STM32CubeIDE/plugins/com.st.stm32cube.ide.mcu.externaltools.gnu-tools-for-stm32.12.3.rel1.win32_1.0.100.202403111256/tools/bin/../lib/gcc/arm-none-eabi/12.3.1/../../../../arm-none-eabi/lib/thumb/v7e-m+fp/hard\libnosys.a
END GROUP
START GROUP
LOAD C:/ST/STM32CubeIDE_1.15.1/STM32CubeIDE/plugins/com.st.stm32cube.ide.mcu.externaltools.gnu-tools-for-stm32.12.3.rel1.win32_1.0.100.202403111256/tools/bin/../lib/gcc/arm-none-eabi/12.3.1/thumb/v7e-m+fp/hard\libgcc.a
LOAD C:/ST/STM32CubeIDE_1.15.1/STM32CubeIDE/plugins/com.st.stm32cube.ide.mcu.externaltools.gnu-tools-for-stm32.12.3.rel1.win32_1.0.100.202403111256/tools/bin/../lib/gcc/arm-none-eabi/12.3.1/../../../../arm-none-eabi/lib/thumb/v7e-m+fp/hard\libc_nano.a
LOAD C:/ST/STM32CubeIDE_1.15.1/STM32CubeIDE/plugins/com.st.stm32cube.ide.mcu.externaltools.gnu-tools-for-stm32.12.3.rel1.win32_1.0.100.202403111256/tools/bin/../lib/gcc/arm-none-eabi/12.3.1/../../../../arm-none-eabi/lib/thumb/v7e-m+fp/hard\libnosys.a
END GROUP
LOAD C:/ST/STM32CubeIDE_1.15.1/STM32CubeIDE/plugins/com.st.stm32cube.ide.mcu.externaltools.gnu-tools-for-stm32.12.3.rel1.win32_1.0.100.202403111256/tools/bin/../lib/gcc/arm-none-eabi/12.3.1/thumb/v7e-m+fp/hard/crtend.o
LOAD C:/ST/STM32CubeIDE_1.15.1/STM32CubeIDE/plugins/com.st.stm32cube.ide.mcu.externaltools.gnu-tools-for-stm32.12.3.rel1.win32_1.0.100.202403111256/tools/bin/../lib/gcc/arm-none-eabi/12.3.1/thumb/v7e-m+fp/hard/crtn.o
                0x20018000                        _estack = (ORIGIN (RAM) + LENGTH (RAM))
                0x00000200                        _Min_Heap_Size = 0x200
                0x00000400                        _Min_Stack_Size = 0x400

.isr_vector     0x08000000      0x188
                0x08000000                        . = ALIGN (0x4)
 *(.isr_vector)
 .isr_vector    0x08000000      0x188 ./Core/Startup/startup_stm32l476rgtx.o
                0x08000000                g_pfnVectors
                0x08000188                        . = ALIGN (0x4)

.text           0x08000190     0x4c60
                0x08000190                        . = ALIGN (0x4)
 *(.text)
 .text          0x08000190       0x40 C:/ST/STM32CubeIDE_1.15.1/STM32CubeIDE/plugins/com.st.stm32cube.ide.mcu.externaltools.gnu-tools-for-stm32.12.3.rel1.win32_1.0.100.202403111256/tools/bin/../lib/gcc/arm-none-eabi/12.3.1/thumb/v7e-m+fp/hard/crtbegin.o
 .text          0x080001d0       0x30 C:/ST/STM32CubeIDE_1.15.1/STM32CubeIDE/plugins/com.st.stm32cube.ide.mcu.externaltools.gnu-tools-for-stm32.12.3.rel1.win32_1.0.100.202403111256/tools/bin/../lib/gcc/arm-none-eabi/12.3.1/thumb/v7e-m+fp/hard\libgcc.a(_aeabi_uldivmod.o)
                0x080001d0                __aeabi_uldivmod
 .text          0x08000200      0x2bc C:/ST/STM32CubeIDE_1.15.1/STM32CubeIDE/plugins/com.st.stm32cube.ide.mcu.externaltools.gnu-tools-for-stm32.12.3.rel1.win32_1.0.100.202403111256/tools/bin/../lib/gcc/arm-none-eabi/12.3.1/thumb/v7e-m+fp/hard\libgcc.a(_udivmoddi4.o)
                0x08000200                __udivmoddi4
 .text          0x080004bc        0x4 C:/ST/STM32CubeIDE_1.15.1/STM32CubeIDE/plugins/com.st.stm32cube.ide.mcu.externaltools.gnu-tools-for-stm32.12.3.rel1.win32_1.0.100.202403111256/tools/bin/../lib/gcc/arm-none-eabi/12.3.1/thumb/v7e-m+fp/hard\libgcc.a(_dvmd_tls.o)
                0x080004bc                __aeabi_idiv0
                0x080004bc                __aeabi_ldiv0
 *(.text*)
 .text.vApplicationGetIdleTaskMemory
                0x080004c0       0x34 ./Core/Src/freertos.o
                0x080004c0                vApplicationGetIdleTaskMemory
 .text.main     0x080004f4       0x78 ./Core/Src/main.o
                0x080004f4                main
 .text.SystemClock_Config
                0x0800056c       0xa2 ./Core/Src/main.o
                0x0800056c                SystemClock_Config
 *fill*         0x0800060e        0x2 
 .text.MX_USART2_UART_Init
                0x08000610       0x60 ./Core/Src/main.o
 .text.MX_GPIO_Init
                0x08000670       0xd0 ./Core/Src/main.o
 .text.StartLEDTask1
                0x08000740       0x34 ./Core/Src/main.o
                0x08000740                StartLEDTask1
 .text.StartLEDTask2
                0x08000774       0x38 ./Core/Src/main.o
                0x08000774                StartLEDTask2
 .text.HAL_TIM_PeriodElapsedCallback
                0x080007ac       0x24 ./Core/Src/main.o
                0x080007ac                HAL_TIM_PeriodElapsedCallback
 .text.Error_Handler
                0x080007d0        0xc ./Core/Src/main.o
                0x080007d0                Error_Handler
 .text.HAL_MspInit
                0x080007dc       0x50 ./Core/Src/stm32l4xx_hal_msp.o
                0x080007dc                HAL_MspInit
 .text.HAL_UART_MspInit
                0x0800082c       0xb8 ./Core/Src/stm32l4xx_hal_msp.o
                0x0800082c                HAL_UART_MspInit
 .text.HAL_InitTick
                0x080008e4       0xdc ./Core/Src/stm32l4xx_hal_timebase_tim.o
                0x080008e4                HAL_InitTick
 .text.NMI_Handler
                0x080009c0        0x8 ./Core/Src/stm32l4xx_it.o
                0x080009c0                NMI_Handler
 .text.HardFault_Handler
                0x080009c8        0x8 ./Core/Src/stm32l4xx_it.o
                0x080009c8                HardFault_Handler
 .text.MemManage_Handler
                0x080009d0        0x8 ./Core/Src/stm32l4xx_it.o
                0x080009d0                MemManage_Handler
 .text.BusFault_Handler
                0x080009d8        0x8 ./Core/Src/stm32l4xx_it.o
                0x080009d8                BusFault_Handler
 .text.UsageFault_Handler
                0x080009e0        0x8 ./Core/Src/stm32l4xx_it.o
                0x080009e0                UsageFault_Handler
 .text.DebugMon_Handler
                0x080009e8        0xe ./Core/Src/stm32l4xx_it.o
                0x080009e8                DebugMon_Handler
 *fill*         0x080009f6        0x2 
 .text.TIM1_UP_TIM16_IRQHandler
                0x080009f8       0x14 ./Core/Src/stm32l4xx_it.o
                0x080009f8                TIM1_UP_TIM16_IRQHandler
 .text.SystemInit
                0x08000a0c       0x24 ./Core/Src/system_stm32l4xx.o
                0x08000a0c                SystemInit
 .text.Reset_Handler
                0x08000a30       0x50 ./Core/Startup/startup_stm32l476rgtx.o
                0x08000a30                Reset_Handler
 .text.Default_Handler
                0x08000a80        0x2 ./Core/Startup/startup_stm32l476rgtx.o
                0x08000a80                RTC_Alarm_IRQHandler
                0x08000a80                EXTI2_IRQHandler
                0x08000a80                TIM8_TRG_COM_IRQHandler
                0x08000a80                TIM8_CC_IRQHandler
                0x08000a80                TIM1_CC_IRQHandler
                0x08000a80                TSC_IRQHandler
                0x08000a80                TAMP_STAMP_IRQHandler
                0x08000a80                EXTI3_IRQHandler
                0x08000a80                LPTIM2_IRQHandler
                0x08000a80                DFSDM1_FLT1_IRQHandler
                0x08000a80                I2C3_ER_IRQHandler
                0x08000a80                DFSDM1_FLT2_IRQHandler
                0x08000a80                EXTI0_IRQHandler
                0x08000a80                I2C2_EV_IRQHandler
                0x08000a80                CAN1_RX0_IRQHandler
                0x08000a80                FPU_IRQHandler
                0x08000a80                ADC1_2_IRQHandler
                0x08000a80                SPI1_IRQHandler
                0x08000a80                TIM6_DAC_IRQHandler
                0x08000a80                TIM8_UP_IRQHandler
                0x08000a80                DMA2_Channel2_IRQHandler
                0x08000a80                DMA1_Channel4_IRQHandler
                0x08000a80                SAI2_IRQHandler
                0x08000a80                DFSDM1_FLT3_IRQHandler
                0x08000a80                USART3_IRQHandler
                0x08000a80                DMA1_Channel7_IRQHandler
                0x08000a80                CAN1_RX1_IRQHandler
                0x08000a80                LCD_IRQHandler
                0x08000a80                UART5_IRQHandler
                0x08000a80                ADC3_IRQHandler
                0x08000a80                TIM4_IRQHandler
                0x08000a80                DMA2_Channel1_IRQHandler
                0x08000a80                QUADSPI_IRQHandler
                0x08000a80                I2C1_EV_IRQHandler
                0x08000a80                DMA1_Channel6_IRQHandler
                0x08000a80                UART4_IRQHandler
                0x08000a80                DMA2_Channel4_IRQHandler
                0x08000a80                TIM3_IRQHandler
                0x08000a80                RCC_IRQHandler
                0x08000a80                DMA1_Channel1_IRQHandler
                0x08000a80                Default_Handler
                0x08000a80                DMA2_Channel7_IRQHandler
                0x08000a80                EXTI15_10_IRQHandler
                0x08000a80                TIM7_IRQHandler
                0x08000a80                SDMMC1_IRQHandler
                0x08000a80                TIM5_IRQHandler
                0x08000a80                I2C3_EV_IRQHandler
                0x08000a80                EXTI9_5_IRQHandler
                0x08000a80                RTC_WKUP_IRQHandler
                0x08000a80                PVD_PVM_IRQHandler
                0x08000a80                SPI2_IRQHandler
                0x08000a80                CAN1_TX_IRQHandler
                0x08000a80                DMA2_Channel5_IRQHandler
                0x08000a80                DMA1_Channel5_IRQHandler
                0x08000a80                EXTI4_IRQHandler
                0x08000a80                RNG_IRQHandler
                0x08000a80                TIM1_TRG_COM_TIM17_IRQHandler
                0x08000a80                DMA1_Channel3_IRQHandler
                0x08000a80                COMP_IRQHandler
                0x08000a80                WWDG_IRQHandler
                0x08000a80                LPUART1_IRQHandler
                0x08000a80                DMA2_Channel6_IRQHandler
                0x08000a80                TIM2_IRQHandler
                0x08000a80                EXTI1_IRQHandler
                0x08000a80                USART2_IRQHandler
                0x08000a80                DFSDM1_FLT0_IRQHandler
                0x08000a80                I2C2_ER_IRQHandler
                0x08000a80                DMA1_Channel2_IRQHandler
                0x08000a80                TIM8_BRK_IRQHandler
                0x08000a80                CAN1_SCE_IRQHandler
                0x08000a80                FLASH_IRQHandler
                0x08000a80                USART1_IRQHandler
                0x08000a80                OTG_FS_IRQHandler
                0x08000a80                SPI3_IRQHandler
                0x08000a80                I2C1_ER_IRQHandler
                0x08000a80                FMC_IRQHandler
                0x08000a80                SWPMI1_IRQHandler
                0x08000a80                LPTIM1_IRQHandler
                0x08000a80                SAI1_IRQHandler
                0x08000a80                DMA2_Channel3_IRQHandler
                0x08000a80                TIM1_BRK_TIM15_IRQHandler
 *fill*         0x08000a82        0x2 
 .text.HAL_Init
                0x08000a84       0x40 ./Drivers/STM32L4xx_HAL_Driver/Src/stm32l4xx_hal.o
                0x08000a84                HAL_Init
 .text.HAL_IncTick
                0x08000ac4       0x28 ./Drivers/STM32L4xx_HAL_Driver/Src/stm32l4xx_hal.o
                0x08000ac4                HAL_IncTick
 .text.HAL_GetTick
                0x08000aec       0x18 ./Drivers/STM32L4xx_HAL_Driver/Src/stm32l4xx_hal.o
                0x08000aec                HAL_GetTick
 .text.HAL_Delay
                0x08000b04       0x48 ./Drivers/STM32L4xx_HAL_Driver/Src/stm32l4xx_hal.o
                0x08000b04                HAL_Delay
 .text.__NVIC_SetPriorityGrouping
                0x08000b4c       0x48 ./Drivers/STM32L4xx_HAL_Driver/Src/stm32l4xx_hal_cortex.o
 .text.__NVIC_GetPriorityGrouping
                0x08000b94       0x1c ./Drivers/STM32L4xx_HAL_Driver/Src/stm32l4xx_hal_cortex.o
 .text.__NVIC_EnableIRQ
                0x08000bb0       0x3c ./Drivers/STM32L4xx_HAL_Driver/Src/stm32l4xx_hal_cortex.o
 .text.__NVIC_SetPriority
                0x08000bec       0x54 ./Drivers/STM32L4xx_HAL_Driver/Src/stm32l4xx_hal_cortex.o
 .text.NVIC_EncodePriority
                0x08000c40       0x66 ./Drivers/STM32L4xx_HAL_Driver/Src/stm32l4xx_hal_cortex.o
 .text.HAL_NVIC_SetPriorityGrouping
                0x08000ca6       0x16 ./Drivers/STM32L4xx_HAL_Driver/Src/stm32l4xx_hal_cortex.o
                0x08000ca6                HAL_NVIC_SetPriorityGrouping
 .text.HAL_NVIC_SetPriority
                0x08000cbc       0x38 ./Drivers/STM32L4xx_HAL_Driver/Src/stm32l4xx_hal_cortex.o
                0x08000cbc                HAL_NVIC_SetPriority
 .text.HAL_NVIC_EnableIRQ
                0x08000cf4       0x1c ./Drivers/STM32L4xx_HAL_Driver/Src/stm32l4xx_hal_cortex.o
                0x08000cf4                HAL_NVIC_EnableIRQ
 .text.HAL_GPIO_Init
                0x08000d10      0x354 ./Drivers/STM32L4xx_HAL_Driver/Src/stm32l4xx_hal_gpio.o
                0x08000d10                HAL_GPIO_Init
 .text.HAL_GPIO_WritePin
                0x08001064       0x30 ./Drivers/STM32L4xx_HAL_Driver/Src/stm32l4xx_hal_gpio.o
                0x08001064                HAL_GPIO_WritePin
 .text.HAL_PWREx_GetVoltageRange
                0x08001094       0x1c ./Drivers/STM32L4xx_HAL_Driver/Src/stm32l4xx_hal_pwr_ex.o
                0x08001094                HAL_PWREx_GetVoltageRange
 .text.HAL_PWREx_ControlVoltageScaling
                0x080010b0       0xac ./Drivers/STM32L4xx_HAL_Driver/Src/stm32l4xx_hal_pwr_ex.o
                0x080010b0                HAL_PWREx_ControlVoltageScaling
 .text.HAL_RCC_OscConfig
                0x0800115c      0x7b8 ./Drivers/STM32L4xx_HAL_Driver/Src/stm32l4xx_hal_rcc.o
                0x0800115c                HAL_RCC_OscConfig
 .text.HAL_RCC_ClockConfig
                0x08001914      0x200 ./Drivers/STM32L4xx_HAL_Driver/Src/stm32l4xx_hal_rcc.o
                0x08001914                HAL_RCC_ClockConfig
 .text.HAL_RCC_GetSysClockFreq
                0x08001b14      0x118 ./Drivers/STM32L4xx_HAL_Driver/Src/stm32l4xx_hal_rcc.o
                0x08001b14                HAL_RCC_GetSysClockFreq
 .text.HAL_RCC_GetHCLKFreq
                0x08001c2c       0x18 ./Drivers/STM32L4xx_HAL_Driver/Src/stm32l4xx_hal_rcc.o
                0x08001c2c                HAL_RCC_GetHCLKFreq
 .text.HAL_RCC_GetPCLK1Freq
                0x08001c44       0x2c ./Drivers/STM32L4xx_HAL_Driver/Src/stm32l4xx_hal_rcc.o
                0x08001c44                HAL_RCC_GetPCLK1Freq
 .text.HAL_RCC_GetPCLK2Freq
                0x08001c70       0x2c ./Drivers/STM32L4xx_HAL_Driver/Src/stm32l4xx_hal_rcc.o
                0x08001c70                HAL_RCC_GetPCLK2Freq
 .text.HAL_RCC_GetClockConfig
                0x08001c9c       0x64 ./Drivers/STM32L4xx_HAL_Driver/Src/stm32l4xx_hal_rcc.o
                0x08001c9c                HAL_RCC_GetClockConfig
 .text.RCC_SetFlashLatencyFromMSIRange
                0x08001d00       0xc0 ./Drivers/STM32L4xx_HAL_Driver/Src/stm32l4xx_hal_rcc.o
 .text.HAL_RCCEx_PeriphCLKConfig
                0x08001dc0      0x5d4 ./Drivers/STM32L4xx_HAL_Driver/Src/stm32l4xx_hal_rcc_ex.o
                0x08001dc0                HAL_RCCEx_PeriphCLKConfig
 .text.RCCEx_PLLSAI1_Config
                0x08002394      0x1e8 ./Drivers/STM32L4xx_HAL_Driver/Src/stm32l4xx_hal_rcc_ex.o
 .text.RCCEx_PLLSAI2_Config
                0x0800257c      0x1bc ./Drivers/STM32L4xx_HAL_Driver/Src/stm32l4xx_hal_rcc_ex.o
 .text.HAL_TIM_Base_Init
                0x08002738       0xae ./Drivers/STM32L4xx_HAL_Driver/Src/stm32l4xx_hal_tim.o
                0x08002738                HAL_TIM_Base_Init
 .text.HAL_TIM_Base_MspInit
                0x080027e6       0x14 ./Drivers/STM32L4xx_HAL_Driver/Src/stm32l4xx_hal_tim.o
                0x080027e6                HAL_TIM_Base_MspInit
 *fill*         0x080027fa        0x2 
 .text.HAL_TIM_Base_Start_IT
                0x080027fc       0xe0 ./Drivers/STM32L4xx_HAL_Driver/Src/stm32l4xx_hal_tim.o
                0x080027fc                HAL_TIM_Base_Start_IT
 .text.HAL_TIM_IRQHandler
                0x080028dc      0x20e ./Drivers/STM32L4xx_HAL_Driver/Src/stm32l4xx_hal_tim.o
                0x080028dc                HAL_TIM_IRQHandler
 .text.HAL_TIM_OC_DelayElapsedCallback
                0x08002aea       0x14 ./Drivers/STM32L4xx_HAL_Driver/Src/stm32l4xx_hal_tim.o
                0x08002aea                HAL_TIM_OC_DelayElapsedCallback
 .text.HAL_TIM_IC_CaptureCallback
                0x08002afe       0x14 ./Drivers/STM32L4xx_HAL_Driver/Src/stm32l4xx_hal_tim.o
                0x08002afe                HAL_TIM_IC_CaptureCallback
 .text.HAL_TIM_PWM_PulseFinishedCallback
                0x08002b12       0x14 ./Drivers/STM32L4xx_HAL_Driver/Src/stm32l4xx_hal_tim.o
                0x08002b12                HAL_TIM_PWM_PulseFinishedCallback
 .text.HAL_TIM_TriggerCallback
                0x08002b26       0x14 ./Drivers/STM32L4xx_HAL_Driver/Src/stm32l4xx_hal_tim.o
                0x08002b26                HAL_TIM_TriggerCallback
 *fill*         0x08002b3a        0x2 
 .text.TIM_Base_SetConfig
                0x08002b3c      0x14c ./Drivers/STM32L4xx_HAL_Driver/Src/stm32l4xx_hal_tim.o
                0x08002b3c                TIM_Base_SetConfig
 .text.HAL_TIMEx_CommutCallback
                0x08002c88       0x14 ./Drivers/STM32L4xx_HAL_Driver/Src/stm32l4xx_hal_tim_ex.o
                0x08002c88                HAL_TIMEx_CommutCallback
 .text.HAL_TIMEx_BreakCallback
                0x08002c9c       0x14 ./Drivers/STM32L4xx_HAL_Driver/Src/stm32l4xx_hal_tim_ex.o
                0x08002c9c                HAL_TIMEx_BreakCallback
 .text.HAL_TIMEx_Break2Callback
                0x08002cb0       0x14 ./Drivers/STM32L4xx_HAL_Driver/Src/stm32l4xx_hal_tim_ex.o
                0x08002cb0                HAL_TIMEx_Break2Callback
 .text.HAL_UART_Init
                0x08002cc4       0x9c ./Drivers/STM32L4xx_HAL_Driver/Src/stm32l4xx_hal_uart.o
                0x08002cc4                HAL_UART_Init
 .text.UART_SetConfig
                0x08002d60      0x570 ./Drivers/STM32L4xx_HAL_Driver/Src/stm32l4xx_hal_uart.o
                0x08002d60                UART_SetConfig
 .text.UART_AdvFeatureConfig
                0x080032d0      0x144 ./Drivers/STM32L4xx_HAL_Driver/Src/stm32l4xx_hal_uart.o
                0x080032d0                UART_AdvFeatureConfig
 .text.UART_CheckIdleState
                0x08003414      0x150 ./Drivers/STM32L4xx_HAL_Driver/Src/stm32l4xx_hal_uart.o
                0x08003414                UART_CheckIdleState
 .text.UART_WaitOnFlagUntilTimeout
                0x08003564       0xda ./Drivers/STM32L4xx_HAL_Driver/Src/stm32l4xx_hal_uart.o
                0x08003564                UART_WaitOnFlagUntilTimeout
 .text.UART_EndRxTransfer
                0x0800363e       0xc8 ./Drivers/STM32L4xx_HAL_Driver/Src/stm32l4xx_hal_uart.o
 .text.makeFreeRtosPriority
                0x08003706       0x30 ./Middlewares/Third_Party/FreeRTOS/Source/CMSIS_RTOS/cmsis_os.o
 .text.osKernelStart
                0x08003736        0xe ./Middlewares/Third_Party/FreeRTOS/Source/CMSIS_RTOS/cmsis_os.o
                0x08003736                osKernelStart
 .text.osThreadCreate
                0x08003744       0x98 ./Middlewares/Third_Party/FreeRTOS/Source/CMSIS_RTOS/cmsis_os.o
                0x08003744                osThreadCreate
 .text.osDelay  0x080037dc       0x28 ./Middlewares/Third_Party/FreeRTOS/Source/CMSIS_RTOS/cmsis_os.o
                0x080037dc                osDelay
 .text.vListInitialise
                0x08003804       0x40 ./Middlewares/Third_Party/FreeRTOS/Source/list.o
                0x08003804                vListInitialise
 .text.vListInitialiseItem
                0x08003844       0x1a ./Middlewares/Third_Party/FreeRTOS/Source/list.o
                0x08003844                vListInitialiseItem
 .text.vListInsertEnd
                0x0800385e       0x48 ./Middlewares/Third_Party/FreeRTOS/Source/list.o
                0x0800385e                vListInsertEnd
 .text.vListInsert
                0x080038a6       0x72 ./Middlewares/Third_Party/FreeRTOS/Source/list.o
                0x080038a6                vListInsert
 .text.uxListRemove
                0x08003918       0x54 ./Middlewares/Third_Party/FreeRTOS/Source/list.o
                0x08003918                uxListRemove
 .text.xTaskCreateStatic
                0x0800396c       0xc0 ./Middlewares/Third_Party/FreeRTOS/Source/tasks.o
                0x0800396c                xTaskCreateStatic
 .text.xTaskCreate
                0x08003a2c       0x8a ./Middlewares/Third_Party/FreeRTOS/Source/tasks.o
                0x08003a2c                xTaskCreate
 *fill*         0x08003ab6        0x2 
 .text.prvInitialiseNewTask
                0x08003ab8      0x140 ./Middlewares/Third_Party/FreeRTOS/Source/tasks.o
 .text.prvAddNewTaskToReadyList
                0x08003bf8       0xd4 ./Middlewares/Third_Party/FreeRTOS/Source/tasks.o
 .text.vTaskDelay
                0x08003ccc       0x6c ./Middlewares/Third_Party/FreeRTOS/Source/tasks.o
                0x08003ccc                vTaskDelay
 .text.vTaskStartScheduler
                0x08003d38       0xd4 ./Middlewares/Third_Party/FreeRTOS/Source/tasks.o
                0x08003d38                vTaskStartScheduler
 .text.vTaskSuspendAll
                0x08003e0c       0x1c ./Middlewares/Third_Party/FreeRTOS/Source/tasks.o
                0x08003e0c                vTaskSuspendAll
 .text.xTaskResumeAll
                0x08003e28      0x13c ./Middlewares/Third_Party/FreeRTOS/Source/tasks.o
                0x08003e28                xTaskResumeAll
 .text.xTaskIncrementTick
                0x08003f64      0x174 ./Middlewares/Third_Party/FreeRTOS/Source/tasks.o
                0x08003f64                xTaskIncrementTick
 .text.vTaskSwitchContext
                0x080040d8       0xc8 ./Middlewares/Third_Party/FreeRTOS/Source/tasks.o
                0x080040d8                vTaskSwitchContext
 .text.prvIdleTask
                0x080041a0       0x30 ./Middlewares/Third_Party/FreeRTOS/Source/tasks.o
 .text.prvInitialiseTaskLists
                0x080041d0       0x80 ./Middlewares/Third_Party/FreeRTOS/Source/tasks.o
 .text.prvCheckTasksWaitingTermination
                0x08004250       0x5c ./Middlewares/Third_Party/FreeRTOS/Source/tasks.o
 .text.prvDeleteTCB
                0x080042ac       0x6a ./Middlewares/Third_Party/FreeRTOS/Source/tasks.o
 *fill*         0x08004316        0x2 
 .text.prvResetNextTaskUnblockTime
                0x08004318       0x40 ./Middlewares/Third_Party/FreeRTOS/Source/tasks.o
 .text.prvAddCurrentTaskToDelayedList
                0x08004358       0xcc ./Middlewares/Third_Party/FreeRTOS/Source/tasks.o
 .text.pxPortInitialiseStack
                0x08004424       0x68 ./Middlewares/Third_Party/FreeRTOS/Source/portable/GCC/ARM_CM4F/port.o
                0x08004424                pxPortInitialiseStack
 .text.prvTaskExitError
                0x0800448c       0x5c ./Middlewares/Third_Party/FreeRTOS/Source/portable/GCC/ARM_CM4F/port.o
 *fill*         0x080044e8        0x8 
 .text.SVC_Handler
                0x080044f0       0x28 ./Middlewares/Third_Party/FreeRTOS/Source/portable/GCC/ARM_CM4F/port.o
                0x080044f0                SVC_Handler
 .text.prvPortStartFirstTask
                0x08004518       0x28 ./Middlewares/Third_Party/FreeRTOS/Source/portable/GCC/ARM_CM4F/port.o
 .text.xPortStartScheduler
                0x08004540      0x148 ./Middlewares/Third_Party/FreeRTOS/Source/portable/GCC/ARM_CM4F/port.o
                0x08004540                xPortStartScheduler
 .text.vPortEnterCritical
                0x08004688       0x64 ./Middlewares/Third_Party/FreeRTOS/Source/portable/GCC/ARM_CM4F/port.o
                0x08004688                vPortEnterCritical
 .text.vPortExitCritical
                0x080046ec       0x54 ./Middlewares/Third_Party/FreeRTOS/Source/portable/GCC/ARM_CM4F/port.o
                0x080046ec                vPortExitCritical
 .text.PendSV_Handler
                0x08004740       0x68 ./Middlewares/Third_Party/FreeRTOS/Source/portable/GCC/ARM_CM4F/port.o
                0x08004740                PendSV_Handler
 .text.SysTick_Handler
                0x080047a8       0x44 ./Middlewares/Third_Party/FreeRTOS/Source/portable/GCC/ARM_CM4F/port.o
                0x080047a8                SysTick_Handler
 .text.vPortSetupTimerInterrupt
                0x080047ec       0x48 ./Middlewares/Third_Party/FreeRTOS/Source/portable/GCC/ARM_CM4F/port.o
                0x080047ec                vPortSetupTimerInterrupt
 .text.vPortEnableVFP
                0x08004834       0x14 ./Middlewares/Third_Party/FreeRTOS/Source/portable/GCC/ARM_CM4F/port.o
 .text.pvPortMalloc
                0x08004848      0x19c ./Middlewares/Third_Party/FreeRTOS/Source/portable/MemMang/heap_4.o
                0x08004848                pvPortMalloc
 .text.vPortFree
                0x080049e4       0xc8 ./Middlewares/Third_Party/FreeRTOS/Source/portable/MemMang/heap_4.o
                0x080049e4                vPortFree
 .text.prvHeapInit
                0x08004aac       0xc4 ./Middlewares/Third_Party/FreeRTOS/Source/portable/MemMang/heap_4.o
 .text.prvInsertBlockIntoFreeList
                0x08004b70       0xb4 ./Middlewares/Third_Party/FreeRTOS/Source/portable/MemMang/heap_4.o
 .text.memset   0x08004c24       0x10 C:/ST/STM32CubeIDE_1.15.1/STM32CubeIDE/plugins/com.st.stm32cube.ide.mcu.externaltools.gnu-tools-for-stm32.12.3.rel1.win32_1.0.100.202403111256/tools/bin/../lib/gcc/arm-none-eabi/12.3.1/../../../../arm-none-eabi/lib/thumb/v7e-m+fp/hard\libc_nano.a(libc_a-memset.o)
                0x08004c24                memset
 .text._reclaim_reent
                0x08004c34       0xac C:/ST/STM32CubeIDE_1.15.1/STM32CubeIDE/plugins/com.st.stm32cube.ide.mcu.externaltools.gnu-tools-for-stm32.12.3.rel1.win32_1.0.100.202403111256/tools/bin/../lib/gcc/arm-none-eabi/12.3.1/../../../../arm-none-eabi/lib/thumb/v7e-m+fp/hard\libc_nano.a(libc_a-reent.o)
                0x08004c34                _reclaim_reent
 .text.__libc_init_array
                0x08004ce0       0x48 C:/ST/STM32CubeIDE_1.15.1/STM32CubeIDE/plugins/com.st.stm32cube.ide.mcu.externaltools.gnu-tools-for-stm32.12.3.rel1.win32_1.0.100.202403111256/tools/bin/../lib/gcc/arm-none-eabi/12.3.1/../../../../arm-none-eabi/lib/thumb/v7e-m+fp/hard\libc_nano.a(libc_a-init.o)
                0x08004ce0                __libc_init_array
 .text.__retarget_lock_acquire_recursive
                0x08004d28        0x2 C:/ST/STM32CubeIDE_1.15.1/STM32CubeIDE/plugins/com.st.stm32cube.ide.mcu.externaltools.gnu-tools-for-stm32.12.3.rel1.win32_1.0.100.202403111256/tools/bin/../lib/gcc/arm-none-eabi/12.3.1/../../../../arm-none-eabi/lib/thumb/v7e-m+fp/hard\libc_nano.a(libc_a-lock.o)
                0x08004d28                __retarget_lock_acquire_recursive
 .text.__retarget_lock_release_recursive
                0x08004d2a        0x2 C:/ST/STM32CubeIDE_1.15.1/STM32CubeIDE/plugins/com.st.stm32cube.ide.mcu.externaltools.gnu-tools-for-stm32.12.3.rel1.win32_1.0.100.202403111256/tools/bin/../lib/gcc/arm-none-eabi/12.3.1/../../../../arm-none-eabi/lib/thumb/v7e-m+fp/hard\libc_nano.a(libc_a-lock.o)
                0x08004d2a                __retarget_lock_release_recursive
 .text._free_r  0x08004d2c       0x94 C:/ST/STM32CubeIDE_1.15.1/STM32CubeIDE/plugins/com.st.stm32cube.ide.mcu.externaltools.gnu-tools-for-stm32.12.3.rel1.win32_1.0.100.202403111256/tools/bin/../lib/gcc/arm-none-eabi/12.3.1/../../../../arm-none-eabi/lib/thumb/v7e-m+fp/hard\libc_nano.a(libc_a-freer.o)
                0x08004d2c                _free_r
 .text.__malloc_lock
                0x08004dc0        0xc C:/ST/STM32CubeIDE_1.15.1/STM32CubeIDE/plugins/com.st.stm32cube.ide.mcu.externaltools.gnu-tools-for-stm32.12.3.rel1.win32_1.0.100.202403111256/tools/bin/../lib/gcc/arm-none-eabi/12.3.1/../../../../arm-none-eabi/lib/thumb/v7e-m+fp/hard\libc_nano.a(libc_a-mlock.o)
                0x08004dc0                __malloc_lock
 .text.__malloc_unlock
                0x08004dcc        0xc C:/ST/STM32CubeIDE_1.15.1/STM32CubeIDE/plugins/com.st.stm32cube.ide.mcu.externaltools.gnu-tools-for-stm32.12.3.rel1.win32_1.0.100.202403111256/tools/bin/../lib/gcc/arm-none-eabi/12.3.1/../../../../arm-none-eabi/lib/thumb/v7e-m+fp/hard\libc_nano.a(libc_a-mlock.o)
                0x08004dcc                __malloc_unlock
 *(.glue_7)
 .glue_7        0x08004dd8        0x0 linker stubs
 *(.glue_7t)
 .glue_7t       0x08004dd8        0x0 linker stubs
 *(.eh_frame)
 .eh_frame      0x08004dd8        0x0 C:/ST/STM32CubeIDE_1.15.1/STM32CubeIDE/plugins/com.st.stm32cube.ide.mcu.externaltools.gnu-tools-for-stm32.12.3.rel1.win32_1.0.100.202403111256/tools/bin/../lib/gcc/arm-none-eabi/12.3.1/thumb/v7e-m+fp/hard/crtbegin.o
 *(.init)
 .init          0x08004dd8        0x4 C:/ST/STM32CubeIDE_1.15.1/STM32CubeIDE/plugins/com.st.stm32cube.ide.mcu.externaltools.gnu-tools-for-stm32.12.3.rel1.win32_1.0.100.202403111256/tools/bin/../lib/gcc/arm-none-eabi/12.3.1/thumb/v7e-m+fp/hard/crti.o
                0x08004dd8                _init
 .init          0x08004ddc        0x8 C:/ST/STM32CubeIDE_1.15.1/STM32CubeIDE/plugins/com.st.stm32cube.ide.mcu.externaltools.gnu-tools-for-stm32.12.3.rel1.win32_1.0.100.202403111256/tools/bin/../lib/gcc/arm-none-eabi/12.3.1/thumb/v7e-m+fp/hard/crtn.o
 *(.fini)
 .fini          0x08004de4        0x4 C:/ST/STM32CubeIDE_1.15.1/STM32CubeIDE/plugins/com.st.stm32cube.ide.mcu.externaltools.gnu-tools-for-stm32.12.3.rel1.win32_1.0.100.202403111256/tools/bin/../lib/gcc/arm-none-eabi/12.3.1/thumb/v7e-m+fp/hard/crti.o
                0x08004de4                _fini
 .fini          0x08004de8        0x8 C:/ST/STM32CubeIDE_1.15.1/STM32CubeIDE/plugins/com.st.stm32cube.ide.mcu.externaltools.gnu-tools-for-stm32.12.3.rel1.win32_1.0.100.202403111256/tools/bin/../lib/gcc/arm-none-eabi/12.3.1/thumb/v7e-m+fp/hard/crtn.o
                0x08004df0                        . = ALIGN (0x4)
                0x08004df0                        _etext = .

.vfp11_veneer   0x08004df0        0x0
 .vfp11_veneer  0x08004df0        0x0 linker stubs

.v4_bx          0x08004df0        0x0
 .v4_bx         0x08004df0        0x0 linker stubs

.iplt           0x08004df0        0x0
 .iplt          0x08004df0        0x0 C:/ST/STM32CubeIDE_1.15.1/STM32CubeIDE/plugins/com.st.stm32cube.ide.mcu.externaltools.gnu-tools-for-stm32.12.3.rel1.win32_1.0.100.202403111256/tools/bin/../lib/gcc/arm-none-eabi/12.3.1/thumb/v7e-m+fp/hard/crtbegin.o

.rodata         0x08004df0       0xa0
                0x08004df0                        . = ALIGN (0x4)
 *(.rodata)
 .rodata        0x08004df0       0x50 ./Core/Src/main.o
 .rodata        0x08004e40        0x5 ./Middlewares/Third_Party/FreeRTOS/Source/tasks.o
 *(.rodata*)
 *fill*         0x08004e45        0x3 
 .rodata.AHBPrescTable
                0x08004e48       0x10 ./Core/Src/system_stm32l4xx.o
                0x08004e48                AHBPrescTable
 .rodata.APBPrescTable
                0x08004e58        0x8 ./Core/Src/system_stm32l4xx.o
                0x08004e58                APBPrescTable
 .rodata.MSIRangeTable
                0x08004e60       0x30 ./Core/Src/system_stm32l4xx.o
                0x08004e60                MSIRangeTable
                0x08004e90                        . = ALIGN (0x4)

.ARM.extab      0x08004e90        0x0
                0x08004e90                        . = ALIGN (0x4)
 *(.ARM.extab* .gnu.linkonce.armextab.*)
                0x08004e90                        . = ALIGN (0x4)

.ARM            0x08004e90        0x8
                0x08004e90                        . = ALIGN (0x4)
                0x08004e90                        __exidx_start = .
 *(.ARM.exidx*)
 .ARM.exidx     0x08004e90        0x8 C:/ST/STM32CubeIDE_1.15.1/STM32CubeIDE/plugins/com.st.stm32cube.ide.mcu.externaltools.gnu-tools-for-stm32.12.3.rel1.win32_1.0.100.202403111256/tools/bin/../lib/gcc/arm-none-eabi/12.3.1/thumb/v7e-m+fp/hard\libgcc.a(_udivmoddi4.o)
                0x08004e98                        __exidx_end = .
                0x08004e98                        . = ALIGN (0x4)

.preinit_array  0x08004e98        0x0
                0x08004e98                        . = ALIGN (0x4)
                0x08004e98                        PROVIDE (__preinit_array_start = .)
 *(.preinit_array*)
                0x08004e98                        PROVIDE (__preinit_array_end = .)
                0x08004e98                        . = ALIGN (0x4)

.init_array     0x08004e98        0x4
                0x08004e98                        . = ALIGN (0x4)
                0x08004e98                        PROVIDE (__init_array_start = .)
 *(SORT_BY_NAME(.init_array.*))
 *(.init_array*)
 .init_array    0x08004e98        0x4 C:/ST/STM32CubeIDE_1.15.1/STM32CubeIDE/plugins/com.st.stm32cube.ide.mcu.externaltools.gnu-tools-for-stm32.12.3.rel1.win32_1.0.100.202403111256/tools/bin/../lib/gcc/arm-none-eabi/12.3.1/thumb/v7e-m+fp/hard/crtbegin.o
                0x08004e9c                        PROVIDE (__init_array_end = .)
                0x08004e9c                        . = ALIGN (0x4)

.fini_array     0x08004e9c        0x4
                0x08004e9c                        . = ALIGN (0x4)
                [!provide]                        PROVIDE (__fini_array_start = .)
 *(SORT_BY_NAME(.fini_array.*))
 *(.fini_array*)
 .fini_array    0x08004e9c        0x4 C:/ST/STM32CubeIDE_1.15.1/STM32CubeIDE/plugins/com.st.stm32cube.ide.mcu.externaltools.gnu-tools-for-stm32.12.3.rel1.win32_1.0.100.202403111256/tools/bin/../lib/gcc/arm-none-eabi/12.3.1/thumb/v7e-m+fp/hard/crtbegin.o
                [!provide]                        PROVIDE (__fini_array_end = .)
                0x08004ea0                        . = ALIGN (0x4)
                0x08004ea0                        _sidata = LOADADDR (.data)

.rel.dyn        0x08004ea0        0x0
 .rel.iplt      0x08004ea0        0x0 C:/ST/STM32CubeIDE_1.15.1/STM32CubeIDE/plugins/com.st.stm32cube.ide.mcu.externaltools.gnu-tools-for-stm32.12.3.rel1.win32_1.0.100.202403111256/tools/bin/../lib/gcc/arm-none-eabi/12.3.1/thumb/v7e-m+fp/hard/crtbegin.o

.data           0x20000000       0x60 load address 0x08004ea0
                0x20000000                        . = ALIGN (0x4)
                0x20000000                        _sdata = .
 *(.data)
 *(.data*)
 .data.SystemCoreClock
                0x20000000        0x4 ./Core/Src/system_stm32l4xx.o
                0x20000000                SystemCoreClock
 .data.uwTickPrio
                0x20000004        0x4 ./Drivers/STM32L4xx_HAL_Driver/Src/stm32l4xx_hal.o
                0x20000004                uwTickPrio
 .data.uwTickFreq
                0x20000008        0x1 ./Drivers/STM32L4xx_HAL_Driver/Src/stm32l4xx_hal.o
                0x20000008                uwTickFreq
 *fill*         0x20000009        0x3 
 .data.uxCriticalNesting
                0x2000000c        0x4 ./Middlewares/Third_Party/FreeRTOS/Source/portable/GCC/ARM_CM4F/port.o
 .data._impure_ptr
                0x20000010        0x4 C:/ST/STM32CubeIDE_1.15.1/STM32CubeIDE/plugins/com.st.stm32cube.ide.mcu.externaltools.gnu-tools-for-stm32.12.3.rel1.win32_1.0.100.202403111256/tools/bin/../lib/gcc/arm-none-eabi/12.3.1/../../../../arm-none-eabi/lib/thumb/v7e-m+fp/hard\libc_nano.a(libc_a-impure.o)
                0x20000010                _impure_ptr
 .data._impure_data
                0x20000014       0x4c C:/ST/STM32CubeIDE_1.15.1/STM32CubeIDE/plugins/com.st.stm32cube.ide.mcu.externaltools.gnu-tools-for-stm32.12.3.rel1.win32_1.0.100.202403111256/tools/bin/../lib/gcc/arm-none-eabi/12.3.1/../../../../arm-none-eabi/lib/thumb/v7e-m+fp/hard\libc_nano.a(libc_a-impure.o)
                0x20000014                _impure_data
 *(.RamFunc)
 *(.RamFunc*)
                0x20000060                        . = ALIGN (0x4)
                0x20000060                        _edata = .

.igot.plt       0x20000060        0x0 load address 0x08004f00
 .igot.plt      0x20000060        0x0 C:/ST/STM32CubeIDE_1.15.1/STM32CubeIDE/plugins/com.st.stm32cube.ide.mcu.externaltools.gnu-tools-for-stm32.12.3.rel1.win32_1.0.100.202403111256/tools/bin/../lib/gcc/arm-none-eabi/12.3.1/thumb/v7e-m+fp/hard/crtbegin.o
                0x20000060                        . = ALIGN (0x4)

.bss            0x20000060     0x11e8 load address 0x08004f00
                0x20000060                        _sbss = .
                0x20000060                        __bss_start__ = _sbss
 *(.bss)
 .bss           0x20000060       0x1c C:/ST/STM32CubeIDE_1.15.1/STM32CubeIDE/plugins/com.st.stm32cube.ide.mcu.externaltools.gnu-tools-for-stm32.12.3.rel1.win32_1.0.100.202403111256/tools/bin/../lib/gcc/arm-none-eabi/12.3.1/thumb/v7e-m+fp/hard/crtbegin.o
 *(.bss*)
 .bss.xIdleTaskTCBBuffer
                0x2000007c       0xa0 ./Core/Src/freertos.o
 .bss.xIdleStack
                0x2000011c      0x200 ./Core/Src/freertos.o
 .bss.huart2    0x2000031c       0x88 ./Core/Src/main.o
                0x2000031c                huart2
 .bss.LEDTask1Handle
                0x200003a4        0x4 ./Core/Src/main.o
                0x200003a4                LEDTask1Handle
 .bss.LEDTask2Handle
                0x200003a8        0x4 ./Core/Src/main.o
                0x200003a8                LEDTask2Handle
 .bss.htim1     0x200003ac       0x4c ./Core/Src/stm32l4xx_hal_timebase_tim.o
                0x200003ac                htim1
 .bss.uwTick    0x200003f8        0x4 ./Drivers/STM32L4xx_HAL_Driver/Src/stm32l4xx_hal.o
                0x200003f8                uwTick
 .bss.pxCurrentTCB
                0x200003fc        0x4 ./Middlewares/Third_Party/FreeRTOS/Source/tasks.o
                0x200003fc                pxCurrentTCB
 .bss.pxReadyTasksLists
                0x20000400       0x8c ./Middlewares/Third_Party/FreeRTOS/Source/tasks.o
 .bss.xDelayedTaskList1
                0x2000048c       0x14 ./Middlewares/Third_Party/FreeRTOS/Source/tasks.o
 .bss.xDelayedTaskList2
                0x200004a0       0x14 ./Middlewares/Third_Party/FreeRTOS/Source/tasks.o
 .bss.pxDelayedTaskList
                0x200004b4        0x4 ./Middlewares/Third_Party/FreeRTOS/Source/tasks.o
 .bss.pxOverflowDelayedTaskList
                0x200004b8        0x4 ./Middlewares/Third_Party/FreeRTOS/Source/tasks.o
 .bss.xPendingReadyList
                0x200004bc       0x14 ./Middlewares/Third_Party/FreeRTOS/Source/tasks.o
 .bss.xTasksWaitingTermination
                0x200004d0       0x14 ./Middlewares/Third_Party/FreeRTOS/Source/tasks.o
 .bss.uxDeletedTasksWaitingCleanUp
                0x200004e4        0x4 ./Middlewares/Third_Party/FreeRTOS/Source/tasks.o
 .bss.xSuspendedTaskList
                0x200004e8       0x14 ./Middlewares/Third_Party/FreeRTOS/Source/tasks.o
 .bss.uxCurrentNumberOfTasks
                0x200004fc        0x4 ./Middlewares/Third_Party/FreeRTOS/Source/tasks.o
 .bss.xTickCount
                0x20000500        0x4 ./Middlewares/Third_Party/FreeRTOS/Source/tasks.o
 .bss.uxTopReadyPriority
                0x20000504        0x4 ./Middlewares/Third_Party/FreeRTOS/Source/tasks.o
 .bss.xSchedulerRunning
                0x20000508        0x4 ./Middlewares/Third_Party/FreeRTOS/Source/tasks.o
 .bss.xPendedTicks
                0x2000050c        0x4 ./Middlewares/Third_Party/FreeRTOS/Source/tasks.o
 .bss.xYieldPending
                0x20000510        0x4 ./Middlewares/Third_Party/FreeRTOS/Source/tasks.o
 .bss.xNumOfOverflows
                0x20000514        0x4 ./Middlewares/Third_Party/FreeRTOS/Source/tasks.o
 .bss.uxTaskNumber
                0x20000518        0x4 ./Middlewares/Third_Party/FreeRTOS/Source/tasks.o
 .bss.xNextTaskUnblockTime
                0x2000051c        0x4 ./Middlewares/Third_Party/FreeRTOS/Source/tasks.o
 .bss.xIdleTaskHandle
                0x20000520        0x4 ./Middlewares/Third_Party/FreeRTOS/Source/tasks.o
 .bss.uxSchedulerSuspended
                0x20000524        0x4 ./Middlewares/Third_Party/FreeRTOS/Source/tasks.o
 .bss.ucMaxSysCallPriority
                0x20000528        0x1 ./Middlewares/Third_Party/FreeRTOS/Source/portable/GCC/ARM_CM4F/port.o
 *fill*         0x20000529        0x3 
 .bss.ulMaxPRIGROUPValue
                0x2000052c        0x4 ./Middlewares/Third_Party/FreeRTOS/Source/portable/GCC/ARM_CM4F/port.o
 .bss.ucHeap    0x20000530      0xbb8 ./Middlewares/Third_Party/FreeRTOS/Source/portable/MemMang/heap_4.o
 .bss.xStart    0x200010e8        0x8 ./Middlewares/Third_Party/FreeRTOS/Source/portable/MemMang/heap_4.o
 .bss.pxEnd     0x200010f0        0x4 ./Middlewares/Third_Party/FreeRTOS/Source/portable/MemMang/heap_4.o
 .bss.xFreeBytesRemaining
                0x200010f4        0x4 ./Middlewares/Third_Party/FreeRTOS/Source/portable/MemMang/heap_4.o
 .bss.xMinimumEverFreeBytesRemaining
                0x200010f8        0x4 ./Middlewares/Third_Party/FreeRTOS/Source/portable/MemMang/heap_4.o
 .bss.xNumberOfSuccessfulAllocations
                0x200010fc        0x4 ./Middlewares/Third_Party/FreeRTOS/Source/portable/MemMang/heap_4.o
 .bss.xNumberOfSuccessfulFrees
                0x20001100        0x4 ./Middlewares/Third_Party/FreeRTOS/Source/portable/MemMang/heap_4.o
 .bss.xBlockAllocatedBit
                0x20001104        0x4 ./Middlewares/Third_Party/FreeRTOS/Source/portable/MemMang/heap_4.o
 .bss.__sf      0x20001108      0x138 C:/ST/STM32CubeIDE_1.15.1/STM32CubeIDE/plugins/com.st.stm32cube.ide.mcu.externaltools.gnu-tools-for-stm32.12.3.rel1.win32_1.0.100.202403111256/tools/bin/../lib/gcc/arm-none-eabi/12.3.1/../../../../arm-none-eabi/lib/thumb/v7e-m+fp/hard\libc_nano.a(libc_a-findfp.o)
                0x20001108                __sf
 .bss.__lock___malloc_recursive_mutex
                0x20001240        0x1 C:/ST/STM32CubeIDE_1.15.1/STM32CubeIDE/plugins/com.st.stm32cube.ide.mcu.externaltools.gnu-tools-for-stm32.12.3.rel1.win32_1.0.100.202403111256/tools/bin/../lib/gcc/arm-none-eabi/12.3.1/../../../../arm-none-eabi/lib/thumb/v7e-m+fp/hard\libc_nano.a(libc_a-lock.o)
                0x20001240                __lock___malloc_recursive_mutex
 *fill*         0x20001241        0x3 
 .bss.__malloc_free_list
                0x20001244        0x4 C:/ST/STM32CubeIDE_1.15.1/STM32CubeIDE/plugins/com.st.stm32cube.ide.mcu.externaltools.gnu-tools-for-stm32.12.3.rel1.win32_1.0.100.202403111256/tools/bin/../lib/gcc/arm-none-eabi/12.3.1/../../../../arm-none-eabi/lib/thumb/v7e-m+fp/hard\libc_nano.a(libc_a-mallocr.o)
                0x20001244                __malloc_free_list
 *(COMMON)
                0x20001248                        . = ALIGN (0x4)
                0x20001248                        _ebss = .
                0x20001248                        __bss_end__ = _ebss

._user_heap_stack
                0x20001248      0x600 load address 0x08004f00
                0x20001248                        . = ALIGN (0x8)
                [!provide]                        PROVIDE (end = .)
                0x20001248                        PROVIDE (_end = .)
                0x20001448                        . = (. + _Min_Heap_Size)
 *fill*         0x20001248      0x200 
                0x20001848                        . = (. + _Min_Stack_Size)
 *fill*         0x20001448      0x400 
                0x20001848                        . = ALIGN (0x8)

/DISCARD/
 libc.a(*)
 libm.a(*)
 libgcc.a(*)

.ARM.attributes
                0x00000000       0x30
 *(.ARM.attributes)
 .ARM.attributes
                0x00000000       0x22 C:/ST/STM32CubeIDE_1.15.1/STM32CubeIDE/plugins/com.st.stm32cube.ide.mcu.externaltools.gnu-tools-for-stm32.12.3.rel1.win32_1.0.100.202403111256/tools/bin/../lib/gcc/arm-none-eabi/12.3.1/thumb/v7e-m+fp/hard/crti.o
 .ARM.attributes
                0x00000022       0x34 C:/ST/STM32CubeIDE_1.15.1/STM32CubeIDE/plugins/com.st.stm32cube.ide.mcu.externaltools.gnu-tools-for-stm32.12.3.rel1.win32_1.0.100.202403111256/tools/bin/../lib/gcc/arm-none-eabi/12.3.1/thumb/v7e-m+fp/hard/crtbegin.o
 .ARM.attributes
                0x00000056       0x34 ./Core/Src/freertos.o
 .ARM.attributes
                0x0000008a       0x34 ./Core/Src/main.o
 .ARM.attributes
                0x000000be       0x34 ./Core/Src/stm32l4xx_hal_msp.o
 .ARM.attributes
                0x000000f2       0x34 ./Core/Src/stm32l4xx_hal_timebase_tim.o
 .ARM.attributes
                0x00000126       0x34 ./Core/Src/stm32l4xx_it.o
 .ARM.attributes
                0x0000015a       0x34 ./Core/Src/system_stm32l4xx.o
 .ARM.attributes
                0x0000018e       0x21 ./Core/Startup/startup_stm32l476rgtx.o
 .ARM.attributes
                0x000001af       0x34 ./Drivers/STM32L4xx_HAL_Driver/Src/stm32l4xx_hal.o
 .ARM.attributes
                0x000001e3       0x34 ./Drivers/STM32L4xx_HAL_Driver/Src/stm32l4xx_hal_cortex.o
 .ARM.attributes
                0x00000217       0x34 ./Drivers/STM32L4xx_HAL_Driver/Src/stm32l4xx_hal_gpio.o
 .ARM.attributes
                0x0000024b       0x34 ./Drivers/STM32L4xx_HAL_Driver/Src/stm32l4xx_hal_pwr_ex.o
 .ARM.attributes
                0x0000027f       0x34 ./Drivers/STM32L4xx_HAL_Driver/Src/stm32l4xx_hal_rcc.o
 .ARM.attributes
                0x000002b3       0x34 ./Drivers/STM32L4xx_HAL_Driver/Src/stm32l4xx_hal_rcc_ex.o
 .ARM.attributes
                0x000002e7       0x34 ./Drivers/STM32L4xx_HAL_Driver/Src/stm32l4xx_hal_tim.o
 .ARM.attributes
                0x0000031b       0x34 ./Drivers/STM32L4xx_HAL_Driver/Src/stm32l4xx_hal_tim_ex.o
 .ARM.attributes
                0x0000034f       0x34 ./Drivers/STM32L4xx_HAL_Driver/Src/stm32l4xx_hal_uart.o
 .ARM.attributes
                0x00000383       0x34 ./Middlewares/Third_Party/FreeRTOS/Source/CMSIS_RTOS/cmsis_os.o
 .ARM.attributes
                0x000003b7       0x34 ./Middlewares/Third_Party/FreeRTOS/Source/list.o
 .ARM.attributes
                0x000003eb       0x34 ./Middlewares/Third_Party/FreeRTOS/Source/tasks.o
 .ARM.attributes
                0x0000041f       0x34 ./Middlewares/Third_Party/FreeRTOS/Source/portable/GCC/ARM_CM4F/port.o
 .ARM.attributes
                0x00000453       0x34 ./Middlewares/Third_Party/FreeRTOS/Source/portable/MemMang/heap_4.o
 .ARM.attributes
                0x00000487       0x34 C:/ST/STM32CubeIDE_1.15.1/STM32CubeIDE/plugins/com.st.stm32cube.ide.mcu.externaltools.gnu-tools-for-stm32.12.3.rel1.win32_1.0.100.202403111256/tools/bin/../lib/gcc/arm-none-eabi/12.3.1/../../../../arm-none-eabi/lib/thumb/v7e-m+fp/hard\libc_nano.a(libc_a-findfp.o)
 .ARM.attributes
                0x000004bb       0x34 C:/ST/STM32CubeIDE_1.15.1/STM32CubeIDE/plugins/com.st.stm32cube.ide.mcu.externaltools.gnu-tools-for-stm32.12.3.rel1.win32_1.0.100.202403111256/tools/bin/../lib/gcc/arm-none-eabi/12.3.1/../../../../arm-none-eabi/lib/thumb/v7e-m+fp/hard\libc_nano.a(libc_a-memset.o)
 .ARM.attributes
                0x000004ef       0x34 C:/ST/STM32CubeIDE_1.15.1/STM32CubeIDE/plugins/com.st.stm32cube.ide.mcu.externaltools.gnu-tools-for-stm32.12.3.rel1.win32_1.0.100.202403111256/tools/bin/../lib/gcc/arm-none-eabi/12.3.1/../../../../arm-none-eabi/lib/thumb/v7e-m+fp/hard\libc_nano.a(libc_a-reent.o)
 .ARM.attributes
                0x00000523       0x34 C:/ST/STM32CubeIDE_1.15.1/STM32CubeIDE/plugins/com.st.stm32cube.ide.mcu.externaltools.gnu-tools-for-stm32.12.3.rel1.win32_1.0.100.202403111256/tools/bin/../lib/gcc/arm-none-eabi/12.3.1/../../../../arm-none-eabi/lib/thumb/v7e-m+fp/hard\libc_nano.a(libc_a-impure.o)
 .ARM.attributes
                0x00000557       0x34 C:/ST/STM32CubeIDE_1.15.1/STM32CubeIDE/plugins/com.st.stm32cube.ide.mcu.externaltools.gnu-tools-for-stm32.12.3.rel1.win32_1.0.100.202403111256/tools/bin/../lib/gcc/arm-none-eabi/12.3.1/../../../../arm-none-eabi/lib/thumb/v7e-m+fp/hard\libc_nano.a(libc_a-init.o)
 .ARM.attributes
                0x0000058b       0x34 C:/ST/STM32CubeIDE_1.15.1/STM32CubeIDE/plugins/com.st.stm32cube.ide.mcu.externaltools.gnu-tools-for-stm32.12.3.rel1.win32_1.0.100.202403111256/tools/bin/../lib/gcc/arm-none-eabi/12.3.1/../../../../arm-none-eabi/lib/thumb/v7e-m+fp/hard\libc_nano.a(libc_a-lock.o)
 .ARM.attributes
                0x000005bf       0x34 C:/ST/STM32CubeIDE_1.15.1/STM32CubeIDE/plugins/com.st.stm32cube.ide.mcu.externaltools.gnu-tools-for-stm32.12.3.rel1.win32_1.0.100.202403111256/tools/bin/../lib/gcc/arm-none-eabi/12.3.1/../../../../arm-none-eabi/lib/thumb/v7e-m+fp/hard\libc_nano.a(libc_a-freer.o)
 .ARM.attributes
                0x000005f3       0x34 C:/ST/STM32CubeIDE_1.15.1/STM32CubeIDE/plugins/com.st.stm32cube.ide.mcu.externaltools.gnu-tools-for-stm32.12.3.rel1.win32_1.0.100.202403111256/tools/bin/../lib/gcc/arm-none-eabi/12.3.1/../../../../arm-none-eabi/lib/thumb/v7e-m+fp/hard\libc_nano.a(libc_a-mallocr.o)
 .ARM.attributes
                0x00000627       0x34 C:/ST/STM32CubeIDE_1.15.1/STM32CubeIDE/plugins/com.st.stm32cube.ide.mcu.externaltools.gnu-tools-for-stm32.12.3.rel1.win32_1.0.100.202403111256/tools/bin/../lib/gcc/arm-none-eabi/12.3.1/../../../../arm-none-eabi/lib/thumb/v7e-m+fp/hard\libc_nano.a(libc_a-mlock.o)
 .ARM.attributes
                0x0000065b       0x22 C:/ST/STM32CubeIDE_1.15.1/STM32CubeIDE/plugins/com.st.stm32cube.ide.mcu.externaltools.gnu-tools-for-stm32.12.3.rel1.win32_1.0.100.202403111256/tools/bin/../lib/gcc/arm-none-eabi/12.3.1/thumb/v7e-m+fp/hard\libgcc.a(_aeabi_uldivmod.o)
 .ARM.attributes
                0x0000067d       0x34 C:/ST/STM32CubeIDE_1.15.1/STM32CubeIDE/plugins/com.st.stm32cube.ide.mcu.externaltools.gnu-tools-for-stm32.12.3.rel1.win32_1.0.100.202403111256/tools/bin/../lib/gcc/arm-none-eabi/12.3.1/thumb/v7e-m+fp/hard\libgcc.a(_udivmoddi4.o)
 .ARM.attributes
                0x000006b1       0x22 C:/ST/STM32CubeIDE_1.15.1/STM32CubeIDE/plugins/com.st.stm32cube.ide.mcu.externaltools.gnu-tools-for-stm32.12.3.rel1.win32_1.0.100.202403111256/tools/bin/../lib/gcc/arm-none-eabi/12.3.1/thumb/v7e-m+fp/hard\libgcc.a(_dvmd_tls.o)
 .ARM.attributes
                0x000006d3       0x22 C:/ST/STM32CubeIDE_1.15.1/STM32CubeIDE/plugins/com.st.stm32cube.ide.mcu.externaltools.gnu-tools-for-stm32.12.3.rel1.win32_1.0.100.202403111256/tools/bin/../lib/gcc/arm-none-eabi/12.3.1/thumb/v7e-m+fp/hard/crtn.o
OUTPUT(lab2.elf elf32-littlearm)
LOAD linker stubs
LOAD C:/ST/STM32CubeIDE_1.15.1/STM32CubeIDE/plugins/com.st.stm32cube.ide.mcu.externaltools.gnu-tools-for-stm32.12.3.rel1.win32_1.0.100.202403111256/tools/bin/../lib/gcc/arm-none-eabi/12.3.1/../../../../arm-none-eabi/lib/thumb/v7e-m+fp/hard\libc.a
LOAD C:/ST/STM32CubeIDE_1.15.1/STM32CubeIDE/plugins/com.st.stm32cube.ide.mcu.externaltools.gnu-tools-for-stm32.12.3.rel1.win32_1.0.100.202403111256/tools/bin/../lib/gcc/arm-none-eabi/12.3.1/../../../../arm-none-eabi/lib/thumb/v7e-m+fp/hard\libm.a
LOAD C:/ST/STM32CubeIDE_1.15.1/STM32CubeIDE/plugins/com.st.stm32cube.ide.mcu.externaltools.gnu-tools-for-stm32.12.3.rel1.win32_1.0.100.202403111256/tools/bin/../lib/gcc/arm-none-eabi/12.3.1/thumb/v7e-m+fp/hard\libgcc.a

.debug_info     0x00000000    0x1607e
 .debug_info    0x00000000      0x919 ./Core/Src/freertos.o
 .debug_info    0x00000919     0x1ba1 ./Core/Src/main.o
 .debug_info    0x000024ba      0xf7a ./Core/Src/stm32l4xx_hal_msp.o
 .debug_info    0x00003434      0xc71 ./Core/Src/stm32l4xx_hal_timebase_tim.o
 .debug_info    0x000040a5      0x6d1 ./Core/Src/stm32l4xx_it.o
 .debug_info    0x00004776      0x5b1 ./Core/Src/system_stm32l4xx.o
 .debug_info    0x00004d27       0x30 ./Core/Startup/startup_stm32l476rgtx.o
 .debug_info    0x00004d57      0xc09 ./Drivers/STM32L4xx_HAL_Driver/Src/stm32l4xx_hal.o
 .debug_info    0x00005960      0xd81 ./Drivers/STM32L4xx_HAL_Driver/Src/stm32l4xx_hal_cortex.o
 .debug_info    0x000066e1      0x757 ./Drivers/STM32L4xx_HAL_Driver/Src/stm32l4xx_hal_gpio.o
 .debug_info    0x00006e38      0x99e ./Drivers/STM32L4xx_HAL_Driver/Src/stm32l4xx_hal_pwr_ex.o
 .debug_info    0x000077d6      0xc14 ./Drivers/STM32L4xx_HAL_Driver/Src/stm32l4xx_hal_rcc.o
 .debug_info    0x000083ea      0xe11 ./Drivers/STM32L4xx_HAL_Driver/Src/stm32l4xx_hal_rcc_ex.o
 .debug_info    0x000091fb     0x2a9a ./Drivers/STM32L4xx_HAL_Driver/Src/stm32l4xx_hal_tim.o
 .debug_info    0x0000bc95     0x169e ./Drivers/STM32L4xx_HAL_Driver/Src/stm32l4xx_hal_tim_ex.o
 .debug_info    0x0000d333     0x3b69 ./Drivers/STM32L4xx_HAL_Driver/Src/stm32l4xx_hal_uart.o
 .debug_info    0x00010e9c     0x21e2 ./Middlewares/Third_Party/FreeRTOS/Source/CMSIS_RTOS/cmsis_os.o
 .debug_info    0x0001307e      0x2af ./Middlewares/Third_Party/FreeRTOS/Source/list.o
 .debug_info    0x0001332d     0x239e ./Middlewares/Third_Party/FreeRTOS/Source/tasks.o
 .debug_info    0x000156cb      0x4de ./Middlewares/Third_Party/FreeRTOS/Source/portable/GCC/ARM_CM4F/port.o
 .debug_info    0x00015ba9      0x4d5 ./Middlewares/Third_Party/FreeRTOS/Source/portable/MemMang/heap_4.o

.debug_abbrev   0x00000000     0x2eaa
 .debug_abbrev  0x00000000      0x16f ./Core/Src/freertos.o
 .debug_abbrev  0x0000016f      0x2f0 ./Core/Src/main.o
 .debug_abbrev  0x0000045f      0x1d8 ./Core/Src/stm32l4xx_hal_msp.o
 .debug_abbrev  0x00000637      0x1f4 ./Core/Src/stm32l4xx_hal_timebase_tim.o
 .debug_abbrev  0x0000082b      0x17e ./Core/Src/stm32l4xx_it.o
 .debug_abbrev  0x000009a9      0x11a ./Core/Src/system_stm32l4xx.o
 .debug_abbrev  0x00000ac3       0x24 ./Core/Startup/startup_stm32l476rgtx.o
 .debug_abbrev  0x00000ae7      0x243 ./Drivers/STM32L4xx_HAL_Driver/Src/stm32l4xx_hal.o
 .debug_abbrev  0x00000d2a      0x31c ./Drivers/STM32L4xx_HAL_Driver/Src/stm32l4xx_hal_cortex.o
 .debug_abbrev  0x00001046      0x1cb ./Drivers/STM32L4xx_HAL_Driver/Src/stm32l4xx_hal_gpio.o
 .debug_abbrev  0x00001211      0x1f9 ./Drivers/STM32L4xx_HAL_Driver/Src/stm32l4xx_hal_pwr_ex.o
 .debug_abbrev  0x0000140a      0x2cb ./Drivers/STM32L4xx_HAL_Driver/Src/stm32l4xx_hal_rcc.o
 .debug_abbrev  0x000016d5      0x2a6 ./Drivers/STM32L4xx_HAL_Driver/Src/stm32l4xx_hal_rcc_ex.o
 .debug_abbrev  0x0000197b      0x278 ./Drivers/STM32L4xx_HAL_Driver/Src/stm32l4xx_hal_tim.o
 .debug_abbrev  0x00001bf3      0x283 ./Drivers/STM32L4xx_HAL_Driver/Src/stm32l4xx_hal_tim_ex.o
 .debug_abbrev  0x00001e76      0x2d0 ./Drivers/STM32L4xx_HAL_Driver/Src/stm32l4xx_hal_uart.o
 .debug_abbrev  0x00002146      0x426 ./Middlewares/Third_Party/FreeRTOS/Source/CMSIS_RTOS/cmsis_os.o
 .debug_abbrev  0x0000256c       0xf5 ./Middlewares/Third_Party/FreeRTOS/Source/list.o
 .debug_abbrev  0x00002661      0x3d0 ./Middlewares/Third_Party/FreeRTOS/Source/tasks.o
 .debug_abbrev  0x00002a31      0x25c ./Middlewares/Third_Party/FreeRTOS/Source/portable/GCC/ARM_CM4F/port.o
 .debug_abbrev  0x00002c8d      0x21d ./Middlewares/Third_Party/FreeRTOS/Source/portable/MemMang/heap_4.o

.debug_aranges  0x00000000     0x1308
 .debug_aranges
                0x00000000       0x20 ./Core/Src/freertos.o
 .debug_aranges
                0x00000020       0x58 ./Core/Src/main.o
 .debug_aranges
                0x00000078       0x30 ./Core/Src/stm32l4xx_hal_msp.o
 .debug_aranges
                0x000000a8       0x30 ./Core/Src/stm32l4xx_hal_timebase_tim.o
 .debug_aranges
                0x000000d8       0x50 ./Core/Src/stm32l4xx_it.o
 .debug_aranges
                0x00000128       0x28 ./Core/Src/system_stm32l4xx.o
 .debug_aranges
                0x00000150       0x28 ./Core/Startup/startup_stm32l476rgtx.o
 .debug_aranges
                0x00000178      0x130 ./Drivers/STM32L4xx_HAL_Driver/Src/stm32l4xx_hal.o
 .debug_aranges
                0x000002a8      0x128 ./Drivers/STM32L4xx_HAL_Driver/Src/stm32l4xx_hal_cortex.o
 .debug_aranges
                0x000003d0       0x58 ./Drivers/STM32L4xx_HAL_Driver/Src/stm32l4xx_hal_gpio.o
 .debug_aranges
                0x00000428      0x160 ./Drivers/STM32L4xx_HAL_Driver/Src/stm32l4xx_hal_pwr_ex.o
 .debug_aranges
                0x00000588       0x90 ./Drivers/STM32L4xx_HAL_Driver/Src/stm32l4xx_hal_rcc.o
 .debug_aranges
                0x00000618       0xc0 ./Drivers/STM32L4xx_HAL_Driver/Src/stm32l4xx_hal_rcc_ex.o
 .debug_aranges
                0x000006d8      0x3e0 ./Drivers/STM32L4xx_HAL_Driver/Src/stm32l4xx_hal_tim.o
 .debug_aranges
                0x00000ab8      0x180 ./Drivers/STM32L4xx_HAL_Driver/Src/stm32l4xx_hal_tim_ex.o
 .debug_aranges
                0x00000c38      0x228 ./Drivers/STM32L4xx_HAL_Driver/Src/stm32l4xx_hal_uart.o
 .debug_aranges
                0x00000e60      0x1d8 ./Middlewares/Third_Party/FreeRTOS/Source/CMSIS_RTOS/cmsis_os.o
 .debug_aranges
                0x00001038       0x40 ./Middlewares/Third_Party/FreeRTOS/Source/list.o
 .debug_aranges
                0x00001078      0x1b8 ./Middlewares/Third_Party/FreeRTOS/Source/tasks.o
 .debug_aranges
                0x00001230       0x80 ./Middlewares/Third_Party/FreeRTOS/Source/portable/GCC/ARM_CM4F/port.o
 .debug_aranges
                0x000012b0       0x58 ./Middlewares/Third_Party/FreeRTOS/Source/portable/MemMang/heap_4.o

.debug_rnglists
                0x00000000      0xece
 .debug_rnglists
                0x00000000       0x13 ./Core/Src/freertos.o
 .debug_rnglists
                0x00000013       0x3f ./Core/Src/main.o
 .debug_rnglists
                0x00000052       0x20 ./Core/Src/stm32l4xx_hal_msp.o
 .debug_rnglists
                0x00000072       0x20 ./Core/Src/stm32l4xx_hal_timebase_tim.o
 .debug_rnglists
                0x00000092       0x37 ./Core/Src/stm32l4xx_it.o
 .debug_rnglists
                0x000000c9       0x1a ./Core/Src/system_stm32l4xx.o
 .debug_rnglists
                0x000000e3       0x19 ./Core/Startup/startup_stm32l476rgtx.o
 .debug_rnglists
                0x000000fc       0xdf ./Drivers/STM32L4xx_HAL_Driver/Src/stm32l4xx_hal.o
 .debug_rnglists
                0x000001db       0xda ./Drivers/STM32L4xx_HAL_Driver/Src/stm32l4xx_hal_cortex.o
 .debug_rnglists
                0x000002b5       0x3f ./Drivers/STM32L4xx_HAL_Driver/Src/stm32l4xx_hal_gpio.o
 .debug_rnglists
                0x000002f4      0x109 ./Drivers/STM32L4xx_HAL_Driver/Src/stm32l4xx_hal_pwr_ex.o
 .debug_rnglists
                0x000003fd       0x6d ./Drivers/STM32L4xx_HAL_Driver/Src/stm32l4xx_hal_rcc.o
 .debug_rnglists
                0x0000046a       0x95 ./Drivers/STM32L4xx_HAL_Driver/Src/stm32l4xx_hal_rcc_ex.o
 .debug_rnglists
                0x000004ff      0x328 ./Drivers/STM32L4xx_HAL_Driver/Src/stm32l4xx_hal_tim.o
 .debug_rnglists
                0x00000827      0x139 ./Drivers/STM32L4xx_HAL_Driver/Src/stm32l4xx_hal_tim_ex.o
 .debug_rnglists
                0x00000960      0x1db ./Drivers/STM32L4xx_HAL_Driver/Src/stm32l4xx_hal_uart.o
 .debug_rnglists
                0x00000b3b      0x16a ./Middlewares/Third_Party/FreeRTOS/Source/CMSIS_RTOS/cmsis_os.o
 .debug_rnglists
                0x00000ca5       0x2b ./Middlewares/Third_Party/FreeRTOS/Source/list.o
 .debug_rnglists
                0x00000cd0      0x15f ./Middlewares/Third_Party/FreeRTOS/Source/tasks.o
 .debug_rnglists
                0x00000e2f       0x5d ./Middlewares/Third_Party/FreeRTOS/Source/portable/GCC/ARM_CM4F/port.o
 .debug_rnglists
                0x00000e8c       0x42 ./Middlewares/Third_Party/FreeRTOS/Source/portable/MemMang/heap_4.o

.debug_macro    0x00000000    0x28041
 .debug_macro   0x00000000      0x2d4 ./Core/Src/freertos.o
 .debug_macro   0x000002d4      0xab4 ./Core/Src/freertos.o
 .debug_macro   0x00000d88      0x189 ./Core/Src/freertos.o
 .debug_macro   0x00000f11       0x22 ./Core/Src/freertos.o
 .debug_macro   0x00000f33       0x8e ./Core/Src/freertos.o
 .debug_macro   0x00000fc1       0x51 ./Core/Src/freertos.o
 .debug_macro   0x00001012      0x103 ./Core/Src/freertos.o
 .debug_macro   0x00001115       0x6a ./Core/Src/freertos.o
 .debug_macro   0x0000117f      0x1df ./Core/Src/freertos.o
 .debug_macro   0x0000135e       0xf1 ./Core/Src/freertos.o
 .debug_macro   0x0000144f      0x15a ./Core/Src/freertos.o
 .debug_macro   0x000015a9       0xde ./Core/Src/freertos.o
 .debug_macro   0x00001687       0x1c ./Core/Src/freertos.o
 .debug_macro   0x000016a3       0x26 ./Core/Src/freertos.o
 .debug_macro   0x000016c9       0x61 ./Core/Src/freertos.o
 .debug_macro   0x0000172a       0x2a ./Core/Src/freertos.o
 .debug_macro   0x00001754       0x43 ./Core/Src/freertos.o
 .debug_macro   0x00001797       0x34 ./Core/Src/freertos.o
 .debug_macro   0x000017cb       0x16 ./Core/Src/freertos.o
 .debug_macro   0x000017e1       0x43 ./Core/Src/freertos.o
 .debug_macro   0x00001824       0x34 ./Core/Src/freertos.o
 .debug_macro   0x00001858       0x10 ./Core/Src/freertos.o
 .debug_macro   0x00001868       0x58 ./Core/Src/freertos.o
 .debug_macro   0x000018c0       0x8e ./Core/Src/freertos.o
 .debug_macro   0x0000194e       0x1c ./Core/Src/freertos.o
 .debug_macro   0x0000196a      0x177 ./Core/Src/freertos.o
 .debug_macro   0x00001ae1       0x10 ./Core/Src/freertos.o
 .debug_macro   0x00001af1       0x35 ./Core/Src/freertos.o
 .debug_macro   0x00001b26      0x4fe ./Core/Src/freertos.o
 .debug_macro   0x00002024       0xb5 ./Core/Src/freertos.o
 .debug_macro   0x000020d9       0xaa ./Core/Src/freertos.o
 .debug_macro   0x00002183      0x1a7 ./Core/Src/freertos.o
 .debug_macro   0x0000232a       0x2e ./Core/Src/freertos.o
 .debug_macro   0x00002358       0x28 ./Core/Src/freertos.o
 .debug_macro   0x00002380       0x1c ./Core/Src/freertos.o
 .debug_macro   0x0000239c       0x22 ./Core/Src/freertos.o
 .debug_macro   0x000023be       0xfb ./Core/Src/freertos.o
 .debug_macro   0x000024b9     0x1011 ./Core/Src/freertos.o
 .debug_macro   0x000034ca      0x11f ./Core/Src/freertos.o
 .debug_macro   0x000035e9    0x1a17a ./Core/Src/freertos.o
 .debug_macro   0x0001d763       0x6d ./Core/Src/freertos.o
 .debug_macro   0x0001d7d0     0x38fb ./Core/Src/freertos.o
 .debug_macro   0x000210cb       0x5c ./Core/Src/freertos.o
 .debug_macro   0x00021127     0x159e ./Core/Src/freertos.o
 .debug_macro   0x000226c5      0x5a5 ./Core/Src/freertos.o
 .debug_macro   0x00022c6a      0x1b9 ./Core/Src/freertos.o
 .debug_macro   0x00022e23      0x18b ./Core/Src/freertos.o
 .debug_macro   0x00022fae      0x26b ./Core/Src/freertos.o
 .debug_macro   0x00023219      0x23d ./Core/Src/freertos.o
 .debug_macro   0x00023456      0x241 ./Core/Src/freertos.o
 .debug_macro   0x00023697      0x37c ./Core/Src/freertos.o
 .debug_macro   0x00023a13       0xd6 ./Core/Src/freertos.o
 .debug_macro   0x00023ae9      0x122 ./Core/Src/freertos.o
 .debug_macro   0x00023c0b      0x3ef ./Core/Src/freertos.o
 .debug_macro   0x00023ffa      0xa98 ./Core/Src/freertos.o
 .debug_macro   0x00024a92      0x1e6 ./Core/Src/freertos.o
 .debug_macro   0x00024c78      0x5cf ./Core/Src/freertos.o
 .debug_macro   0x00025247       0x44 ./Core/Src/freertos.o
 .debug_macro   0x0002528b      0x330 ./Core/Src/freertos.o
 .debug_macro   0x000255bb       0x64 ./Core/Src/freertos.o
 .debug_macro   0x0002561f      0x31f ./Core/Src/main.o
 .debug_macro   0x0002593e       0xf1 ./Core/Src/main.o
 .debug_macro   0x00025a2f       0x91 ./Core/Src/main.o
 .debug_macro   0x00025ac0       0x8d ./Core/Src/main.o
 .debug_macro   0x00025b4d       0x7e ./Core/Src/main.o
 .debug_macro   0x00025bcb       0x19 ./Core/Src/main.o
 .debug_macro   0x00025be4       0xf2 ./Core/Src/main.o
 .debug_macro   0x00025cd6      0x1cf ./Core/Src/stm32l4xx_hal_msp.o
 .debug_macro   0x00025ea5      0x1c0 ./Core/Src/stm32l4xx_hal_timebase_tim.o
 .debug_macro   0x00026065      0x1d9 ./Core/Src/stm32l4xx_it.o
 .debug_macro   0x0002623e      0x1c0 ./Core/Src/system_stm32l4xx.o
 .debug_macro   0x000263fe      0x20e ./Drivers/STM32L4xx_HAL_Driver/Src/stm32l4xx_hal.o
 .debug_macro   0x0002660c      0x1c0 ./Drivers/STM32L4xx_HAL_Driver/Src/stm32l4xx_hal_cortex.o
 .debug_macro   0x000267cc      0x1c7 ./Drivers/STM32L4xx_HAL_Driver/Src/stm32l4xx_hal_gpio.o
 .debug_macro   0x00026993      0x1e4 ./Drivers/STM32L4xx_HAL_Driver/Src/stm32l4xx_hal_pwr_ex.o
 .debug_macro   0x00026b77      0x202 ./Drivers/STM32L4xx_HAL_Driver/Src/stm32l4xx_hal_rcc.o
 .debug_macro   0x00026d79      0x1f6 ./Drivers/STM32L4xx_HAL_Driver/Src/stm32l4xx_hal_rcc_ex.o
 .debug_macro   0x00026f6f      0x1c1 ./Drivers/STM32L4xx_HAL_Driver/Src/stm32l4xx_hal_tim.o
 .debug_macro   0x00027130      0x1c0 ./Drivers/STM32L4xx_HAL_Driver/Src/stm32l4xx_hal_tim_ex.o
 .debug_macro   0x000272f0      0x1eb ./Drivers/STM32L4xx_HAL_Driver/Src/stm32l4xx_hal_uart.o
 .debug_macro   0x000274db      0x210 ./Middlewares/Third_Party/FreeRTOS/Source/CMSIS_RTOS/cmsis_os.o
 .debug_macro   0x000276eb       0x10 ./Middlewares/Third_Party/FreeRTOS/Source/CMSIS_RTOS/cmsis_os.o
 .debug_macro   0x000276fb       0x20 ./Middlewares/Third_Party/FreeRTOS/Source/CMSIS_RTOS/cmsis_os.o
 .debug_macro   0x0002771b       0x16 ./Middlewares/Third_Party/FreeRTOS/Source/CMSIS_RTOS/cmsis_os.o
 .debug_macro   0x00027731       0xe9 ./Middlewares/Third_Party/FreeRTOS/Source/CMSIS_RTOS/cmsis_os.o
 .debug_macro   0x0002781a      0x199 ./Middlewares/Third_Party/FreeRTOS/Source/list.o
 .debug_macro   0x000279b3      0x28b ./Middlewares/Third_Party/FreeRTOS/Source/tasks.o
 .debug_macro   0x00027c3e       0x10 ./Middlewares/Third_Party/FreeRTOS/Source/tasks.o
 .debug_macro   0x00027c4e      0x233 ./Middlewares/Third_Party/FreeRTOS/Source/portable/GCC/ARM_CM4F/port.o
 .debug_macro   0x00027e81      0x1c0 ./Middlewares/Third_Party/FreeRTOS/Source/portable/MemMang/heap_4.o

.debug_line     0x00000000    0x15f0d
 .debug_line    0x00000000      0x97f ./Core/Src/freertos.o
 .debug_line    0x0000097f      0xb79 ./Core/Src/main.o
 .debug_line    0x000014f8      0x7af ./Core/Src/stm32l4xx_hal_msp.o
 .debug_line    0x00001ca7      0x7bc ./Core/Src/stm32l4xx_hal_timebase_tim.o
 .debug_line    0x00002463      0x7ec ./Core/Src/stm32l4xx_it.o
 .debug_line    0x00002c4f      0x7ea ./Core/Src/system_stm32l4xx.o
 .debug_line    0x00003439       0x7a ./Core/Startup/startup_stm32l476rgtx.o
 .debug_line    0x000034b3      0xb46 ./Drivers/STM32L4xx_HAL_Driver/Src/stm32l4xx_hal.o
 .debug_line    0x00003ff9      0xd0e ./Drivers/STM32L4xx_HAL_Driver/Src/stm32l4xx_hal_cortex.o
 .debug_line    0x00004d07      0xbd1 ./Drivers/STM32L4xx_HAL_Driver/Src/stm32l4xx_hal_gpio.o
 .debug_line    0x000058d8      0xd37 ./Drivers/STM32L4xx_HAL_Driver/Src/stm32l4xx_hal_pwr_ex.o
 .debug_line    0x0000660f      0xfbe ./Drivers/STM32L4xx_HAL_Driver/Src/stm32l4xx_hal_rcc.o
 .debug_line    0x000075cd     0x1530 ./Drivers/STM32L4xx_HAL_Driver/Src/stm32l4xx_hal_rcc_ex.o
 .debug_line    0x00008afd     0x3e54 ./Drivers/STM32L4xx_HAL_Driver/Src/stm32l4xx_hal_tim.o
 .debug_line    0x0000c951     0x1c3e ./Drivers/STM32L4xx_HAL_Driver/Src/stm32l4xx_hal_tim_ex.o
 .debug_line    0x0000e58f     0x3257 ./Drivers/STM32L4xx_HAL_Driver/Src/stm32l4xx_hal_uart.o
 .debug_line    0x000117e6     0x1271 ./Middlewares/Third_Party/FreeRTOS/Source/CMSIS_RTOS/cmsis_os.o
 .debug_line    0x00012a57      0x7a1 ./Middlewares/Third_Party/FreeRTOS/Source/list.o
 .debug_line    0x000131f8     0x19df ./Middlewares/Third_Party/FreeRTOS/Source/tasks.o
 .debug_line    0x00014bd7      0x96a ./Middlewares/Third_Party/FreeRTOS/Source/portable/GCC/ARM_CM4F/port.o
 .debug_line    0x00015541      0x9cc ./Middlewares/Third_Party/FreeRTOS/Source/portable/MemMang/heap_4.o

.debug_str      0x00000000    0xfa891
 .debug_str     0x00000000    0xefc7c ./Core/Src/freertos.o
                              0xeff99 (size before relaxing)
 .debug_str     0x000efc7c     0x2f3a ./Core/Src/main.o
                              0xf2f1c (size before relaxing)
 .debug_str     0x000f2bb6      0x738 ./Core/Src/stm32l4xx_hal_msp.o
                              0xeaffd (size before relaxing)
 .debug_str     0x000f32ee      0x10a ./Core/Src/stm32l4xx_hal_timebase_tim.o
                              0xead3d (size before relaxing)
 .debug_str     0x000f33f8       0xbe ./Core/Src/stm32l4xx_it.o
                              0xea76c (size before relaxing)
 .debug_str     0x000f34b6       0xf2 ./Core/Src/system_stm32l4xx.o
                              0xea29d (size before relaxing)
 .debug_str     0x000f35a8       0x44 ./Core/Startup/startup_stm32l476rgtx.o
                                 0x60 (size before relaxing)
 .debug_str     0x000f35ec      0x663 ./Drivers/STM32L4xx_HAL_Driver/Src/stm32l4xx_hal.o
                              0xeae9c (size before relaxing)
 .debug_str     0x000f3c4f      0x360 ./Drivers/STM32L4xx_HAL_Driver/Src/stm32l4xx_hal_cortex.o
                              0xeab16 (size before relaxing)
 .debug_str     0x000f3faf      0x123 ./Drivers/STM32L4xx_HAL_Driver/Src/stm32l4xx_hal_gpio.o
                              0xea416 (size before relaxing)
 .debug_str     0x000f40d2      0x4e3 ./Drivers/STM32L4xx_HAL_Driver/Src/stm32l4xx_hal_pwr_ex.o
                              0xea7f8 (size before relaxing)
 .debug_str     0x000f45b5      0x30f ./Drivers/STM32L4xx_HAL_Driver/Src/stm32l4xx_hal_rcc.o
                              0xea8e3 (size before relaxing)
 .debug_str     0x000f48c4      0x3bf ./Drivers/STM32L4xx_HAL_Driver/Src/stm32l4xx_hal_rcc_ex.o
                              0xeaa5c (size before relaxing)
 .debug_str     0x000f4c83      0xeb6 ./Drivers/STM32L4xx_HAL_Driver/Src/stm32l4xx_hal_tim.o
                              0xeb5dd (size before relaxing)
 .debug_str     0x000f5b39      0x60d ./Drivers/STM32L4xx_HAL_Driver/Src/stm32l4xx_hal_tim_ex.o
                              0xeaef1 (size before relaxing)
 .debug_str     0x000f6146      0x8cf ./Drivers/STM32L4xx_HAL_Driver/Src/stm32l4xx_hal_uart.o
                              0xeaff5 (size before relaxing)
 .debug_str     0x000f6a15     0x207a ./Middlewares/Third_Party/FreeRTOS/Source/CMSIS_RTOS/cmsis_os.o
                               0xebd9 (size before relaxing)
 .debug_str     0x000f8a8f      0x20f ./Middlewares/Third_Party/FreeRTOS/Source/list.o
                               0xaafb (size before relaxing)
 .debug_str     0x000f8c9e     0x1143 ./Middlewares/Third_Party/FreeRTOS/Source/tasks.o
                               0xd1b5 (size before relaxing)
 .debug_str     0x000f9de1      0x783 ./Middlewares/Third_Party/FreeRTOS/Source/portable/GCC/ARM_CM4F/port.o
                               0xa2af (size before relaxing)
 .debug_str     0x000fa564      0x32d ./Middlewares/Third_Party/FreeRTOS/Source/portable/MemMang/heap_4.o
                               0xb43d (size before relaxing)

.comment        0x00000000       0x43
 .comment       0x00000000       0x43 ./Core/Src/freertos.o
                                 0x44 (size before relaxing)
 .comment       0x00000043       0x44 ./Core/Src/main.o
 .comment       0x00000043       0x44 ./Core/Src/stm32l4xx_hal_msp.o
 .comment       0x00000043       0x44 ./Core/Src/stm32l4xx_hal_timebase_tim.o
 .comment       0x00000043       0x44 ./Core/Src/stm32l4xx_it.o
 .comment       0x00000043       0x44 ./Core/Src/system_stm32l4xx.o
 .comment       0x00000043       0x44 ./Drivers/STM32L4xx_HAL_Driver/Src/stm32l4xx_hal.o
 .comment       0x00000043       0x44 ./Drivers/STM32L4xx_HAL_Driver/Src/stm32l4xx_hal_cortex.o
 .comment       0x00000043       0x44 ./Drivers/STM32L4xx_HAL_Driver/Src/stm32l4xx_hal_gpio.o
 .comment       0x00000043       0x44 ./Drivers/STM32L4xx_HAL_Driver/Src/stm32l4xx_hal_pwr_ex.o
 .comment       0x00000043       0x44 ./Drivers/STM32L4xx_HAL_Driver/Src/stm32l4xx_hal_rcc.o
 .comment       0x00000043       0x44 ./Drivers/STM32L4xx_HAL_Driver/Src/stm32l4xx_hal_rcc_ex.o
 .comment       0x00000043       0x44 ./Drivers/STM32L4xx_HAL_Driver/Src/stm32l4xx_hal_tim.o
 .comment       0x00000043       0x44 ./Drivers/STM32L4xx_HAL_Driver/Src/stm32l4xx_hal_tim_ex.o
 .comment       0x00000043       0x44 ./Drivers/STM32L4xx_HAL_Driver/Src/stm32l4xx_hal_uart.o
 .comment       0x00000043       0x44 ./Middlewares/Third_Party/FreeRTOS/Source/CMSIS_RTOS/cmsis_os.o
 .comment       0x00000043       0x44 ./Middlewares/Third_Party/FreeRTOS/Source/list.o
 .comment       0x00000043       0x44 ./Middlewares/Third_Party/FreeRTOS/Source/tasks.o
 .comment       0x00000043       0x44 ./Middlewares/Third_Party/FreeRTOS/Source/portable/GCC/ARM_CM4F/port.o
 .comment       0x00000043       0x44 ./Middlewares/Third_Party/FreeRTOS/Source/portable/MemMang/heap_4.o

.debug_frame    0x00000000     0x5248
 .debug_frame   0x00000000       0x38 ./Core/Src/freertos.o
 .debug_frame   0x00000038      0x114 ./Core/Src/main.o
 .debug_frame   0x0000014c       0x80 ./Core/Src/stm32l4xx_hal_msp.o
 .debug_frame   0x000001cc       0x74 ./Core/Src/stm32l4xx_hal_timebase_tim.o
 .debug_frame   0x00000240       0xc4 ./Core/Src/stm32l4xx_it.o
 .debug_frame   0x00000304       0x58 ./Core/Src/system_stm32l4xx.o
 .debug_frame   0x0000035c      0x498 ./Drivers/STM32L4xx_HAL_Driver/Src/stm32l4xx_hal.o
 .debug_frame   0x000007f4      0x4e8 ./Drivers/STM32L4xx_HAL_Driver/Src/stm32l4xx_hal_cortex.o
 .debug_frame   0x00000cdc      0x14c ./Drivers/STM32L4xx_HAL_Driver/Src/stm32l4xx_hal_gpio.o
 .debug_frame   0x00000e28      0x584 ./Drivers/STM32L4xx_HAL_Driver/Src/stm32l4xx_hal_pwr_ex.o
 .debug_frame   0x000013ac      0x21c ./Drivers/STM32L4xx_HAL_Driver/Src/stm32l4xx_hal_rcc.o
 .debug_frame   0x000015c8      0x2fc ./Drivers/STM32L4xx_HAL_Driver/Src/stm32l4xx_hal_rcc_ex.o
 .debug_frame   0x000018c4     0x121c ./Drivers/STM32L4xx_HAL_Driver/Src/stm32l4xx_hal_tim.o
 .debug_frame   0x00002ae0      0x6b0 ./Drivers/STM32L4xx_HAL_Driver/Src/stm32l4xx_hal_tim_ex.o
 .debug_frame   0x00003190      0x9f4 ./Drivers/STM32L4xx_HAL_Driver/Src/stm32l4xx_hal_uart.o
 .debug_frame   0x00003b84      0x80c ./Middlewares/Third_Party/FreeRTOS/Source/CMSIS_RTOS/cmsis_os.o
 .debug_frame   0x00004390       0xd8 ./Middlewares/Third_Party/FreeRTOS/Source/list.o
 .debug_frame   0x00004468      0x77c ./Middlewares/Third_Party/FreeRTOS/Source/tasks.o
 .debug_frame   0x00004be4      0x1a8 ./Middlewares/Third_Party/FreeRTOS/Source/portable/GCC/ARM_CM4F/port.o
 .debug_frame   0x00004d8c      0x12c ./Middlewares/Third_Party/FreeRTOS/Source/portable/MemMang/heap_4.o
 .debug_frame   0x00004eb8      0x144 C:/ST/STM32CubeIDE_1.15.1/STM32CubeIDE/plugins/com.st.stm32cube.ide.mcu.externaltools.gnu-tools-for-stm32.12.3.rel1.win32_1.0.100.202403111256/tools/bin/../lib/gcc/arm-none-eabi/12.3.1/../../../../arm-none-eabi/lib/thumb/v7e-m+fp/hard\libc_nano.a(libc_a-findfp.o)
 .debug_frame   0x00004ffc       0x20 C:/ST/STM32CubeIDE_1.15.1/STM32CubeIDE/plugins/com.st.stm32cube.ide.mcu.externaltools.gnu-tools-for-stm32.12.3.rel1.win32_1.0.100.202403111256/tools/bin/../lib/gcc/arm-none-eabi/12.3.1/../../../../arm-none-eabi/lib/thumb/v7e-m+fp/hard\libc_nano.a(libc_a-memset.o)
 .debug_frame   0x0000501c       0x38 C:/ST/STM32CubeIDE_1.15.1/STM32CubeIDE/plugins/com.st.stm32cube.ide.mcu.externaltools.gnu-tools-for-stm32.12.3.rel1.win32_1.0.100.202403111256/tools/bin/../lib/gcc/arm-none-eabi/12.3.1/../../../../arm-none-eabi/lib/thumb/v7e-m+fp/hard\libc_nano.a(libc_a-reent.o)
 .debug_frame   0x00005054       0x2c C:/ST/STM32CubeIDE_1.15.1/STM32CubeIDE/plugins/com.st.stm32cube.ide.mcu.externaltools.gnu-tools-for-stm32.12.3.rel1.win32_1.0.100.202403111256/tools/bin/../lib/gcc/arm-none-eabi/12.3.1/../../../../arm-none-eabi/lib/thumb/v7e-m+fp/hard\libc_nano.a(libc_a-init.o)
 .debug_frame   0x00005080       0xb0 C:/ST/STM32CubeIDE_1.15.1/STM32CubeIDE/plugins/com.st.stm32cube.ide.mcu.externaltools.gnu-tools-for-stm32.12.3.rel1.win32_1.0.100.202403111256/tools/bin/../lib/gcc/arm-none-eabi/12.3.1/../../../../arm-none-eabi/lib/thumb/v7e-m+fp/hard\libc_nano.a(libc_a-lock.o)
 .debug_frame   0x00005130       0x38 C:/ST/STM32CubeIDE_1.15.1/STM32CubeIDE/plugins/com.st.stm32cube.ide.mcu.externaltools.gnu-tools-for-stm32.12.3.rel1.win32_1.0.100.202403111256/tools/bin/../lib/gcc/arm-none-eabi/12.3.1/../../../../arm-none-eabi/lib/thumb/v7e-m+fp/hard\libc_nano.a(libc_a-freer.o)
 .debug_frame   0x00005168       0x50 C:/ST/STM32CubeIDE_1.15.1/STM32CubeIDE/plugins/com.st.stm32cube.ide.mcu.externaltools.gnu-tools-for-stm32.12.3.rel1.win32_1.0.100.202403111256/tools/bin/../lib/gcc/arm-none-eabi/12.3.1/../../../../arm-none-eabi/lib/thumb/v7e-m+fp/hard\libc_nano.a(libc_a-mallocr.o)
 .debug_frame   0x000051b8       0x30 C:/ST/STM32CubeIDE_1.15.1/STM32CubeIDE/plugins/com.st.stm32cube.ide.mcu.externaltools.gnu-tools-for-stm32.12.3.rel1.win32_1.0.100.202403111256/tools/bin/../lib/gcc/arm-none-eabi/12.3.1/../../../../arm-none-eabi/lib/thumb/v7e-m+fp/hard\libc_nano.a(libc_a-mlock.o)
 .debug_frame   0x000051e8       0x2c C:/ST/STM32CubeIDE_1.15.1/STM32CubeIDE/plugins/com.st.stm32cube.ide.mcu.externaltools.gnu-tools-for-stm32.12.3.rel1.win32_1.0.100.202403111256/tools/bin/../lib/gcc/arm-none-eabi/12.3.1/thumb/v7e-m+fp/hard\libgcc.a(_aeabi_uldivmod.o)
 .debug_frame   0x00005214       0x34 C:/ST/STM32CubeIDE_1.15.1/STM32CubeIDE/plugins/com.st.stm32cube.ide.mcu.externaltools.gnu-tools-for-stm32.12.3.rel1.win32_1.0.100.202403111256/tools/bin/../lib/gcc/arm-none-eabi/12.3.1/thumb/v7e-m+fp/hard\libgcc.a(_udivmoddi4.o)

.debug_line_str
                0x00000000       0x44
 .debug_line_str
                0x00000000       0x44 ./Core/Startup/startup_stm32l476rgtx.o
