Archive member included to satisfy reference by file (symbol)

C:/ST/STM32CubeIDE_1.15.1/STM32CubeIDE/plugins/com.st.stm32cube.ide.mcu.externaltools.gnu-tools-for-stm32.12.3.rel1.win32_1.0.100.202403111256/tools/bin/../lib/gcc/arm-none-eabi/12.3.1/../../../../arm-none-eabi/lib/thumb/v7e-m+fp/hard\libc_nano.a(libc_a-exit.o)
                              C:/ST/STM32CubeIDE_1.15.1/STM32CubeIDE/plugins/com.st.stm32cube.ide.mcu.externaltools.gnu-tools-for-stm32.12.3.rel1.win32_1.0.100.202403111256/tools/bin/../lib/gcc/arm-none-eabi/12.3.1/../../../../arm-none-eabi/lib/thumb/v7e-m+fp/hard/crt0.o (exit)
C:/ST/STM32CubeIDE_1.15.1/STM32CubeIDE/plugins/com.st.stm32cube.ide.mcu.externaltools.gnu-tools-for-stm32.12.3.rel1.win32_1.0.100.202403111256/tools/bin/../lib/gcc/arm-none-eabi/12.3.1/../../../../arm-none-eabi/lib/thumb/v7e-m+fp/hard\libc_nano.a(libc_a-findfp.o)
                              ./Middlewares/Third_Party/FreeRTOS/Source/tasks.o (__sf)
C:/ST/STM32CubeIDE_1.15.1/STM32CubeIDE/plugins/com.st.stm32cube.ide.mcu.externaltools.gnu-tools-for-stm32.12.3.rel1.win32_1.0.100.202403111256/tools/bin/../lib/gcc/arm-none-eabi/12.3.1/../../../../arm-none-eabi/lib/thumb/v7e-m+fp/hard\libc_nano.a(libc_a-fwalk.o)
                              C:/ST/STM32CubeIDE_1.15.1/STM32CubeIDE/plugins/com.st.stm32cube.ide.mcu.externaltools.gnu-tools-for-stm32.12.3.rel1.win32_1.0.100.202403111256/tools/bin/../lib/gcc/arm-none-eabi/12.3.1/../../../../arm-none-eabi/lib/thumb/v7e-m+fp/hard\libc_nano.a(libc_a-findfp.o) (_fwalk_sglue)
C:/ST/STM32CubeIDE_1.15.1/STM32CubeIDE/plugins/com.st.stm32cube.ide.mcu.externaltools.gnu-tools-for-stm32.12.3.rel1.win32_1.0.100.202403111256/tools/bin/../lib/gcc/arm-none-eabi/12.3.1/../../../../arm-none-eabi/lib/thumb/v7e-m+fp/hard\libc_nano.a(libc_a-stdio.o)
                              C:/ST/STM32CubeIDE_1.15.1/STM32CubeIDE/plugins/com.st.stm32cube.ide.mcu.externaltools.gnu-tools-for-stm32.12.3.rel1.win32_1.0.100.202403111256/tools/bin/../lib/gcc/arm-none-eabi/12.3.1/../../../../arm-none-eabi/lib/thumb/v7e-m+fp/hard\libc_nano.a(libc_a-findfp.o) (__sread)
C:/ST/STM32CubeIDE_1.15.1/STM32CubeIDE/plugins/com.st.stm32cube.ide.mcu.externaltools.gnu-tools-for-stm32.12.3.rel1.win32_1.0.100.202403111256/tools/bin/../lib/gcc/arm-none-eabi/12.3.1/../../../../arm-none-eabi/lib/thumb/v7e-m+fp/hard\libc_nano.a(libc_a-memset.o)
                              C:/ST/STM32CubeIDE_1.15.1/STM32CubeIDE/plugins/com.st.stm32cube.ide.mcu.externaltools.gnu-tools-for-stm32.12.3.rel1.win32_1.0.100.202403111256/tools/bin/../lib/gcc/arm-none-eabi/12.3.1/../../../../arm-none-eabi/lib/thumb/v7e-m+fp/hard/crt0.o (memset)
C:/ST/STM32CubeIDE_1.15.1/STM32CubeIDE/plugins/com.st.stm32cube.ide.mcu.externaltools.gnu-tools-for-stm32.12.3.rel1.win32_1.0.100.202403111256/tools/bin/../lib/gcc/arm-none-eabi/12.3.1/../../../../arm-none-eabi/lib/thumb/v7e-m+fp/hard\libc_nano.a(libc_a-closer.o)
                              C:/ST/STM32CubeIDE_1.15.1/STM32CubeIDE/plugins/com.st.stm32cube.ide.mcu.externaltools.gnu-tools-for-stm32.12.3.rel1.win32_1.0.100.202403111256/tools/bin/../lib/gcc/arm-none-eabi/12.3.1/../../../../arm-none-eabi/lib/thumb/v7e-m+fp/hard\libc_nano.a(libc_a-stdio.o) (_close_r)
C:/ST/STM32CubeIDE_1.15.1/STM32CubeIDE/plugins/com.st.stm32cube.ide.mcu.externaltools.gnu-tools-for-stm32.12.3.rel1.win32_1.0.100.202403111256/tools/bin/../lib/gcc/arm-none-eabi/12.3.1/../../../../arm-none-eabi/lib/thumb/v7e-m+fp/hard\libc_nano.a(libc_a-reent.o)
                              ./Middlewares/Third_Party/FreeRTOS/Source/tasks.o (_reclaim_reent)
C:/ST/STM32CubeIDE_1.15.1/STM32CubeIDE/plugins/com.st.stm32cube.ide.mcu.externaltools.gnu-tools-for-stm32.12.3.rel1.win32_1.0.100.202403111256/tools/bin/../lib/gcc/arm-none-eabi/12.3.1/../../../../arm-none-eabi/lib/thumb/v7e-m+fp/hard\libc_nano.a(libc_a-impure.o)
                              ./Middlewares/Third_Party/FreeRTOS/Source/tasks.o (_impure_ptr)
C:/ST/STM32CubeIDE_1.15.1/STM32CubeIDE/plugins/com.st.stm32cube.ide.mcu.externaltools.gnu-tools-for-stm32.12.3.rel1.win32_1.0.100.202403111256/tools/bin/../lib/gcc/arm-none-eabi/12.3.1/../../../../arm-none-eabi/lib/thumb/v7e-m+fp/hard\libc_nano.a(libc_a-lseekr.o)
                              C:/ST/STM32CubeIDE_1.15.1/STM32CubeIDE/plugins/com.st.stm32cube.ide.mcu.externaltools.gnu-tools-for-stm32.12.3.rel1.win32_1.0.100.202403111256/tools/bin/../lib/gcc/arm-none-eabi/12.3.1/../../../../arm-none-eabi/lib/thumb/v7e-m+fp/hard\libc_nano.a(libc_a-stdio.o) (_lseek_r)
C:/ST/STM32CubeIDE_1.15.1/STM32CubeIDE/plugins/com.st.stm32cube.ide.mcu.externaltools.gnu-tools-for-stm32.12.3.rel1.win32_1.0.100.202403111256/tools/bin/../lib/gcc/arm-none-eabi/12.3.1/../../../../arm-none-eabi/lib/thumb/v7e-m+fp/hard\libc_nano.a(libc_a-readr.o)
[...]
Memory Configuration

Name             Origin             Length             Attributes
RAM              0x20000000         0x00018000         xrw
RAM2             0x10000000         0x00008000         xrw
FLASH            0x08000000         0x00100000         xr
*default*        0x00000000         0xffffffff

Linker script and memory map

LOAD C:/ST/STM32CubeIDE_1.15.1/STM32CubeIDE/plugins/com.st.stm32cube.ide.mcu.externaltools.gnu-tools-for-stm32.12.3.rel1.win32_1.0.100.202403111256/tools/bin/../lib/gcc/arm-none-eabi/12.3.1/thumb/v7e-m+fp/hard/crti.o
LOAD C:/ST/STM32CubeIDE_1.15.1/STM32CubeIDE/plugins/com.st.stm32cube.ide.mcu.externaltools.gnu-tools-for-stm32.12.3.rel1.win32_1.0.100.202403111256/tools/bin/../lib/gcc/arm-none-eabi/12.3.1/thumb/v7e-m+fp/hard/crtbegin.o
LOAD C:/ST/STM32CubeIDE_1.15.1/STM32CubeIDE/plugins/com.st.stm32cube.ide.mcu.externaltools.gnu-tools-for-stm32.12.3.rel1.win32_1.0.100.202403111256/tools/bin/../lib/gcc/arm-none-eabi/12.3.1/../../../../arm-none-eabi/lib/thumb/v7e-m+fp/hard/crt0.o
LOAD ./Core/Src/MutexCtrl.o
LOAD ./Core/Src/freertos.o
LOAD ./Core/Src/main.o
LOAD ./Core/Src/stm32l4xx_hal_msp.o
LOAD ./Core/Src/stm32l4xx_hal_timebase_tim.o
LOAD ./Core/Src/stm32l4xx_it.o
LOAD ./Core/Src/syscalls.o
LOAD ./Core/Src/sysmem.o
LOAD ./Core/Src/system_stm32l4xx.o
LOAD ./Core/Startup/startup_stm32l476rgtx.o
LOAD ./Drivers/STM32L4xx_HAL_Driver/Src/stm32l4xx_hal.o
LOAD ./Drivers/STM32L4xx_HAL_Driver/Src/stm32l4xx_hal_cortex.o
LOAD ./Drivers/STM32L4xx_HAL_Driver/Src/stm32l4xx_hal_dma.o
LOAD ./Drivers/STM32L4xx_HAL_Driver/Src/stm32l4xx_hal_dma_ex.o
LOAD ./Drivers/STM32L4xx_HAL_Driver/Src/stm32l4xx_hal_exti.o
LOAD ./Drivers/STM32L4xx_HAL_Driver/Src/stm32l4xx_hal_flash.o
LOAD ./Drivers/STM32L4xx_HAL_Driver/Src/stm32l4xx_hal_flash_ex.o
LOAD ./Drivers/STM32L4xx_HAL_Driver/Src/stm32l4xx_hal_flash_ramfunc.o
LOAD ./Drivers/STM32L4xx_HAL_Driver/Src/stm32l4xx_hal_gpio.o
LOAD ./Drivers/STM32L4xx_HAL_Driver/Src/stm32l4xx_hal_i2c.o
LOAD ./Drivers/STM32L4xx_HAL_Driver/Src/stm32l4xx_hal_i2c_ex.o
LOAD ./Drivers/STM32L4xx_HAL_Driver/Src/stm32l4xx_hal_pwr.o
LOAD ./Drivers/STM32L4xx_HAL_Driver/Src/stm32l4xx_hal_pwr_ex.o
LOAD ./Drivers/STM32L4xx_HAL_Driver/Src/stm32l4xx_hal_rcc.o
LOAD ./Drivers/STM32L4xx_HAL_Driver/Src/stm32l4xx_hal_rcc_ex.o
LOAD ./Drivers/STM32L4xx_HAL_Driver/Src/stm32l4xx_hal_tim.o
LOAD ./Drivers/STM32L4xx_HAL_Driver/Src/stm32l4xx_hal_tim_ex.o
LOAD ./Drivers/STM32L4xx_HAL_Driver/Src/stm32l4xx_hal_uart.o
LOAD ./Drivers/STM32L4xx_HAL_Driver/Src/stm32l4xx_hal_uart_ex.o
LOAD ./Middlewares/Third_Party/FreeRTOS/Source/CMSIS_RTOS/cmsis_os.o
LOAD ./Middlewares/Third_Party/FreeRTOS/Source/croutine.o
LOAD ./Middlewares/Third_Party/FreeRTOS/Source/event_groups.o
LOAD ./Middlewares/Third_Party/FreeRTOS/Source/list.o
LOAD ./Middlewares/Third_Party/FreeRTOS/Source/queue.o
LOAD ./Middlewares/Third_Party/FreeRTOS/Source/stream_buffer.o
LOAD ./Middlewares/Third_Party/FreeRTOS/Source/tasks.o
LOAD ./Middlewares/Third_Party/FreeRTOS/Source/timers.o
LOAD ./Middlewares/Third_Party/FreeRTOS/Source/portable/GCC/ARM_CM4F/port.o
LOAD ./Middlewares/Third_Party/FreeRTOS/Source/portable/MemMang/heap_4.o
START GROUP
LOAD C:/ST/STM32CubeIDE_1.15.1/STM32CubeIDE/plugins/com.st.stm32cube.ide.mcu.externaltools.gnu-tools-for-stm32.12.3.rel1.win32_1.0.100.202403111256/tools/bin/../lib/gcc/arm-none-eabi/12.3.1/../../../../arm-none-eabi/lib/thumb/v7e-m+fp/hard\libc_nano.a
LOAD C:/ST/STM32CubeIDE_1.15.1/STM32CubeIDE/plugins/com.st.stm32cube.ide.mcu.externaltools.gnu-tools-for-stm32.12.3.rel1.win32_1.0.100.202403111256/tools/bin/../lib/gcc/arm-none-eabi/12.3.1/../../../../arm-none-eabi/lib/thumb/v7e-m+fp/hard\libm.a
END GROUP
START GROUP
LOAD C:/ST/STM32CubeIDE_1.15.1/STM32CubeIDE/plugins/com.st.stm32cube.ide.mcu.externaltools.gnu-tools-for-stm32.12.3.rel1.win32_1.0.100.202403111256/tools/bin/../lib/gcc/arm-none-eabi/12.3.1/thumb/v7e-m+fp/hard\libgcc.a
LOAD C:/ST/STM32CubeIDE_1.15.1/STM32CubeIDE/plugins/com.st.stm32cube.ide.mcu.externaltools.gnu-tools-for-stm32.12.3.rel1.win32_1.0.100.202403111256/tools/bin/../lib/gcc/arm-none-eabi/12.3.1/../../../../arm-none-eabi/lib/thumb/v7e-m+fp/hard\libc_nano.a
END GROUP
START GROUP
LOAD C:/ST/STM32CubeIDE_1.15.1/STM32CubeIDE/plugins/com.st.stm32cube.ide.mcu.externaltools.gnu-tools-for-stm32.12.3.rel1.win32_1.0.100.202403111256/tools/bin/../lib/gcc/arm-none-eabi/12.3.1/thumb/v7e-m+fp/hard\libgcc.a
LOAD C:/ST/STM32CubeIDE_1.15.1/STM32CubeIDE/plugins/com.st.stm32cube.ide.mcu.externaltools.gnu-tools-for-stm32.12.3.rel1.win32_1.0.100.202403111256/tools/bin/../lib/gcc/arm-none-eabi/12.3.1/../../../../arm-none-eabi/lib/thumb/v7e-m+fp/hard\libc_nano.a
LOAD C:/ST/STM32CubeIDE_1.15.1/STM32CubeIDE/plugins/com.st.stm32cube.ide.mcu.externaltools.gnu-tools-for-stm32.12.3.rel1.win32_1.0.100.202403111256/tools/bin/../lib/gcc/arm-none-eabi/12.3.1/../../../../arm-none-eabi/lib/thumb/v7e-m+fp/hard\libnosys.a
END GROUP
START GROUP
LOAD C:/ST/STM32CubeIDE_1.15.1/STM32CubeIDE/plugins/com.st.stm32cube.ide.mcu.externaltools.gnu-tools-for-stm32.12.3.rel1.win32_1.0.100.202403111256/tools/bin/../lib/gcc/arm-none-eabi/12.3.1/thumb/v7e-m+fp/hard\libgcc.a
LOAD C:/ST/STM32CubeIDE_1.15.1/STM32CubeIDE/plugins/com.st.stm32cube.ide.mcu.externaltools.gnu-tools-for-stm32.12.3.rel1.win32_1.0.100.202403111256/tools/bin/../lib/gcc/arm-none-eabi/12.3.1/../../../../arm-none-eabi/lib/thumb/v7e-m+fp/hard\libc_nano.a
LOAD C:/ST/STM32CubeIDE_1.15.1/STM32CubeIDE/plugins/com.st.stm32cube.ide.mcu.externaltools.gnu-tools-for-stm32.12.3.rel1.win32_1.0.100.202403111256/tools/bin/../lib/gcc/arm-none-eabi/12.3.1/../../../../arm-none-eabi/lib/thumb/v7e-m+fp/hard\libnosys.a
END GROUP
LOAD C:/ST/STM32CubeIDE_1.15.1/STM32CubeIDE/plugins/com.st.stm32cube.ide.mcu.externaltools.gnu-tools-for-stm32.12.3.rel1.win32_1.0.100.202403111256/tools/bin/../lib/gcc/arm-none-eabi/12.3.1/thumb/v7e-m+fp/hard/crtend.o
LOAD C:/ST/STM32CubeIDE_1.15.1/STM32CubeIDE/plugins/com.st.stm32cube.ide.mcu.externaltools.gnu-tools-for-stm32.12.3.rel1.win32_1.0.100.202403111256/tools/bin/../lib/gcc/arm-none-eabi/12.3.1/thumb/v7e-m+fp/hard/crtn.o
                0x20018000                        _estack = (ORIGIN (RAM) + LENGTH (RAM))
                0x00000200                        _Min_Heap_Size = 0x200
                0x00000400                        _Min_Stack_Size = 0x400

.isr_vector     0x08000000      0x188
                0x08000000                        . = ALIGN (0x4)
 *(.isr_vector)
 .isr_vector    0x08000000      0x188 ./Core/Startup/startup_stm32l476rgtx.o
                0x08000000                g_pfnVectors
                0x08000188                        . = ALIGN (0x4)

.text           0x08000190     0x6090
                0x08000190                        . = ALIGN (0x4)
 *(.text)
 .text          0x08000190       0x40 C:/ST/STM32CubeIDE_1.15.1/STM32CubeIDE/plugins/com.st.stm32cube.ide.mcu.externaltools.gnu-tools-for-stm32.12.3.rel1.win32_1.0.100.202403111256/tools/bin/../lib/gcc/arm-none-eabi/12.3.1/thumb/v7e-m+fp/hard/crtbegin.o
 .text          0x080001d0       0x30 C:/ST/STM32CubeIDE_1.15.1/STM32CubeIDE/plugins/com.st.stm32cube.ide.mcu.externaltools.gnu-tools-for-stm32.12.3.rel1.win32_1.0.100.202403111256/tools/bin/../lib/gcc/arm-none-eabi/12.3.1/thumb/v7e-m+fp/hard\libgcc.a(_aeabi_uldivmod.o)
                0x080001d0                __aeabi_uldivmod
 .text          0x08000200      0x2bc C:/ST/STM32CubeIDE_1.15.1/STM32CubeIDE/plugins/com.st.stm32cube.ide.mcu.externaltools.gnu-tools-for-stm32.12.3.rel1.win32_1.0.100.202403111256/tools/bin/../lib/gcc/arm-none-eabi/12.3.1/thumb/v7e-m+fp/hard\libgcc.a(_udivmoddi4.o)
                0x08000200                __udivmoddi4
 .text          0x080004bc        0x4 C:/ST/STM32CubeIDE_1.15.1/STM32CubeIDE/plugins/com.st.stm32cube.ide.mcu.externaltools.gnu-tools-for-stm32.12.3.rel1.win32_1.0.100.202403111256/tools/bin/../lib/gcc/arm-none-eabi/12.3.1/thumb/v7e-m+fp/hard\libgcc.a(_dvmd_tls.o)
                0x080004bc                __aeabi_idiv0
                0x080004bc                __aeabi_ldiv0
 *(.text*)
 .text.init_mutex_and_buffer
                0x080004c0       0x40 ./Core/Src/MutexCtrl.o
                0x080004c0                init_mutex_and_buffer
 .text.load_and_print_buffer
                0x08000500       0xb4 ./Core/Src/MutexCtrl.o
                0x08000500                load_and_print_buffer
 .text.vApplicationGetIdleTaskMemory
                0x080005b4       0x34 ./Core/Src/freertos.o
                0x080005b4                vApplicationGetIdleTaskMemory
 .text.main     0x080005e8       0xc4 ./Core/Src/main.o
                0x080005e8                main
 .text.SystemClock_Config
                0x080006ac       0xa2 ./Core/Src/main.o
                0x080006ac                SystemClock_Config
 *fill*         0x0800074e        0x2 
 .text.MX_USART2_UART_Init
                0x08000750       0x60 ./Core/Src/main.o
 .text.MX_GPIO_Init
                0x080007b0       0xcc ./Core/Src/main.o
 .text.StartTask01
                0x0800087c       0x20 ./Core/Src/main.o
                0x0800087c                StartTask01
 .text.StartTask02
                0x0800089c       0x20 ./Core/Src/main.o
                0x0800089c                StartTask02
 .text.StartTask03
                0x080008bc       0x20 ./Core/Src/main.o
                0x080008bc                StartTask03
 .text.HAL_TIM_PeriodElapsedCallback
                0x080008dc       0x24 ./Core/Src/main.o
                0x080008dc                HAL_TIM_PeriodElapsedCallback
 .text.Error_Handler
                0x08000900        0xc ./Core/Src/main.o
                0x08000900                Error_Handler
 .text.HAL_MspInit
                0x0800090c       0x50 ./Core/Src/stm32l4xx_hal_msp.o
                0x0800090c                HAL_MspInit
 .text.HAL_UART_MspInit
                0x0800095c       0xb8 ./Core/Src/stm32l4xx_hal_msp.o
                0x0800095c                HAL_UART_MspInit
 .text.HAL_InitTick
                0x08000a14       0xdc ./Core/Src/stm32l4xx_hal_timebase_tim.o
                0x08000a14                HAL_InitTick
 .text.NMI_Handler
                0x08000af0        0x8 ./Core/Src/stm32l4xx_it.o
                0x08000af0                NMI_Handler
 .text.HardFault_Handler
                0x08000af8        0x8 ./Core/Src/stm32l4xx_it.o
                0x08000af8                HardFault_Handler
 .text.MemManage_Handler
                0x08000b00        0x8 ./Core/Src/stm32l4xx_it.o
                0x08000b00                MemManage_Handler
 .text.BusFault_Handler
                0x08000b08        0x8 ./Core/Src/stm32l4xx_it.o
                0x08000b08                BusFault_Handler
 .text.UsageFault_Handler
                0x08000b10        0x8 ./Core/Src/stm32l4xx_it.o
                0x08000b10                UsageFault_Handler
 .text.DebugMon_Handler
                0x08000b18        0xe ./Core/Src/stm32l4xx_it.o
                0x08000b18                DebugMon_Handler
 *fill*         0x08000b26        0x2 
 .text.TIM1_UP_TIM16_IRQHandler
                0x08000b28       0x14 ./Core/Src/stm32l4xx_it.o
                0x08000b28                TIM1_UP_TIM16_IRQHandler
 .text.SystemInit
                0x08000b3c       0x24 ./Core/Src/system_stm32l4xx.o
                0x08000b3c                SystemInit
 .text.Reset_Handler
                0x08000b60       0x50 ./Core/Startup/startup_stm32l476rgtx.o
                0x08000b60                Reset_Handler
 .text.Default_Handler
                0x08000bb0        0x2 ./Core/Startup/startup_stm32l476rgtx.o
                0x08000bb0                RTC_Alarm_IRQHandler
                0x08000bb0                EXTI2_IRQHandler
                0x08000bb0                TIM8_TRG_COM_IRQHandler
                0x08000bb0                TIM8_CC_IRQHandler
                0x08000bb0                TIM1_CC_IRQHandler
                0x08000bb0                TSC_IRQHandler
                0x08000bb0                TAMP_STAMP_IRQHandler
                0x08000bb0                EXTI3_IRQHandler
                0x08000bb0                LPTIM2_IRQHandler
                0x08000bb0                DFSDM1_FLT1_IRQHandler
                0x08000bb0                I2C3_ER_IRQHandler
                0x08000bb0                DFSDM1_FLT2_IRQHandler
                0x08000bb0                EXTI0_IRQHandler
                0x08000bb0                I2C2_EV_IRQHandler
                0x08000bb0                CAN1_RX0_IRQHandler
                0x08000bb0                FPU_IRQHandler
                0x08000bb0                ADC1_2_IRQHandler
                0x08000bb0                SPI1_IRQHandler
                0x08000bb0                TIM6_DAC_IRQHandler
                0x08000bb0                TIM8_UP_IRQHandler
                0x08000bb0                DMA2_Channel2_IRQHandler
                0x08000bb0                DMA1_Channel4_IRQHandler
                0x08000bb0                SAI2_IRQHandler
                0x08000bb0                DFSDM1_FLT3_IRQHandler
                0x08000bb0                USART3_IRQHandler
                0x08000bb0                DMA1_Channel7_IRQHandler
                0x08000bb0                CAN1_RX1_IRQHandler
                0x08000bb0                LCD_IRQHandler
                0x08000bb0                UART5_IRQHandler
                0x08000bb0                ADC3_IRQHandler
                0x08000bb0                TIM4_IRQHandler
                0x08000bb0                DMA2_Channel1_IRQHandler
                0x08000bb0                QUADSPI_IRQHandler
                0x08000bb0                I2C1_EV_IRQHandler
                0x08000bb0                DMA1_Channel6_IRQHandler
                0x08000bb0                UART4_IRQHandler
                0x08000bb0                DMA2_Channel4_IRQHandler
                0x08000bb0                TIM3_IRQHandler
                0x08000bb0                RCC_IRQHandler
                0x08000bb0                DMA1_Channel1_IRQHandler
                0x08000bb0                Default_Handler
                0x08000bb0                DMA2_Channel7_IRQHandler
                0x08000bb0                EXTI15_10_IRQHandler
                0x08000bb0                TIM7_IRQHandler
                0x08000bb0                SDMMC1_IRQHandler
                0x08000bb0                TIM5_IRQHandler
                0x08000bb0                I2C3_EV_IRQHandler
                0x08000bb0                EXTI9_5_IRQHandler
                0x08000bb0                RTC_WKUP_IRQHandler
                0x08000bb0                PVD_PVM_IRQHandler
                0x08000bb0                SPI2_IRQHandler
                0x08000bb0                CAN1_TX_IRQHandler
                0x08000bb0                DMA2_Channel5_IRQHandler
                0x08000bb0                DMA1_Channel5_IRQHandler
                0x08000bb0                EXTI4_IRQHandler
                0x08000bb0                RNG_IRQHandler
                0x08000bb0                TIM1_TRG_COM_TIM17_IRQHandler
                0x08000bb0                DMA1_Channel3_IRQHandler
                0x08000bb0                COMP_IRQHandler
                0x08000bb0                WWDG_IRQHandler
                0x08000bb0                LPUART1_IRQHandler
                0x08000bb0                DMA2_Channel6_IRQHandler
                0x08000bb0                TIM2_IRQHandler
                0x08000bb0                EXTI1_IRQHandler
                0x08000bb0                USART2_IRQHandler
                0x08000bb0                DFSDM1_FLT0_IRQHandler
                0x08000bb0                I2C2_ER_IRQHandler
                0x08000bb0                DMA1_Channel2_IRQHandler
                0x08000bb0                TIM8_BRK_IRQHandler
                0x08000bb0                CAN1_SCE_IRQHandler
                0x08000bb0                FLASH_IRQHandler
                0x08000bb0                USART1_IRQHandler
                0x08000bb0                OTG_FS_IRQHandler
                0x08000bb0                SPI3_IRQHandler
                0x08000bb0                I2C1_ER_IRQHandler
                0x08000bb0                FMC_IRQHandler
                0x08000bb0                SWPMI1_IRQHandler
                0x08000bb0                LPTIM1_IRQHandler
                0x08000bb0                SAI1_IRQHandler
                0x08000bb0                DMA2_Channel3_IRQHandler
                0x08000bb0                TIM1_BRK_TIM15_IRQHandler
 *fill*         0x08000bb2        0x2 
 .text.HAL_Init
                0x08000bb4       0x40 ./Drivers/STM32L4xx_HAL_Driver/Src/stm32l4xx_hal.o
                0x08000bb4                HAL_Init
 .text.HAL_IncTick
                0x08000bf4       0x28 ./Drivers/STM32L4xx_HAL_Driver/Src/stm32l4xx_hal.o
                0x08000bf4                HAL_IncTick
 .text.HAL_GetTick
                0x08000c1c       0x18 ./Drivers/STM32L4xx_HAL_Driver/Src/stm32l4xx_hal.o
                0x08000c1c                HAL_GetTick
 .text.__NVIC_SetPriorityGrouping
                0x08000c34       0x48 ./Drivers/STM32L4xx_HAL_Driver/Src/stm32l4xx_hal_cortex.o
 .text.__NVIC_GetPriorityGrouping
                0x08000c7c       0x1c ./Drivers/STM32L4xx_HAL_Driver/Src/stm32l4xx_hal_cortex.o
 .text.__NVIC_EnableIRQ
                0x08000c98       0x3c ./Drivers/STM32L4xx_HAL_Driver/Src/stm32l4xx_hal_cortex.o
 .text.__NVIC_SetPriority
                0x08000cd4       0x54 ./Drivers/STM32L4xx_HAL_Driver/Src/stm32l4xx_hal_cortex.o
 .text.NVIC_EncodePriority
                0x08000d28       0x66 ./Drivers/STM32L4xx_HAL_Driver/Src/stm32l4xx_hal_cortex.o
 .text.HAL_NVIC_SetPriorityGrouping
                0x08000d8e       0x16 ./Drivers/STM32L4xx_HAL_Driver/Src/stm32l4xx_hal_cortex.o
                0x08000d8e                HAL_NVIC_SetPriorityGrouping
 .text.HAL_NVIC_SetPriority
                0x08000da4       0x38 ./Drivers/STM32L4xx_HAL_Driver/Src/stm32l4xx_hal_cortex.o
                0x08000da4                HAL_NVIC_SetPriority
 .text.HAL_NVIC_EnableIRQ
                0x08000ddc       0x1c ./Drivers/STM32L4xx_HAL_Driver/Src/stm32l4xx_hal_cortex.o
                0x08000ddc                HAL_NVIC_EnableIRQ
 .text.HAL_GPIO_Init
                0x08000df8      0x354 ./Drivers/STM32L4xx_HAL_Driver/Src/stm32l4xx_hal_gpio.o
                0x08000df8                HAL_GPIO_Init
 .text.HAL_GPIO_WritePin
                0x0800114c       0x30 ./Drivers/STM32L4xx_HAL_Driver/Src/stm32l4xx_hal_gpio.o
                0x0800114c                HAL_GPIO_WritePin
 .text.HAL_PWREx_GetVoltageRange
                0x0800117c       0x1c ./Drivers/STM32L4xx_HAL_Driver/Src/stm32l4xx_hal_pwr_ex.o
                0x0800117c                HAL_PWREx_GetVoltageRange
 .text.HAL_PWREx_ControlVoltageScaling
                0x08001198       0xac ./Drivers/STM32L4xx_HAL_Driver/Src/stm32l4xx_hal_pwr_ex.o
                0x08001198                HAL_PWREx_ControlVoltageScaling
 .text.HAL_RCC_OscConfig
                0x08001244      0x7b8 ./Drivers/STM32L4xx_HAL_Driver/Src/stm32l4xx_hal_rcc.o
                0x08001244                HAL_RCC_OscConfig
 .text.HAL_RCC_ClockConfig
                0x080019fc      0x200 ./Drivers/STM32L4xx_HAL_Driver/Src/stm32l4xx_hal_rcc.o
                0x080019fc                HAL_RCC_ClockConfig
 .text.HAL_RCC_GetSysClockFreq
                0x08001bfc      0x118 ./Drivers/STM32L4xx_HAL_Driver/Src/stm32l4xx_hal_rcc.o
                0x08001bfc                HAL_RCC_GetSysClockFreq
 .text.HAL_RCC_GetHCLKFreq
                0x08001d14       0x18 ./Drivers/STM32L4xx_HAL_Driver/Src/stm32l4xx_hal_rcc.o
                0x08001d14                HAL_RCC_GetHCLKFreq
 .text.HAL_RCC_GetPCLK1Freq
                0x08001d2c       0x2c ./Drivers/STM32L4xx_HAL_Driver/Src/stm32l4xx_hal_rcc.o
                0x08001d2c                HAL_RCC_GetPCLK1Freq
 .text.HAL_RCC_GetPCLK2Freq
                0x08001d58       0x2c ./Drivers/STM32L4xx_HAL_Driver/Src/stm32l4xx_hal_rcc.o
                0x08001d58                HAL_RCC_GetPCLK2Freq
 .text.HAL_RCC_GetClockConfig
                0x08001d84       0x64 ./Drivers/STM32L4xx_HAL_Driver/Src/stm32l4xx_hal_rcc.o
                0x08001d84                HAL_RCC_GetClockConfig
 .text.RCC_SetFlashLatencyFromMSIRange
                0x08001de8       0xc0 ./Drivers/STM32L4xx_HAL_Driver/Src/stm32l4xx_hal_rcc.o
 .text.HAL_RCCEx_PeriphCLKConfig
                0x08001ea8      0x5d4 ./Drivers/STM32L4xx_HAL_Driver/Src/stm32l4xx_hal_rcc_ex.o
                0x08001ea8                HAL_RCCEx_PeriphCLKConfig
 .text.RCCEx_PLLSAI1_Config
                0x0800247c      0x1e8 ./Drivers/STM32L4xx_HAL_Driver/Src/stm32l4xx_hal_rcc_ex.o
 .text.RCCEx_PLLSAI2_Config
                0x08002664      0x1bc ./Drivers/STM32L4xx_HAL_Driver/Src/stm32l4xx_hal_rcc_ex.o
 .text.HAL_TIM_Base_Init
                0x08002820       0xae ./Drivers/STM32L4xx_HAL_Driver/Src/stm32l4xx_hal_tim.o
                0x08002820                HAL_TIM_Base_Init
 .text.HAL_TIM_Base_MspInit
                0x080028ce       0x14 ./Drivers/STM32L4xx_HAL_Driver/Src/stm32l4xx_hal_tim.o
                0x080028ce                HAL_TIM_Base_MspInit
 *fill*         0x080028e2        0x2 
 .text.HAL_TIM_Base_Start_IT
                0x080028e4       0xe0 ./Drivers/STM32L4xx_HAL_Driver/Src/stm32l4xx_hal_tim.o
                0x080028e4                HAL_TIM_Base_Start_IT
 .text.HAL_TIM_IRQHandler
                0x080029c4      0x20e ./Drivers/STM32L4xx_HAL_Driver/Src/stm32l4xx_hal_tim.o
                0x080029c4                HAL_TIM_IRQHandler
 .text.HAL_TIM_OC_DelayElapsedCallback
                0x08002bd2       0x14 ./Drivers/STM32L4xx_HAL_Driver/Src/stm32l4xx_hal_tim.o
                0x08002bd2                HAL_TIM_OC_DelayElapsedCallback
 .text.HAL_TIM_IC_CaptureCallback
                0x08002be6       0x14 ./Drivers/STM32L4xx_HAL_Driver/Src/stm32l4xx_hal_tim.o
                0x08002be6                HAL_TIM_IC_CaptureCallback
 .text.HAL_TIM_PWM_PulseFinishedCallback
                0x08002bfa       0x14 ./Drivers/STM32L4xx_HAL_Driver/Src/stm32l4xx_hal_tim.o
                0x08002bfa                HAL_TIM_PWM_PulseFinishedCallback
 .text.HAL_TIM_TriggerCallback
                0x08002c0e       0x14 ./Drivers/STM32L4xx_HAL_Driver/Src/stm32l4xx_hal_tim.o
                0x08002c0e                HAL_TIM_TriggerCallback
 *fill*         0x08002c22        0x2 
 .text.TIM_Base_SetConfig
                0x08002c24      0x14c ./Drivers/STM32L4xx_HAL_Driver/Src/stm32l4xx_hal_tim.o
                0x08002c24                TIM_Base_SetConfig
 .text.HAL_TIMEx_CommutCallback
                0x08002d70       0x14 ./Drivers/STM32L4xx_HAL_Driver/Src/stm32l4xx_hal_tim_ex.o
                0x08002d70                HAL_TIMEx_CommutCallback
 .text.HAL_TIMEx_BreakCallback
                0x08002d84       0x14 ./Drivers/STM32L4xx_HAL_Driver/Src/stm32l4xx_hal_tim_ex.o
                0x08002d84                HAL_TIMEx_BreakCallback
 .text.HAL_TIMEx_Break2Callback
                0x08002d98       0x14 ./Drivers/STM32L4xx_HAL_Driver/Src/stm32l4xx_hal_tim_ex.o
                0x08002d98                HAL_TIMEx_Break2Callback
 .text.HAL_UART_Init
                0x08002dac       0x9c ./Drivers/STM32L4xx_HAL_Driver/Src/stm32l4xx_hal_uart.o
                0x08002dac                HAL_UART_Init
 .text.UART_SetConfig
                0x08002e48      0x570 ./Drivers/STM32L4xx_HAL_Driver/Src/stm32l4xx_hal_uart.o
                0x08002e48                UART_SetConfig
 .text.UART_AdvFeatureConfig
                0x080033b8      0x144 ./Drivers/STM32L4xx_HAL_Driver/Src/stm32l4xx_hal_uart.o
                0x080033b8                UART_AdvFeatureConfig
 .text.UART_CheckIdleState
                0x080034fc      0x150 ./Drivers/STM32L4xx_HAL_Driver/Src/stm32l4xx_hal_uart.o
                0x080034fc                UART_CheckIdleState
 .text.UART_WaitOnFlagUntilTimeout
                0x0800364c       0xda ./Drivers/STM32L4xx_HAL_Driver/Src/stm32l4xx_hal_uart.o
                0x0800364c                UART_WaitOnFlagUntilTimeout
 .text.UART_EndRxTransfer
                0x08003726       0xc8 ./Drivers/STM32L4xx_HAL_Driver/Src/stm32l4xx_hal_uart.o
 .text.makeFreeRtosPriority
                0x080037ee       0x30 ./Middlewares/Third_Party/FreeRTOS/Source/CMSIS_RTOS/cmsis_os.o
 .text.inHandlerMode
                0x0800381e       0x24 ./Middlewares/Third_Party/FreeRTOS/Source/CMSIS_RTOS/cmsis_os.o
 .text.osKernelStart
                0x08003842        0xe ./Middlewares/Third_Party/FreeRTOS/Source/CMSIS_RTOS/cmsis_os.o
                0x08003842                osKernelStart
 .text.osThreadCreate
                0x08003850       0x98 ./Middlewares/Third_Party/FreeRTOS/Source/CMSIS_RTOS/cmsis_os.o
                0x08003850                osThreadCreate
 .text.osDelay  0x080038e8       0x28 ./Middlewares/Third_Party/FreeRTOS/Source/CMSIS_RTOS/cmsis_os.o
                0x080038e8                osDelay
 .text.osMutexCreate
                0x08003910       0x30 ./Middlewares/Third_Party/FreeRTOS/Source/CMSIS_RTOS/cmsis_os.o
                0x08003910                osMutexCreate
 .text.osMutexWait
                0x08003940       0x9c ./Middlewares/Third_Party/FreeRTOS/Source/CMSIS_RTOS/cmsis_os.o
                0x08003940                osMutexWait
 .text.osMutexRelease
                0x080039dc       0x6c ./Middlewares/Third_Party/FreeRTOS/Source/CMSIS_RTOS/cmsis_os.o
                0x080039dc                osMutexRelease
 .text.vListInitialise
                0x08003a48       0x40 ./Middlewares/Third_Party/FreeRTOS/Source/list.o
                0x08003a48                vListInitialise
 .text.vListInitialiseItem
                0x08003a88       0x1a ./Middlewares/Third_Party/FreeRTOS/Source/list.o
                0x08003a88                vListInitialiseItem
 .text.vListInsertEnd
                0x08003aa2       0x48 ./Middlewares/Third_Party/FreeRTOS/Source/list.o
                0x08003aa2                vListInsertEnd
 .text.vListInsert
                0x08003aea       0x72 ./Middlewares/Third_Party/FreeRTOS/Source/list.o
                0x08003aea                vListInsert
 .text.uxListRemove
                0x08003b5c       0x54 ./Middlewares/Third_Party/FreeRTOS/Source/list.o
                0x08003b5c                uxListRemove
 .text.xQueueGenericReset
                0x08003bb0       0xd4 ./Middlewares/Third_Party/FreeRTOS/Source/queue.o
                0x08003bb0                xQueueGenericReset
 .text.xQueueGenericCreateStatic
                0x08003c84       0xfa ./Middlewares/Third_Party/FreeRTOS/Source/queue.o
                0x08003c84                xQueueGenericCreateStatic
 .text.xQueueGenericCreate
                0x08003d7e       0x76 ./Middlewares/Third_Party/FreeRTOS/Source/queue.o
                0x08003d7e                xQueueGenericCreate
 .text.prvInitialiseNewQueue
                0x08003df4       0x3e ./Middlewares/Third_Party/FreeRTOS/Source/queue.o
 .text.prvInitialiseMutex
                0x08003e32       0x34 ./Middlewares/Third_Party/FreeRTOS/Source/queue.o
 .text.xQueueCreateMutex
                0x08003e66       0x30 ./Middlewares/Third_Party/FreeRTOS/Source/queue.o
                0x08003e66                xQueueCreateMutex
 .text.xQueueCreateMutexStatic
                0x08003e96       0x36 ./Middlewares/Third_Party/FreeRTOS/Source/queue.o
                0x08003e96                xQueueCreateMutexStatic
 .text.xQueueGenericSend
                0x08003ecc      0x204 ./Middlewares/Third_Party/FreeRTOS/Source/queue.o
                0x08003ecc                xQueueGenericSend
 .text.xQueueGiveFromISR
                0x080040d0      0x120 ./Middlewares/Third_Party/FreeRTOS/Source/queue.o
                0x080040d0                xQueueGiveFromISR
 .text.xQueueSemaphoreTake
                0x080041f0      0x220 ./Middlewares/Third_Party/FreeRTOS/Source/queue.o
                0x080041f0                xQueueSemaphoreTake
 .text.xQueueReceiveFromISR
                0x08004410      0x104 ./Middlewares/Third_Party/FreeRTOS/Source/queue.o
                0x08004410                xQueueReceiveFromISR
 .text.prvGetDisinheritPriorityAfterTimeout
                0x08004514       0x30 ./Middlewares/Third_Party/FreeRTOS/Source/queue.o
 .text.prvCopyDataToQueue
                0x08004544       0xd4 ./Middlewares/Third_Party/FreeRTOS/Source/queue.o
 .text.prvCopyDataFromQueue
                0x08004618       0x4c ./Middlewares/Third_Party/FreeRTOS/Source/queue.o
 .text.prvUnlockQueue
                0x08004664       0xa4 ./Middlewares/Third_Party/FreeRTOS/Source/queue.o
 .text.prvIsQueueEmpty
                0x08004708       0x2c ./Middlewares/Third_Party/FreeRTOS/Source/queue.o
 .text.prvIsQueueFull
                0x08004734       0x30 ./Middlewares/Third_Party/FreeRTOS/Source/queue.o
 .text.xTaskCreateStatic
                0x08004764       0xc0 ./Middlewares/Third_Party/FreeRTOS/Source/tasks.o
                0x08004764                xTaskCreateStatic
 .text.xTaskCreate
                0x08004824       0x8a ./Middlewares/Third_Party/FreeRTOS/Source/tasks.o
                0x08004824                xTaskCreate
 *fill*         0x080048ae        0x2 
 .text.prvInitialiseNewTask
                0x080048b0      0x140 ./Middlewares/Third_Party/FreeRTOS/Source/tasks.o
 .text.prvAddNewTaskToReadyList
                0x080049f0       0xd4 ./Middlewares/Third_Party/FreeRTOS/Source/tasks.o
 .text.vTaskDelay
                0x08004ac4       0x6c ./Middlewares/Third_Party/FreeRTOS/Source/tasks.o
                0x08004ac4                vTaskDelay
 .text.vTaskStartScheduler
                0x08004b30       0xd4 ./Middlewares/Third_Party/FreeRTOS/Source/tasks.o
                0x08004b30                vTaskStartScheduler
 .text.vTaskSuspendAll
                0x08004c04       0x1c ./Middlewares/Third_Party/FreeRTOS/Source/tasks.o
                0x08004c04                vTaskSuspendAll
 .text.xTaskResumeAll
                0x08004c20      0x13c ./Middlewares/Third_Party/FreeRTOS/Source/tasks.o
                0x08004c20                xTaskResumeAll
 .text.xTaskIncrementTick
                0x08004d5c      0x174 ./Middlewares/Third_Party/FreeRTOS/Source/tasks.o
                0x08004d5c                xTaskIncrementTick
 .text.vTaskSwitchContext
                0x08004ed0       0xc8 ./Middlewares/Third_Party/FreeRTOS/Source/tasks.o
                0x08004ed0                vTaskSwitchContext
 .text.vTaskPlaceOnEventList
                0x08004f98       0x4c ./Middlewares/Third_Party/FreeRTOS/Source/tasks.o
                0x08004f98                vTaskPlaceOnEventList
 .text.xTaskRemoveFromEventList
                0x08004fe4       0xc8 ./Middlewares/Third_Party/FreeRTOS/Source/tasks.o
                0x08004fe4                xTaskRemoveFromEventList
 .text.vTaskInternalSetTimeOutState
                0x080050ac       0x2c ./Middlewares/Third_Party/FreeRTOS/Source/tasks.o
                0x080050ac                vTaskInternalSetTimeOutState
 .text.xTaskCheckForTimeOut
                0x080050d8       0xc8 ./Middlewares/Third_Party/FreeRTOS/Source/tasks.o
                0x080050d8                xTaskCheckForTimeOut
 .text.vTaskMissedYield
                0x080051a0       0x18 ./Middlewares/Third_Party/FreeRTOS/Source/tasks.o
                0x080051a0                vTaskMissedYield
 .text.prvIdleTask
                0x080051b8       0x30 ./Middlewares/Third_Party/FreeRTOS/Source/tasks.o
 .text.prvInitialiseTaskLists
                0x080051e8       0x80 ./Middlewares/Third_Party/FreeRTOS/Source/tasks.o
 .text.prvCheckTasksWaitingTermination
                0x08005268       0x5c ./Middlewares/Third_Party/FreeRTOS/Source/tasks.o
 .text.prvDeleteTCB
                0x080052c4       0x6a ./Middlewares/Third_Party/FreeRTOS/Source/tasks.o
 *fill*         0x0800532e        0x2 
 .text.prvResetNextTaskUnblockTime
                0x08005330       0x40 ./Middlewares/Third_Party/FreeRTOS/Source/tasks.o
 .text.xTaskGetSchedulerState
                0x08005370       0x3c ./Middlewares/Third_Party/FreeRTOS/Source/tasks.o
                0x08005370                xTaskGetSchedulerState
 .text.xTaskPriorityInherit
                0x080053ac       0xec ./Middlewares/Third_Party/FreeRTOS/Source/tasks.o
                0x080053ac                xTaskPriorityInherit
 .text.xTaskPriorityDisinherit
                0x08005498      0x110 ./Middlewares/Third_Party/FreeRTOS/Source/tasks.o
                0x08005498                xTaskPriorityDisinherit
 .text.vTaskPriorityDisinheritAfterTimeout
                0x080055a8      0x120 ./Middlewares/Third_Party/FreeRTOS/Source/tasks.o
                0x080055a8                vTaskPriorityDisinheritAfterTimeout
 .text.pvTaskIncrementMutexHeldCount
                0x080056c8       0x28 ./Middlewares/Third_Party/FreeRTOS/Source/tasks.o
                0x080056c8                pvTaskIncrementMutexHeldCount
 .text.prvAddCurrentTaskToDelayedList
                0x080056f0       0xcc ./Middlewares/Third_Party/FreeRTOS/Source/tasks.o
 .text.pxPortInitialiseStack
                0x080057bc       0x68 ./Middlewares/Third_Party/FreeRTOS/Source/portable/GCC/ARM_CM4F/port.o
                0x080057bc                pxPortInitialiseStack
 .text.prvTaskExitError
                0x08005824       0x5c ./Middlewares/Third_Party/FreeRTOS/Source/portable/GCC/ARM_CM4F/port.o
 .text.SVC_Handler
                0x08005880       0x28 ./Middlewares/Third_Party/FreeRTOS/Source/portable/GCC/ARM_CM4F/port.o
                0x08005880                SVC_Handler
 .text.prvPortStartFirstTask
                0x080058a8       0x28 ./Middlewares/Third_Party/FreeRTOS/Source/portable/GCC/ARM_CM4F/port.o
 .text.xPortStartScheduler
                0x080058d0      0x148 ./Middlewares/Third_Party/FreeRTOS/Source/portable/GCC/ARM_CM4F/port.o
                0x080058d0                xPortStartScheduler
 .text.vPortEnterCritical
                0x08005a18       0x64 ./Middlewares/Third_Party/FreeRTOS/Source/portable/GCC/ARM_CM4F/port.o
                0x08005a18                vPortEnterCritical
 .text.vPortExitCritical
                0x08005a7c       0x54 ./Middlewares/Third_Party/FreeRTOS/Source/portable/GCC/ARM_CM4F/port.o
                0x08005a7c                vPortExitCritical
 .text.PendSV_Handler
                0x08005ad0       0x68 ./Middlewares/Third_Party/FreeRTOS/Source/portable/GCC/ARM_CM4F/port.o
                0x08005ad0                PendSV_Handler
 .text.SysTick_Handler
                0x08005b38       0x44 ./Middlewares/Third_Party/FreeRTOS/Source/portable/GCC/ARM_CM4F/port.o
                0x08005b38                SysTick_Handler
 .text.vPortSetupTimerInterrupt
                0x08005b7c       0x48 ./Middlewares/Third_Party/FreeRTOS/Source/portable/GCC/ARM_CM4F/port.o
                0x08005b7c                vPortSetupTimerInterrupt
 .text.vPortEnableVFP
                0x08005bc4       0x14 ./Middlewares/Third_Party/FreeRTOS/Source/portable/GCC/ARM_CM4F/port.o
 .text.vPortValidateInterruptPriority
                0x08005bd8       0x84 ./Middlewares/Third_Party/FreeRTOS/Source/portable/GCC/ARM_CM4F/port.o
                0x08005bd8                vPortValidateInterruptPriority
 .text.pvPortMalloc
                0x08005c5c      0x19c ./Middlewares/Third_Party/FreeRTOS/Source/portable/MemMang/heap_4.o
                0x08005c5c                pvPortMalloc
 .text.vPortFree
                0x08005df8       0xc8 ./Middlewares/Third_Party/FreeRTOS/Source/portable/MemMang/heap_4.o
                0x08005df8                vPortFree
 .text.prvHeapInit
                0x08005ec0       0xc4 ./Middlewares/Third_Party/FreeRTOS/Source/portable/MemMang/heap_4.o
 .text.prvInsertBlockIntoFreeList
                0x08005f84       0xb4 ./Middlewares/Third_Party/FreeRTOS/Source/portable/MemMang/heap_4.o
 .text.memset   0x08006038       0x10 C:/ST/STM32CubeIDE_1.15.1/STM32CubeIDE/plugins/com.st.stm32cube.ide.mcu.externaltools.gnu-tools-for-stm32.12.3.rel1.win32_1.0.100.202403111256/tools/bin/../lib/gcc/arm-none-eabi/12.3.1/../../../../arm-none-eabi/lib/thumb/v7e-m+fp/hard\libc_nano.a(libc_a-memset.o)
                0x08006038                memset
 .text._reclaim_reent
                0x08006048       0xac C:/ST/STM32CubeIDE_1.15.1/STM32CubeIDE/plugins/com.st.stm32cube.ide.mcu.externaltools.gnu-tools-for-stm32.12.3.rel1.win32_1.0.100.202403111256/tools/bin/../lib/gcc/arm-none-eabi/12.3.1/../../../../arm-none-eabi/lib/thumb/v7e-m+fp/hard\libc_nano.a(libc_a-reent.o)
                0x08006048                _reclaim_reent
 .text.__libc_init_array
                0x080060f4       0x48 C:/ST/STM32CubeIDE_1.15.1/STM32CubeIDE/plugins/com.st.stm32cube.ide.mcu.externaltools.gnu-tools-for-stm32.12.3.rel1.win32_1.0.100.202403111256/tools/bin/../lib/gcc/arm-none-eabi/12.3.1/../../../../arm-none-eabi/lib/thumb/v7e-m+fp/hard\libc_nano.a(libc_a-init.o)
                0x080060f4                __libc_init_array
 .text.__retarget_lock_acquire_recursive
                0x0800613c        0x2 C:/ST/STM32CubeIDE_1.15.1/STM32CubeIDE/plugins/com.st.stm32cube.ide.mcu.externaltools.gnu-tools-for-stm32.12.3.rel1.win32_1.0.100.202403111256/tools/bin/../lib/gcc/arm-none-eabi/12.3.1/../../../../arm-none-eabi/lib/thumb/v7e-m+fp/hard\libc_nano.a(libc_a-lock.o)
                0x0800613c                __retarget_lock_acquire_recursive
 .text.__retarget_lock_release_recursive
                0x0800613e        0x2 C:/ST/STM32CubeIDE_1.15.1/STM32CubeIDE/plugins/com.st.stm32cube.ide.mcu.externaltools.gnu-tools-for-stm32.12.3.rel1.win32_1.0.100.202403111256/tools/bin/../lib/gcc/arm-none-eabi/12.3.1/../../../../arm-none-eabi/lib/thumb/v7e-m+fp/hard\libc_nano.a(libc_a-lock.o)
                0x0800613e                __retarget_lock_release_recursive
 .text.memcpy   0x08006140       0x1c C:/ST/STM32CubeIDE_1.15.1/STM32CubeIDE/plugins/com.st.stm32cube.ide.mcu.externaltools.gnu-tools-for-stm32.12.3.rel1.win32_1.0.100.202403111256/tools/bin/../lib/gcc/arm-none-eabi/12.3.1/../../../../arm-none-eabi/lib/thumb/v7e-m+fp/hard\libc_nano.a(libc_a-memcpy-stub.o)
                0x08006140                memcpy
 .text._free_r  0x0800615c       0x94 C:/ST/STM32CubeIDE_1.15.1/STM32CubeIDE/plugins/com.st.stm32cube.ide.mcu.externaltools.gnu-tools-for-stm32.12.3.rel1.win32_1.0.100.202403111256/tools/bin/../lib/gcc/arm-none-eabi/12.3.1/../../../../arm-none-eabi/lib/thumb/v7e-m+fp/hard\libc_nano.a(libc_a-freer.o)
                0x0800615c                _free_r
 .text.__malloc_lock
                0x080061f0        0xc C:/ST/STM32CubeIDE_1.15.1/STM32CubeIDE/plugins/com.st.stm32cube.ide.mcu.externaltools.gnu-tools-for-stm32.12.3.rel1.win32_1.0.100.202403111256/tools/bin/../lib/gcc/arm-none-eabi/12.3.1/../../../../arm-none-eabi/lib/thumb/v7e-m+fp/hard\libc_nano.a(libc_a-mlock.o)
                0x080061f0                __malloc_lock
 .text.__malloc_unlock
                0x080061fc        0xc C:/ST/STM32CubeIDE_1.15.1/STM32CubeIDE/plugins/com.st.stm32cube.ide.mcu.externaltools.gnu-tools-for-stm32.12.3.rel1.win32_1.0.100.202403111256/tools/bin/../lib/gcc/arm-none-eabi/12.3.1/../../../../arm-none-eabi/lib/thumb/v7e-m+fp/hard\libc_nano.a(libc_a-mlock.o)
                0x080061fc                __malloc_unlock
 *(.glue_7)
 .glue_7        0x08006208        0x0 linker stubs
 *(.glue_7t)
 .glue_7t       0x08006208        0x0 linker stubs
 *(.eh_frame)
 .eh_frame      0x08006208        0x0 C:/ST/STM32CubeIDE_1.15.1/STM32CubeIDE/plugins/com.st.stm32cube.ide.mcu.externaltools.gnu-tools-for-stm32.12.3.rel1.win32_1.0.100.202403111256/tools/bin/../lib/gcc/arm-none-eabi/12.3.1/thumb/v7e-m+fp/hard/crtbegin.o
 *(.init)
 .init          0x08006208        0x4 C:/ST/STM32CubeIDE_1.15.1/STM32CubeIDE/plugins/com.st.stm32cube.ide.mcu.externaltools.gnu-tools-for-stm32.12.3.rel1.win32_1.0.100.202403111256/tools/bin/../lib/gcc/arm-none-eabi/12.3.1/thumb/v7e-m+fp/hard/crti.o
                0x08006208                _init
 .init          0x0800620c        0x8 C:/ST/STM32CubeIDE_1.15.1/STM32CubeIDE/plugins/com.st.stm32cube.ide.mcu.externaltools.gnu-tools-for-stm32.12.3.rel1.win32_1.0.100.202403111256/tools/bin/../lib/gcc/arm-none-eabi/12.3.1/thumb/v7e-m+fp/hard/crtn.o
 *(.fini)
 .fini          0x08006214        0x4 C:/ST/STM32CubeIDE_1.15.1/STM32CubeIDE/plugins/com.st.stm32cube.ide.mcu.externaltools.gnu-tools-for-stm32.12.3.rel1.win32_1.0.100.202403111256/tools/bin/../lib/gcc/arm-none-eabi/12.3.1/thumb/v7e-m+fp/hard/crti.o
                0x08006214                _fini
 .fini          0x08006218        0x8 C:/ST/STM32CubeIDE_1.15.1/STM32CubeIDE/plugins/com.st.stm32cube.ide.mcu.externaltools.gnu-tools-for-stm32.12.3.rel1.win32_1.0.100.202403111256/tools/bin/../lib/gcc/arm-none-eabi/12.3.1/thumb/v7e-m+fp/hard/crtn.o
                0x08006220                        . = ALIGN (0x4)
                0x08006220                        _etext = .

.vfp11_veneer   0x08006220        0x0
 .vfp11_veneer  0x08006220        0x0 linker stubs

.v4_bx          0x08006220        0x0
 .v4_bx         0x08006220        0x0 linker stubs

.iplt           0x08006220        0x0
 .iplt          0x08006220        0x0 C:/ST/STM32CubeIDE_1.15.1/STM32CubeIDE/plugins/com.st.stm32cube.ide.mcu.externaltools.gnu-tools-for-stm32.12.3.rel1.win32_1.0.100.202403111256/tools/bin/../lib/gcc/arm-none-eabi/12.3.1/thumb/v7e-m+fp/hard/crtbegin.o

.rodata         0x08006220       0xc8
                0x08006220                        . = ALIGN (0x4)
 *(.rodata)
 .rodata        0x08006220       0x78 ./Core/Src/main.o
 .rodata        0x08006298        0x5 ./Middlewares/Third_Party/FreeRTOS/Source/tasks.o
 *(.rodata*)
 *fill*         0x0800629d        0x3 
 .rodata.AHBPrescTable
                0x080062a0       0x10 ./Core/Src/system_stm32l4xx.o
                0x080062a0                AHBPrescTable
 .rodata.APBPrescTable
                0x080062b0        0x8 ./Core/Src/system_stm32l4xx.o
                0x080062b0                APBPrescTable
 .rodata.MSIRangeTable
                0x080062b8       0x30 ./Core/Src/system_stm32l4xx.o
                0x080062b8                MSIRangeTable
                0x080062e8                        . = ALIGN (0x4)

.ARM.extab      0x080062e8        0x0
                0x080062e8                        . = ALIGN (0x4)
 *(.ARM.extab* .gnu.linkonce.armextab.*)
                0x080062e8                        . = ALIGN (0x4)

.ARM            0x080062e8        0x8
                0x080062e8                        . = ALIGN (0x4)
                0x080062e8                        __exidx_start = .
 *(.ARM.exidx*)
 .ARM.exidx     0x080062e8        0x8 C:/ST/STM32CubeIDE_1.15.1/STM32CubeIDE/plugins/com.st.stm32cube.ide.mcu.externaltools.gnu-tools-for-stm32.12.3.rel1.win32_1.0.100.202403111256/tools/bin/../lib/gcc/arm-none-eabi/12.3.1/thumb/v7e-m+fp/hard\libgcc.a(_udivmoddi4.o)
                0x080062f0                        __exidx_end = .
                0x080062f0                        . = ALIGN (0x4)

.preinit_array  0x080062f0        0x0
                0x080062f0                        . = ALIGN (0x4)
                0x080062f0                        PROVIDE (__preinit_array_start = .)
 *(.preinit_array*)
                0x080062f0                        PROVIDE (__preinit_array_end = .)
                0x080062f0                        . = ALIGN (0x4)

.init_array     0x080062f0        0x4
                0x080062f0                        . = ALIGN (0x4)
                0x080062f0                        PROVIDE (__init_array_start = .)
 *(SORT_BY_NAME(.init_array.*))
 *(.init_array*)
 .init_array    0x080062f0        0x4 C:/ST/STM32CubeIDE_1.15.1/STM32CubeIDE/plugins/com.st.stm32cube.ide.mcu.externaltools.gnu-tools-for-stm32.12.3.rel1.win32_1.0.100.202403111256/tools/bin/../lib/gcc/arm-none-eabi/12.3.1/thumb/v7e-m+fp/hard/crtbegin.o
                0x080062f4                        PROVIDE (__init_array_end = .)
                0x080062f4                        . = ALIGN (0x4)

.fini_array     0x080062f4        0x4
                0x080062f4                        . = ALIGN (0x4)
                [!provide]                        PROVIDE (__fini_array_start = .)
 *(SORT_BY_NAME(.fini_array.*))
 *(.fini_array*)
 .fini_array    0x080062f4        0x4 C:/ST/STM32CubeIDE_1.15.1/STM32CubeIDE/plugins/com.st.stm32cube.ide.mcu.externaltools.gnu-tools-for-stm32.12.3.rel1.win32_1.0.100.202403111256/tools/bin/../lib/gcc/arm-none-eabi/12.3.1/thumb/v7e-m+fp/hard/crtbegin.o
                [!provide]                        PROVIDE (__fini_array_end = .)
                0x080062f8                        . = ALIGN (0x4)
                0x080062f8                        _sidata = LOADADDR (.data)

.rel.dyn        0x080062f8        0x0
 .rel.iplt      0x080062f8        0x0 C:/ST/STM32CubeIDE_1.15.1/STM32CubeIDE/plugins/com.st.stm32cube.ide.mcu.externaltools.gnu-tools-for-stm32.12.3.rel1.win32_1.0.100.202403111256/tools/bin/../lib/gcc/arm-none-eabi/12.3.1/thumb/v7e-m+fp/hard/crtbegin.o

.data           0x20000000       0x60 load address 0x080062f8
                0x20000000                        . = ALIGN (0x4)
                0x20000000                        _sdata = .
 *(.data)
 *(.data*)
 .data.SystemCoreClock
                0x20000000        0x4 ./Core/Src/system_stm32l4xx.o
                0x20000000                SystemCoreClock
 .data.uwTickPrio
                0x20000004        0x4 ./Drivers/STM32L4xx_HAL_Driver/Src/stm32l4xx_hal.o
                0x20000004                uwTickPrio
 .data.uwTickFreq
                0x20000008        0x1 ./Drivers/STM32L4xx_HAL_Driver/Src/stm32l4xx_hal.o
                0x20000008                uwTickFreq
 *fill*         0x20000009        0x3 
 .data.uxCriticalNesting
                0x2000000c        0x4 ./Middlewares/Third_Party/FreeRTOS/Source/portable/GCC/ARM_CM4F/port.o
 .data._impure_ptr
                0x20000010        0x4 C:/ST/STM32CubeIDE_1.15.1/STM32CubeIDE/plugins/com.st.stm32cube.ide.mcu.externaltools.gnu-tools-for-stm32.12.3.rel1.win32_1.0.100.202403111256/tools/bin/../lib/gcc/arm-none-eabi/12.3.1/../../../../arm-none-eabi/lib/thumb/v7e-m+fp/hard\libc_nano.a(libc_a-impure.o)
                0x20000010                _impure_ptr
 .data._impure_data
                0x20000014       0x4c C:/ST/STM32CubeIDE_1.15.1/STM32CubeIDE/plugins/com.st.stm32cube.ide.mcu.externaltools.gnu-tools-for-stm32.12.3.rel1.win32_1.0.100.202403111256/tools/bin/../lib/gcc/arm-none-eabi/12.3.1/../../../../arm-none-eabi/lib/thumb/v7e-m+fp/hard\libc_nano.a(libc_a-impure.o)
                0x20000014                _impure_data
 *(.RamFunc)
 *(.RamFunc*)
                0x20000060                        . = ALIGN (0x4)
                0x20000060                        _edata = .

.igot.plt       0x20000060        0x0 load address 0x08006358
 .igot.plt      0x20000060        0x0 C:/ST/STM32CubeIDE_1.15.1/STM32CubeIDE/plugins/com.st.stm32cube.ide.mcu.externaltools.gnu-tools-for-stm32.12.3.rel1.win32_1.0.100.202403111256/tools/bin/../lib/gcc/arm-none-eabi/12.3.1/thumb/v7e-m+fp/hard/crtbegin.o
                0x20000060                        . = ALIGN (0x4)

.bss            0x20000060     0x125c load address 0x08006358
                0x20000060                        _sbss = .
                0x20000060                        __bss_start__ = _sbss
 *(.bss)
 .bss           0x20000060       0x1c C:/ST/STM32CubeIDE_1.15.1/STM32CubeIDE/plugins/com.st.stm32cube.ide.mcu.externaltools.gnu-tools-for-stm32.12.3.rel1.win32_1.0.100.202403111256/tools/bin/../lib/gcc/arm-none-eabi/12.3.1/thumb/v7e-m+fp/hard/crtbegin.o
 *(.bss*)
 .bss.myMutexHandle01
                0x2000007c        0x4 ./Core/Src/MutexCtrl.o
                0x2000007c                myMutexHandle01
 .bss.buffer    0x20000080       0x64 ./Core/Src/MutexCtrl.o
                0x20000080                buffer
 .bss.status    0x200000e4        0x4 ./Core/Src/MutexCtrl.o
                0x200000e4                status
 .bss.xIdleTaskTCBBuffer
                0x200000e8       0xa0 ./Core/Src/freertos.o
 .bss.xIdleStack
                0x20000188      0x200 ./Core/Src/freertos.o
 .bss.huart2    0x20000388       0x88 ./Core/Src/main.o
                0x20000388                huart2
 .bss.myTask01Handle
                0x20000410        0x4 ./Core/Src/main.o
                0x20000410                myTask01Handle
 .bss.myTask02Handle
                0x20000414        0x4 ./Core/Src/main.o
                0x20000414                myTask02Handle
 .bss.myTask03Handle
                0x20000418        0x4 ./Core/Src/main.o
                0x20000418                myTask03Handle
 .bss.myMutex01Handle
                0x2000041c        0x4 ./Core/Src/main.o
                0x2000041c                myMutex01Handle
 .bss.htim1     0x20000420       0x4c ./Core/Src/stm32l4xx_hal_timebase_tim.o
                0x20000420                htim1
 .bss.uwTick    0x2000046c        0x4 ./Drivers/STM32L4xx_HAL_Driver/Src/stm32l4xx_hal.o
                0x2000046c                uwTick
 .bss.pxCurrentTCB
                0x20000470        0x4 ./Middlewares/Third_Party/FreeRTOS/Source/tasks.o
                0x20000470                pxCurrentTCB
 .bss.pxReadyTasksLists
                0x20000474       0x8c ./Middlewares/Third_Party/FreeRTOS/Source/tasks.o
 .bss.xDelayedTaskList1
                0x20000500       0x14 ./Middlewares/Third_Party/FreeRTOS/Source/tasks.o
 .bss.xDelayedTaskList2
                0x20000514       0x14 ./Middlewares/Third_Party/FreeRTOS/Source/tasks.o
 .bss.pxDelayedTaskList
                0x20000528        0x4 ./Middlewares/Third_Party/FreeRTOS/Source/tasks.o
 .bss.pxOverflowDelayedTaskList
                0x2000052c        0x4 ./Middlewares/Third_Party/FreeRTOS/Source/tasks.o
 .bss.xPendingReadyList
                0x20000530       0x14 ./Middlewares/Third_Party/FreeRTOS/Source/tasks.o
 .bss.xTasksWaitingTermination
                0x20000544       0x14 ./Middlewares/Third_Party/FreeRTOS/Source/tasks.o
 .bss.uxDeletedTasksWaitingCleanUp
                0x20000558        0x4 ./Middlewares/Third_Party/FreeRTOS/Source/tasks.o
 .bss.xSuspendedTaskList
                0x2000055c       0x14 ./Middlewares/Third_Party/FreeRTOS/Source/tasks.o
 .bss.uxCurrentNumberOfTasks
                0x20000570        0x4 ./Middlewares/Third_Party/FreeRTOS/Source/tasks.o
 .bss.xTickCount
                0x20000574        0x4 ./Middlewares/Third_Party/FreeRTOS/Source/tasks.o
 .bss.uxTopReadyPriority
                0x20000578        0x4 ./Middlewares/Third_Party/FreeRTOS/Source/tasks.o
 .bss.xSchedulerRunning
                0x2000057c        0x4 ./Middlewares/Third_Party/FreeRTOS/Source/tasks.o
 .bss.xPendedTicks
                0x20000580        0x4 ./Middlewares/Third_Party/FreeRTOS/Source/tasks.o
 .bss.xYieldPending
                0x20000584        0x4 ./Middlewares/Third_Party/FreeRTOS/Source/tasks.o
 .bss.xNumOfOverflows
                0x20000588        0x4 ./Middlewares/Third_Party/FreeRTOS/Source/tasks.o
 .bss.uxTaskNumber
                0x2000058c        0x4 ./Middlewares/Third_Party/FreeRTOS/Source/tasks.o
 .bss.xNextTaskUnblockTime
                0x20000590        0x4 ./Middlewares/Third_Party/FreeRTOS/Source/tasks.o
 .bss.xIdleTaskHandle
                0x20000594        0x4 ./Middlewares/Third_Party/FreeRTOS/Source/tasks.o
 .bss.uxSchedulerSuspended
                0x20000598        0x4 ./Middlewares/Third_Party/FreeRTOS/Source/tasks.o
 .bss.ucMaxSysCallPriority
                0x2000059c        0x1 ./Middlewares/Third_Party/FreeRTOS/Source/portable/GCC/ARM_CM4F/port.o
 *fill*         0x2000059d        0x3 
 .bss.ulMaxPRIGROUPValue
                0x200005a0        0x4 ./Middlewares/Third_Party/FreeRTOS/Source/portable/GCC/ARM_CM4F/port.o
 .bss.ucHeap    0x200005a4      0xbb8 ./Middlewares/Third_Party/FreeRTOS/Source/portable/MemMang/heap_4.o
 .bss.xStart    0x2000115c        0x8 ./Middlewares/Third_Party/FreeRTOS/Source/portable/MemMang/heap_4.o
 .bss.pxEnd     0x20001164        0x4 ./Middlewares/Third_Party/FreeRTOS/Source/portable/MemMang/heap_4.o
 .bss.xFreeBytesRemaining
                0x20001168        0x4 ./Middlewares/Third_Party/FreeRTOS/Source/portable/MemMang/heap_4.o
 .bss.xMinimumEverFreeBytesRemaining
                0x2000116c        0x4 ./Middlewares/Third_Party/FreeRTOS/Source/portable/MemMang/heap_4.o
 .bss.xNumberOfSuccessfulAllocations
                0x20001170        0x4 ./Middlewares/Third_Party/FreeRTOS/Source/portable/MemMang/heap_4.o
 .bss.xNumberOfSuccessfulFrees
                0x20001174        0x4 ./Middlewares/Third_Party/FreeRTOS/Source/portable/MemMang/heap_4.o
 .bss.xBlockAllocatedBit
                0x20001178        0x4 ./Middlewares/Third_Party/FreeRTOS/Source/portable/MemMang/heap_4.o
 .bss.__sf      0x2000117c      0x138 C:/ST/STM32CubeIDE_1.15.1/STM32CubeIDE/plugins/com.st.stm32cube.ide.mcu.externaltools.gnu-tools-for-stm32.12.3.rel1.win32_1.0.100.202403111256/tools/bin/../lib/gcc/arm-none-eabi/12.3.1/../../../../arm-none-eabi/lib/thumb/v7e-m+fp/hard\libc_nano.a(libc_a-findfp.o)
                0x2000117c                __sf
 .bss.__lock___malloc_recursive_mutex
                0x200012b4        0x1 C:/ST/STM32CubeIDE_1.15.1/STM32CubeIDE/plugins/com.st.stm32cube.ide.mcu.externaltools.gnu-tools-for-stm32.12.3.rel1.win32_1.0.100.202403111256/tools/bin/../lib/gcc/arm-none-eabi/12.3.1/../../../../arm-none-eabi/lib/thumb/v7e-m+fp/hard\libc_nano.a(libc_a-lock.o)
                0x200012b4                __lock___malloc_recursive_mutex
 *fill*         0x200012b5        0x3 
 .bss.__malloc_free_list
                0x200012b8        0x4 C:/ST/STM32CubeIDE_1.15.1/STM32CubeIDE/plugins/com.st.stm32cube.ide.mcu.externaltools.gnu-tools-for-stm32.12.3.rel1.win32_1.0.100.202403111256/tools/bin/../lib/gcc/arm-none-eabi/12.3.1/../../../../arm-none-eabi/lib/thumb/v7e-m+fp/hard\libc_nano.a(libc_a-mallocr.o)
                0x200012b8                __malloc_free_list
 *(COMMON)
                0x200012bc                        . = ALIGN (0x4)
                0x200012bc                        _ebss = .
                0x200012bc                        __bss_end__ = _ebss

._user_heap_stack
                0x200012bc      0x604 load address 0x08006358
                0x200012c0                        . = ALIGN (0x8)
 *fill*         0x200012bc        0x4 
                [!provide]                        PROVIDE (end = .)
                0x200012c0                        PROVIDE (_end = .)
                0x200014c0                        . = (. + _Min_Heap_Size)
 *fill*         0x200012c0      0x200 
                0x200018c0                        . = (. + _Min_Stack_Size)
 *fill*         0x200014c0      0x400 
                0x200018c0                        . = ALIGN (0x8)

/DISCARD/
 libc.a(*)
 libm.a(*)
 libgcc.a(*)

.ARM.attributes
                0x00000000       0x30
 *(.ARM.attributes)
 .ARM.attributes
                0x00000000       0x22 C:/ST/STM32CubeIDE_1.15.1/STM32CubeIDE/plugins/com.st.stm32cube.ide.mcu.externaltools.gnu-tools-for-stm32.12.3.rel1.win32_1.0.100.202403111256/tools/bin/../lib/gcc/arm-none-eabi/12.3.1/thumb/v7e-m+fp/hard/crti.o
 .ARM.attributes
                0x00000022       0x34 C:/ST/STM32CubeIDE_1.15.1/STM32CubeIDE/plugins/com.st.stm32cube.ide.mcu.externaltools.gnu-tools-for-stm32.12.3.rel1.win32_1.0.100.202403111256/tools/bin/../lib/gcc/arm-none-eabi/12.3.1/thumb/v7e-m+fp/hard/crtbegin.o
 .ARM.attributes
                0x00000056       0x34 ./Core/Src/MutexCtrl.o
 .ARM.attributes
                0x0000008a       0x34 ./Core/Src/freertos.o
 .ARM.attributes
                0x000000be       0x34 ./Core/Src/main.o
 .ARM.attributes
                0x000000f2       0x34 ./Core/Src/stm32l4xx_hal_msp.o
 .ARM.attributes
                0x00000126       0x34 ./Core/Src/stm32l4xx_hal_timebase_tim.o
 .ARM.attributes
                0x0000015a       0x34 ./Core/Src/stm32l4xx_it.o
 .ARM.attributes
                0x0000018e       0x34 ./Core/Src/system_stm32l4xx.o
 .ARM.attributes
                0x000001c2       0x21 ./Core/Startup/startup_stm32l476rgtx.o
 .ARM.attributes
                0x000001e3       0x34 ./Drivers/STM32L4xx_HAL_Driver/Src/stm32l4xx_hal.o
 .ARM.attributes
                0x00000217       0x34 ./Drivers/STM32L4xx_HAL_Driver/Src/stm32l4xx_hal_cortex.o
 .ARM.attributes
                0x0000024b       0x34 ./Drivers/STM32L4xx_HAL_Driver/Src/stm32l4xx_hal_gpio.o
 .ARM.attributes
                0x0000027f       0x34 ./Drivers/STM32L4xx_HAL_Driver/Src/stm32l4xx_hal_pwr_ex.o
 .ARM.attributes
                0x000002b3       0x34 ./Drivers/STM32L4xx_HAL_Driver/Src/stm32l4xx_hal_rcc.o
 .ARM.attributes
                0x000002e7       0x34 ./Drivers/STM32L4xx_HAL_Driver/Src/stm32l4xx_hal_rcc_ex.o
 .ARM.attributes
                0x0000031b       0x34 ./Drivers/STM32L4xx_HAL_Driver/Src/stm32l4xx_hal_tim.o
 .ARM.attributes
                0x0000034f       0x34 ./Drivers/STM32L4xx_HAL_Driver/Src/stm32l4xx_hal_tim_ex.o
 .ARM.attributes
                0x00000383       0x34 ./Drivers/STM32L4xx_HAL_Driver/Src/stm32l4xx_hal_uart.o
 .ARM.attributes
                0x000003b7       0x34 ./Middlewares/Third_Party/FreeRTOS/Source/CMSIS_RTOS/cmsis_os.o
 .ARM.attributes
                0x000003eb       0x34 ./Middlewares/Third_Party/FreeRTOS/Source/list.o
 .ARM.attributes
                0x0000041f       0x34 ./Middlewares/Third_Party/FreeRTOS/Source/queue.o
 .ARM.attributes
                0x00000453       0x34 ./Middlewares/Third_Party/FreeRTOS/Source/tasks.o
 .ARM.attributes
                0x00000487       0x34 ./Middlewares/Third_Party/FreeRTOS/Source/portable/GCC/ARM_CM4F/port.o
 .ARM.attributes
                0x000004bb       0x34 ./Middlewares/Third_Party/FreeRTOS/Source/portable/MemMang/heap_4.o
 .ARM.attributes
                0x000004ef       0x34 C:/ST/STM32CubeIDE_1.15.1/STM32CubeIDE/plugins/com.st.stm32cube.ide.mcu.externaltools.gnu-tools-for-stm32.12.3.rel1.win32_1.0.100.202403111256/tools/bin/../lib/gcc/arm-none-eabi/12.3.1/../../../../arm-none-eabi/lib/thumb/v7e-m+fp/hard\libc_nano.a(libc_a-findfp.o)
 .ARM.attributes
                0x00000523       0x34 C:/ST/STM32CubeIDE_1.15.1/STM32CubeIDE/plugins/com.st.stm32cube.ide.mcu.externaltools.gnu-tools-for-stm32.12.3.rel1.win32_1.0.100.202403111256/tools/bin/../lib/gcc/arm-none-eabi/12.3.1/../../../../arm-none-eabi/lib/thumb/v7e-m+fp/hard\libc_nano.a(libc_a-memset.o)
 .ARM.attributes
                0x00000557       0x34 C:/ST/STM32CubeIDE_1.15.1/STM32CubeIDE/plugins/com.st.stm32cube.ide.mcu.externaltools.gnu-tools-for-stm32.12.3.rel1.win32_1.0.100.202403111256/tools/bin/../lib/gcc/arm-none-eabi/12.3.1/../../../../arm-none-eabi/lib/thumb/v7e-m+fp/hard\libc_nano.a(libc_a-reent.o)
 .ARM.attributes
                0x0000058b       0x34 C:/ST/STM32CubeIDE_1.15.1/STM32CubeIDE/plugins/com.st.stm32cube.ide.mcu.externaltools.gnu-tools-for-stm32.12.3.rel1.win32_1.0.100.202403111256/tools/bin/../lib/gcc/arm-none-eabi/12.3.1/../../../../arm-none-eabi/lib/thumb/v7e-m+fp/hard\libc_nano.a(libc_a-impure.o)
 .ARM.attributes
                0x000005bf       0x34 C:/ST/STM32CubeIDE_1.15.1/STM32CubeIDE/plugins/com.st.stm32cube.ide.mcu.externaltools.gnu-tools-for-stm32.12.3.rel1.win32_1.0.100.202403111256/tools/bin/../lib/gcc/arm-none-eabi/12.3.1/../../../../arm-none-eabi/lib/thumb/v7e-m+fp/hard\libc_nano.a(libc_a-init.o)
 .ARM.attributes
                0x000005f3       0x34 C:/ST/STM32CubeIDE_1.15.1/STM32CubeIDE/plugins/com.st.stm32cube.ide.mcu.externaltools.gnu-tools-for-stm32.12.3.rel1.win32_1.0.100.202403111256/tools/bin/../lib/gcc/arm-none-eabi/12.3.1/../../../../arm-none-eabi/lib/thumb/v7e-m+fp/hard\libc_nano.a(libc_a-lock.o)
 .ARM.attributes
                0x00000627       0x34 C:/ST/STM32CubeIDE_1.15.1/STM32CubeIDE/plugins/com.st.stm32cube.ide.mcu.externaltools.gnu-tools-for-stm32.12.3.rel1.win32_1.0.100.202403111256/tools/bin/../lib/gcc/arm-none-eabi/12.3.1/../../../../arm-none-eabi/lib/thumb/v7e-m+fp/hard\libc_nano.a(libc_a-memcpy-stub.o)
 .ARM.attributes
                0x0000065b       0x34 C:/ST/STM32CubeIDE_1.15.1/STM32CubeIDE/plugins/com.st.stm32cube.ide.mcu.externaltools.gnu-tools-for-stm32.12.3.rel1.win32_1.0.100.202403111256/tools/bin/../lib/gcc/arm-none-eabi/12.3.1/../../../../arm-none-eabi/lib/thumb/v7e-m+fp/hard\libc_nano.a(libc_a-freer.o)
 .ARM.attributes
                0x0000068f       0x34 C:/ST/STM32CubeIDE_1.15.1/STM32CubeIDE/plugins/com.st.stm32cube.ide.mcu.externaltools.gnu-tools-for-stm32.12.3.rel1.win32_1.0.100.202403111256/tools/bin/../lib/gcc/arm-none-eabi/12.3.1/../../../../arm-none-eabi/lib/thumb/v7e-m+fp/hard\libc_nano.a(libc_a-mallocr.o)
 .ARM.attributes
                0x000006c3       0x34 C:/ST/STM32CubeIDE_1.15.1/STM32CubeIDE/plugins/com.st.stm32cube.ide.mcu.externaltools.gnu-tools-for-stm32.12.3.rel1.win32_1.0.100.202403111256/tools/bin/../lib/gcc/arm-none-eabi/12.3.1/../../../../arm-none-eabi/lib/thumb/v7e-m+fp/hard\libc_nano.a(libc_a-mlock.o)
 .ARM.attributes
                0x000006f7       0x22 C:/ST/STM32CubeIDE_1.15.1/STM32CubeIDE/plugins/com.st.stm32cube.ide.mcu.externaltools.gnu-tools-for-stm32.12.3.rel1.win32_1.0.100.202403111256/tools/bin/../lib/gcc/arm-none-eabi/12.3.1/thumb/v7e-m+fp/hard\libgcc.a(_aeabi_uldivmod.o)
 .ARM.attributes
                0x00000719       0x34 C:/ST/STM32CubeIDE_1.15.1/STM32CubeIDE/plugins/com.st.stm32cube.ide.mcu.externaltools.gnu-tools-for-stm32.12.3.rel1.win32_1.0.100.202403111256/tools/bin/../lib/gcc/arm-none-eabi/12.3.1/thumb/v7e-m+fp/hard\libgcc.a(_udivmoddi4.o)
 .ARM.attributes
                0x0000074d       0x22 C:/ST/STM32CubeIDE_1.15.1/STM32CubeIDE/plugins/com.st.stm32cube.ide.mcu.externaltools.gnu-tools-for-stm32.12.3.rel1.win32_1.0.100.202403111256/tools/bin/../lib/gcc/arm-none-eabi/12.3.1/thumb/v7e-m+fp/hard\libgcc.a(_dvmd_tls.o)
 .ARM.attributes
                0x0000076f       0x22 C:/ST/STM32CubeIDE_1.15.1/STM32CubeIDE/plugins/com.st.stm32cube.ide.mcu.externaltools.gnu-tools-for-stm32.12.3.rel1.win32_1.0.100.202403111256/tools/bin/../lib/gcc/arm-none-eabi/12.3.1/thumb/v7e-m+fp/hard/crtn.o
OUTPUT(lab4.elf elf32-littlearm)
LOAD linker stubs
LOAD C:/ST/STM32CubeIDE_1.15.1/STM32CubeIDE/plugins/com.st.stm32cube.ide.mcu.externaltools.gnu-tools-for-stm32.12.3.rel1.win32_1.0.100.202403111256/tools/bin/../lib/gcc/arm-none-eabi/12.3.1/../../../../arm-none-eabi/lib/thumb/v7e-m+fp/hard\libc.a
LOAD C:/ST/STM32CubeIDE_1.15.1/STM32CubeIDE/plugins/com.st.stm32cube.ide.mcu.externaltools.gnu-tools-for-stm32.12.3.rel1.win32_1.0.100.202403111256/tools/bin/../lib/gcc/arm-none-eabi/12.3.1/../../../../arm-none-eabi/lib/thumb/v7e-m+fp/hard\libm.a
LOAD C:/ST/STM32CubeIDE_1.15.1/STM32CubeIDE/plugins/com.st.stm32cube.ide.mcu.externaltools.gnu-tools-for-stm32.12.3.rel1.win32_1.0.100.202403111256/tools/bin/../lib/gcc/arm-none-eabi/12.3.1/thumb/v7e-m+fp/hard\libgcc.a

.debug_info     0x00000000    0x184f2
 .debug_info    0x00000000      0xa36 ./Core/Src/MutexCtrl.o
 .debug_info    0x00000a36      0x919 ./Core/Src/freertos.o
 .debug_info    0x0000134f     0x1e12 ./Core/Src/main.o
 .debug_info    0x00003161      0xf7a ./Core/Src/stm32l4xx_hal_msp.o
 .debug_info    0x000040db      0xc71 ./Core/Src/stm32l4xx_hal_timebase_tim.o
 .debug_info    0x00004d4c      0x6d1 ./Core/Src/stm32l4xx_it.o
 .debug_info    0x0000541d      0x5b1 ./Core/Src/system_stm32l4xx.o
 .debug_info    0x000059ce       0x30 ./Core/Startup/startup_stm32l476rgtx.o
 .debug_info    0x000059fe      0xc09 ./Drivers/STM32L4xx_HAL_Driver/Src/stm32l4xx_hal.o
 .debug_info    0x00006607      0xd81 ./Drivers/STM32L4xx_HAL_Driver/Src/stm32l4xx_hal_cortex.o
 .debug_info    0x00007388      0x757 ./Drivers/STM32L4xx_HAL_Driver/Src/stm32l4xx_hal_gpio.o
 .debug_info    0x00007adf      0x99e ./Drivers/STM32L4xx_HAL_Driver/Src/stm32l4xx_hal_pwr_ex.o
 .debug_info    0x0000847d      0xc14 ./Drivers/STM32L4xx_HAL_Driver/Src/stm32l4xx_hal_rcc.o
 .debug_info    0x00009091      0xe11 ./Drivers/STM32L4xx_HAL_Driver/Src/stm32l4xx_hal_rcc_ex.o
 .debug_info    0x00009ea2     0x2a9a ./Drivers/STM32L4xx_HAL_Driver/Src/stm32l4xx_hal_tim.o
 .debug_info    0x0000c93c     0x169e ./Drivers/STM32L4xx_HAL_Driver/Src/stm32l4xx_hal_tim_ex.o
 .debug_info    0x0000dfda     0x3b69 ./Drivers/STM32L4xx_HAL_Driver/Src/stm32l4xx_hal_uart.o
 .debug_info    0x00011b43     0x21e2 ./Middlewares/Third_Party/FreeRTOS/Source/CMSIS_RTOS/cmsis_os.o
 .debug_info    0x00013d25      0x2af ./Middlewares/Third_Party/FreeRTOS/Source/list.o
 .debug_info    0x00013fd4     0x17cd ./Middlewares/Third_Party/FreeRTOS/Source/queue.o
 .debug_info    0x000157a1     0x239e ./Middlewares/Third_Party/FreeRTOS/Source/tasks.o
 .debug_info    0x00017b3f      0x4de ./Middlewares/Third_Party/FreeRTOS/Source/portable/GCC/ARM_CM4F/port.o
 .debug_info    0x0001801d      0x4d5 ./Middlewares/Third_Party/FreeRTOS/Source/portable/MemMang/heap_4.o

.debug_abbrev   0x00000000     0x34b9
 .debug_abbrev  0x00000000      0x1fe ./Core/Src/MutexCtrl.o
 .debug_abbrev  0x000001fe      0x16f ./Core/Src/freertos.o
 .debug_abbrev  0x0000036d      0x34c ./Core/Src/main.o
 .debug_abbrev  0x000006b9      0x1d8 ./Core/Src/stm32l4xx_hal_msp.o
 .debug_abbrev  0x00000891      0x1f4 ./Core/Src/stm32l4xx_hal_timebase_tim.o
 .debug_abbrev  0x00000a85      0x17e ./Core/Src/stm32l4xx_it.o
 .debug_abbrev  0x00000c03      0x11a ./Core/Src/system_stm32l4xx.o
 .debug_abbrev  0x00000d1d       0x24 ./Core/Startup/startup_stm32l476rgtx.o
 .debug_abbrev  0x00000d41      0x243 ./Drivers/STM32L4xx_HAL_Driver/Src/stm32l4xx_hal.o
 .debug_abbrev  0x00000f84      0x31c ./Drivers/STM32L4xx_HAL_Driver/Src/stm32l4xx_hal_cortex.o
 .debug_abbrev  0x000012a0      0x1cb ./Drivers/STM32L4xx_HAL_Driver/Src/stm32l4xx_hal_gpio.o
 .debug_abbrev  0x0000146b      0x1f9 ./Drivers/STM32L4xx_HAL_Driver/Src/stm32l4xx_hal_pwr_ex.o
 .debug_abbrev  0x00001664      0x2cb ./Drivers/STM32L4xx_HAL_Driver/Src/stm32l4xx_hal_rcc.o
 .debug_abbrev  0x0000192f      0x2a6 ./Drivers/STM32L4xx_HAL_Driver/Src/stm32l4xx_hal_rcc_ex.o
 .debug_abbrev  0x00001bd5      0x278 ./Drivers/STM32L4xx_HAL_Driver/Src/stm32l4xx_hal_tim.o
 .debug_abbrev  0x00001e4d      0x283 ./Drivers/STM32L4xx_HAL_Driver/Src/stm32l4xx_hal_tim_ex.o
 .debug_abbrev  0x000020d0      0x2d0 ./Drivers/STM32L4xx_HAL_Driver/Src/stm32l4xx_hal_uart.o
 .debug_abbrev  0x000023a0      0x426 ./Middlewares/Third_Party/FreeRTOS/Source/CMSIS_RTOS/cmsis_os.o
 .debug_abbrev  0x000027c6       0xf5 ./Middlewares/Third_Party/FreeRTOS/Source/list.o
 .debug_abbrev  0x000028bb      0x3b5 ./Middlewares/Third_Party/FreeRTOS/Source/queue.o
 .debug_abbrev  0x00002c70      0x3d0 ./Middlewares/Third_Party/FreeRTOS/Source/tasks.o
 .debug_abbrev  0x00003040      0x25c ./Middlewares/Third_Party/FreeRTOS/Source/portable/GCC/ARM_CM4F/port.o
 .debug_abbrev  0x0000329c      0x21d ./Middlewares/Third_Party/FreeRTOS/Source/portable/MemMang/heap_4.o

.debug_aranges  0x00000000     0x1440
 .debug_aranges
                0x00000000       0x28 ./Core/Src/MutexCtrl.o
 .debug_aranges
                0x00000028       0x20 ./Core/Src/freertos.o
 .debug_aranges
                0x00000048       0x60 ./Core/Src/main.o
 .debug_aranges
                0x000000a8       0x30 ./Core/Src/stm32l4xx_hal_msp.o
 .debug_aranges
                0x000000d8       0x30 ./Core/Src/stm32l4xx_hal_timebase_tim.o
 .debug_aranges
                0x00000108       0x50 ./Core/Src/stm32l4xx_it.o
 .debug_aranges
                0x00000158       0x28 ./Core/Src/system_stm32l4xx.o
 .debug_aranges
                0x00000180       0x28 ./Core/Startup/startup_stm32l476rgtx.o
 .debug_aranges
                0x000001a8      0x130 ./Drivers/STM32L4xx_HAL_Driver/Src/stm32l4xx_hal.o
 .debug_aranges
                0x000002d8      0x128 ./Drivers/STM32L4xx_HAL_Driver/Src/stm32l4xx_hal_cortex.o
 .debug_aranges
                0x00000400       0x58 ./Drivers/STM32L4xx_HAL_Driver/Src/stm32l4xx_hal_gpio.o
 .debug_aranges
                0x00000458      0x160 ./Drivers/STM32L4xx_HAL_Driver/Src/stm32l4xx_hal_pwr_ex.o
 .debug_aranges
                0x000005b8       0x90 ./Drivers/STM32L4xx_HAL_Driver/Src/stm32l4xx_hal_rcc.o
 .debug_aranges
                0x00000648       0xc0 ./Drivers/STM32L4xx_HAL_Driver/Src/stm32l4xx_hal_rcc_ex.o
 .debug_aranges
                0x00000708      0x3e0 ./Drivers/STM32L4xx_HAL_Driver/Src/stm32l4xx_hal_tim.o
 .debug_aranges
                0x00000ae8      0x180 ./Drivers/STM32L4xx_HAL_Driver/Src/stm32l4xx_hal_tim_ex.o
 .debug_aranges
                0x00000c68      0x228 ./Drivers/STM32L4xx_HAL_Driver/Src/stm32l4xx_hal_uart.o
 .debug_aranges
                0x00000e90      0x1d8 ./Middlewares/Third_Party/FreeRTOS/Source/CMSIS_RTOS/cmsis_os.o
 .debug_aranges
                0x00001068       0x40 ./Middlewares/Third_Party/FreeRTOS/Source/list.o
 .debug_aranges
                0x000010a8      0x108 ./Middlewares/Third_Party/FreeRTOS/Source/queue.o
 .debug_aranges
                0x000011b0      0x1b8 ./Middlewares/Third_Party/FreeRTOS/Source/tasks.o
 .debug_aranges
                0x00001368       0x80 ./Middlewares/Third_Party/FreeRTOS/Source/portable/GCC/ARM_CM4F/port.o
 .debug_aranges
                0x000013e8       0x58 ./Middlewares/Third_Party/FreeRTOS/Source/portable/MemMang/heap_4.o

.debug_rnglists
                0x00000000      0xfbc
 .debug_rnglists
                0x00000000       0x1a ./Core/Src/MutexCtrl.o
 .debug_rnglists
                0x0000001a       0x13 ./Core/Src/freertos.o
 .debug_rnglists
                0x0000002d       0x46 ./Core/Src/main.o
 .debug_rnglists
                0x00000073       0x20 ./Core/Src/stm32l4xx_hal_msp.o
 .debug_rnglists
                0x00000093       0x20 ./Core/Src/stm32l4xx_hal_timebase_tim.o
 .debug_rnglists
                0x000000b3       0x37 ./Core/Src/stm32l4xx_it.o
 .debug_rnglists
                0x000000ea       0x1a ./Core/Src/system_stm32l4xx.o
 .debug_rnglists
                0x00000104       0x19 ./Core/Startup/startup_stm32l476rgtx.o
 .debug_rnglists
                0x0000011d       0xdf ./Drivers/STM32L4xx_HAL_Driver/Src/stm32l4xx_hal.o
 .debug_rnglists
                0x000001fc       0xda ./Drivers/STM32L4xx_HAL_Driver/Src/stm32l4xx_hal_cortex.o
 .debug_rnglists
                0x000002d6       0x3f ./Drivers/STM32L4xx_HAL_Driver/Src/stm32l4xx_hal_gpio.o
 .debug_rnglists
                0x00000315      0x109 ./Drivers/STM32L4xx_HAL_Driver/Src/stm32l4xx_hal_pwr_ex.o
 .debug_rnglists
                0x0000041e       0x6d ./Drivers/STM32L4xx_HAL_Driver/Src/stm32l4xx_hal_rcc.o
 .debug_rnglists
                0x0000048b       0x95 ./Drivers/STM32L4xx_HAL_Driver/Src/stm32l4xx_hal_rcc_ex.o
 .debug_rnglists
                0x00000520      0x328 ./Drivers/STM32L4xx_HAL_Driver/Src/stm32l4xx_hal_tim.o
 .debug_rnglists
                0x00000848      0x139 ./Drivers/STM32L4xx_HAL_Driver/Src/stm32l4xx_hal_tim_ex.o
 .debug_rnglists
                0x00000981      0x1db ./Drivers/STM32L4xx_HAL_Driver/Src/stm32l4xx_hal_uart.o
 .debug_rnglists
                0x00000b5c      0x16a ./Middlewares/Third_Party/FreeRTOS/Source/CMSIS_RTOS/cmsis_os.o
 .debug_rnglists
                0x00000cc6       0x2b ./Middlewares/Third_Party/FreeRTOS/Source/list.o
 .debug_rnglists
                0x00000cf1       0xcd ./Middlewares/Third_Party/FreeRTOS/Source/queue.o
 .debug_rnglists
                0x00000dbe      0x15f ./Middlewares/Third_Party/FreeRTOS/Source/tasks.o
 .debug_rnglists
                0x00000f1d       0x5d ./Middlewares/Third_Party/FreeRTOS/Source/portable/GCC/ARM_CM4F/port.o
 .debug_rnglists
                0x00000f7a       0x42 ./Middlewares/Third_Party/FreeRTOS/Source/portable/MemMang/heap_4.o

.debug_macro    0x00000000    0x28622
 .debug_macro   0x00000000      0x31a ./Core/Src/MutexCtrl.o
 .debug_macro   0x0000031a      0xab4 ./Core/Src/MutexCtrl.o
 .debug_macro   0x00000dce      0x189 ./Core/Src/MutexCtrl.o
 .debug_macro   0x00000f57       0x22 ./Core/Src/MutexCtrl.o
 .debug_macro   0x00000f79       0x8e ./Core/Src/MutexCtrl.o
 .debug_macro   0x00001007       0x51 ./Core/Src/MutexCtrl.o
 .debug_macro   0x00001058      0x103 ./Core/Src/MutexCtrl.o
 .debug_macro   0x0000115b       0x6a ./Core/Src/MutexCtrl.o
 .debug_macro   0x000011c5      0x1df ./Core/Src/MutexCtrl.o
 .debug_macro   0x000013a4       0xf1 ./Core/Src/MutexCtrl.o
 .debug_macro   0x00001495      0x15a ./Core/Src/MutexCtrl.o
 .debug_macro   0x000015ef       0xde ./Core/Src/MutexCtrl.o
 .debug_macro   0x000016cd       0x1c ./Core/Src/MutexCtrl.o
 .debug_macro   0x000016e9       0x26 ./Core/Src/MutexCtrl.o
 .debug_macro   0x0000170f       0x61 ./Core/Src/MutexCtrl.o
 .debug_macro   0x00001770       0x2a ./Core/Src/MutexCtrl.o
 .debug_macro   0x0000179a       0x43 ./Core/Src/MutexCtrl.o
 .debug_macro   0x000017dd       0x34 ./Core/Src/MutexCtrl.o
 .debug_macro   0x00001811       0x16 ./Core/Src/MutexCtrl.o
 .debug_macro   0x00001827       0x43 ./Core/Src/MutexCtrl.o
 .debug_macro   0x0000186a       0x34 ./Core/Src/MutexCtrl.o
 .debug_macro   0x0000189e       0x10 ./Core/Src/MutexCtrl.o
 .debug_macro   0x000018ae       0x58 ./Core/Src/MutexCtrl.o
 .debug_macro   0x00001906       0x8e ./Core/Src/MutexCtrl.o
 .debug_macro   0x00001994       0x1c ./Core/Src/MutexCtrl.o
 .debug_macro   0x000019b0      0x177 ./Core/Src/MutexCtrl.o
 .debug_macro   0x00001b27       0x10 ./Core/Src/MutexCtrl.o
 .debug_macro   0x00001b37       0x35 ./Core/Src/MutexCtrl.o
 .debug_macro   0x00001b6c      0x4fe ./Core/Src/MutexCtrl.o
 .debug_macro   0x0000206a       0xb5 ./Core/Src/MutexCtrl.o
 .debug_macro   0x0000211f       0xaa ./Core/Src/MutexCtrl.o
 .debug_macro   0x000021c9       0x91 ./Core/Src/MutexCtrl.o
 .debug_macro   0x0000225a       0x8d ./Core/Src/MutexCtrl.o
 .debug_macro   0x000022e7       0x7e ./Core/Src/MutexCtrl.o
 .debug_macro   0x00002365       0x19 ./Core/Src/MutexCtrl.o
 .debug_macro   0x0000237e       0xf2 ./Core/Src/MutexCtrl.o
 .debug_macro   0x00002470      0x1a7 ./Core/Src/MutexCtrl.o
 .debug_macro   0x00002617       0x2e ./Core/Src/MutexCtrl.o
 .debug_macro   0x00002645       0x28 ./Core/Src/MutexCtrl.o
 .debug_macro   0x0000266d       0x1c ./Core/Src/MutexCtrl.o
 .debug_macro   0x00002689       0x22 ./Core/Src/MutexCtrl.o
 .debug_macro   0x000026ab       0xfb ./Core/Src/MutexCtrl.o
 .debug_macro   0x000027a6     0x1011 ./Core/Src/MutexCtrl.o
 .debug_macro   0x000037b7      0x11f ./Core/Src/MutexCtrl.o
 .debug_macro   0x000038d6    0x1a17a ./Core/Src/MutexCtrl.o
 .debug_macro   0x0001da50       0x6d ./Core/Src/MutexCtrl.o
 .debug_macro   0x0001dabd     0x38fb ./Core/Src/MutexCtrl.o
 .debug_macro   0x000213b8       0x5c ./Core/Src/MutexCtrl.o
 .debug_macro   0x00021414     0x159e ./Core/Src/MutexCtrl.o
 .debug_macro   0x000229b2      0x5a5 ./Core/Src/MutexCtrl.o
 .debug_macro   0x00022f57      0x1b9 ./Core/Src/MutexCtrl.o
 .debug_macro   0x00023110      0x18b ./Core/Src/MutexCtrl.o
 .debug_macro   0x0002329b      0x26b ./Core/Src/MutexCtrl.o
 .debug_macro   0x00023506      0x23d ./Core/Src/MutexCtrl.o
 .debug_macro   0x00023743      0x241 ./Core/Src/MutexCtrl.o
 .debug_macro   0x00023984      0x37c ./Core/Src/MutexCtrl.o
 .debug_macro   0x00023d00       0xd6 ./Core/Src/MutexCtrl.o
 .debug_macro   0x00023dd6      0x122 ./Core/Src/MutexCtrl.o
 .debug_macro   0x00023ef8      0x3ef ./Core/Src/MutexCtrl.o
 .debug_macro   0x000242e7      0xa98 ./Core/Src/MutexCtrl.o
 .debug_macro   0x00024d7f      0x1e6 ./Core/Src/MutexCtrl.o
 .debug_macro   0x00024f65      0x5cf ./Core/Src/MutexCtrl.o
 .debug_macro   0x00025534       0x44 ./Core/Src/MutexCtrl.o
 .debug_macro   0x00025578      0x330 ./Core/Src/MutexCtrl.o
 .debug_macro   0x000258a8      0x2d4 ./Core/Src/freertos.o
 .debug_macro   0x00025b7c       0x58 ./Core/Src/freertos.o
 .debug_macro   0x00025bd4      0x32d ./Core/Src/main.o
 .debug_macro   0x00025f01       0xf1 ./Core/Src/main.o
 .debug_macro   0x00025ff2      0x1cf ./Core/Src/stm32l4xx_hal_msp.o
 .debug_macro   0x000261c1      0x1c0 ./Core/Src/stm32l4xx_hal_timebase_tim.o
 .debug_macro   0x00026381      0x1d9 ./Core/Src/stm32l4xx_it.o
 .debug_macro   0x0002655a      0x1c0 ./Core/Src/system_stm32l4xx.o
 .debug_macro   0x0002671a      0x20e ./Drivers/STM32L4xx_HAL_Driver/Src/stm32l4xx_hal.o
 .debug_macro   0x00026928      0x1c0 ./Drivers/STM32L4xx_HAL_Driver/Src/stm32l4xx_hal_cortex.o
 .debug_macro   0x00026ae8      0x1c7 ./Drivers/STM32L4xx_HAL_Driver/Src/stm32l4xx_hal_gpio.o
 .debug_macro   0x00026caf      0x1e4 ./Drivers/STM32L4xx_HAL_Driver/Src/stm32l4xx_hal_pwr_ex.o
 .debug_macro   0x00026e93      0x202 ./Drivers/STM32L4xx_HAL_Driver/Src/stm32l4xx_hal_rcc.o
 .debug_macro   0x00027095      0x1f6 ./Drivers/STM32L4xx_HAL_Driver/Src/stm32l4xx_hal_rcc_ex.o
 .debug_macro   0x0002728b      0x1c1 ./Drivers/STM32L4xx_HAL_Driver/Src/stm32l4xx_hal_tim.o
 .debug_macro   0x0002744c      0x1c0 ./Drivers/STM32L4xx_HAL_Driver/Src/stm32l4xx_hal_tim_ex.o
 .debug_macro   0x0002760c      0x1eb ./Drivers/STM32L4xx_HAL_Driver/Src/stm32l4xx_hal_uart.o
 .debug_macro   0x000277f7      0x210 ./Middlewares/Third_Party/FreeRTOS/Source/CMSIS_RTOS/cmsis_os.o
 .debug_macro   0x00027a07       0x10 ./Middlewares/Third_Party/FreeRTOS/Source/CMSIS_RTOS/cmsis_os.o
 .debug_macro   0x00027a17       0x20 ./Middlewares/Third_Party/FreeRTOS/Source/CMSIS_RTOS/cmsis_os.o
 .debug_macro   0x00027a37       0x16 ./Middlewares/Third_Party/FreeRTOS/Source/CMSIS_RTOS/cmsis_os.o
 .debug_macro   0x00027a4d       0xe9 ./Middlewares/Third_Party/FreeRTOS/Source/CMSIS_RTOS/cmsis_os.o
 .debug_macro   0x00027b36      0x199 ./Middlewares/Third_Party/FreeRTOS/Source/list.o
 .debug_macro   0x00027ccf      0x228 ./Middlewares/Third_Party/FreeRTOS/Source/queue.o
 .debug_macro   0x00027ef7       0x16 ./Middlewares/Third_Party/FreeRTOS/Source/queue.o
 .debug_macro   0x00027f0d       0x87 ./Middlewares/Third_Party/FreeRTOS/Source/queue.o
 .debug_macro   0x00027f94      0x28b ./Middlewares/Third_Party/FreeRTOS/Source/tasks.o
 .debug_macro   0x0002821f       0x10 ./Middlewares/Third_Party/FreeRTOS/Source/tasks.o
 .debug_macro   0x0002822f      0x233 ./Middlewares/Third_Party/FreeRTOS/Source/portable/GCC/ARM_CM4F/port.o
 .debug_macro   0x00028462      0x1c0 ./Middlewares/Third_Party/FreeRTOS/Source/portable/MemMang/heap_4.o

.debug_line     0x00000000    0x17ede
 .debug_line    0x00000000      0xa7a ./Core/Src/MutexCtrl.o
 .debug_line    0x00000a7a      0x97f ./Core/Src/freertos.o
 .debug_line    0x000013f9      0xbae ./Core/Src/main.o
 .debug_line    0x00001fa7      0x7af ./Core/Src/stm32l4xx_hal_msp.o
 .debug_line    0x00002756      0x7bc ./Core/Src/stm32l4xx_hal_timebase_tim.o
 .debug_line    0x00002f12      0x7ec ./Core/Src/stm32l4xx_it.o
 .debug_line    0x000036fe      0x7ea ./Core/Src/system_stm32l4xx.o
 .debug_line    0x00003ee8       0x7a ./Core/Startup/startup_stm32l476rgtx.o
 .debug_line    0x00003f62      0xb46 ./Drivers/STM32L4xx_HAL_Driver/Src/stm32l4xx_hal.o
 .debug_line    0x00004aa8      0xd0e ./Drivers/STM32L4xx_HAL_Driver/Src/stm32l4xx_hal_cortex.o
 .debug_line    0x000057b6      0xbd1 ./Drivers/STM32L4xx_HAL_Driver/Src/stm32l4xx_hal_gpio.o
 .debug_line    0x00006387      0xd37 ./Drivers/STM32L4xx_HAL_Driver/Src/stm32l4xx_hal_pwr_ex.o
 .debug_line    0x000070be      0xfbe ./Drivers/STM32L4xx_HAL_Driver/Src/stm32l4xx_hal_rcc.o
 .debug_line    0x0000807c     0x1530 ./Drivers/STM32L4xx_HAL_Driver/Src/stm32l4xx_hal_rcc_ex.o
 .debug_line    0x000095ac     0x3e54 ./Drivers/STM32L4xx_HAL_Driver/Src/stm32l4xx_hal_tim.o
 .debug_line    0x0000d400     0x1c3e ./Drivers/STM32L4xx_HAL_Driver/Src/stm32l4xx_hal_tim_ex.o
 .debug_line    0x0000f03e     0x3257 ./Drivers/STM32L4xx_HAL_Driver/Src/stm32l4xx_hal_uart.o
 .debug_line    0x00012295     0x1271 ./Middlewares/Third_Party/FreeRTOS/Source/CMSIS_RTOS/cmsis_os.o
 .debug_line    0x00013506      0x7a1 ./Middlewares/Third_Party/FreeRTOS/Source/list.o
 .debug_line    0x00013ca7     0x1522 ./Middlewares/Third_Party/FreeRTOS/Source/queue.o
 .debug_line    0x000151c9     0x19df ./Middlewares/Third_Party/FreeRTOS/Source/tasks.o
 .debug_line    0x00016ba8      0x96a ./Middlewares/Third_Party/FreeRTOS/Source/portable/GCC/ARM_CM4F/port.o
 .debug_line    0x00017512      0x9cc ./Middlewares/Third_Party/FreeRTOS/Source/portable/MemMang/heap_4.o

.debug_str      0x00000000    0xfaf33
 .debug_str     0x00000000    0xf1f51 ./Core/Src/MutexCtrl.o
                              0xf22b1 (size before relaxing)
 .debug_str     0x000f1f51      0x536 ./Core/Src/freertos.o
                              0xeff6f (size before relaxing)
 .debug_str     0x000f2487      0x8dd ./Core/Src/main.o
                              0xf30a8 (size before relaxing)
 .debug_str     0x000f2d64      0x738 ./Core/Src/stm32l4xx_hal_msp.o
                              0xeafd3 (size before relaxing)
 .debug_str     0x000f349c      0x10a ./Core/Src/stm32l4xx_hal_timebase_tim.o
                              0xead3d (size before relaxing)
 .debug_str     0x000f35a6       0xbe ./Core/Src/stm32l4xx_it.o
                              0xea742 (size before relaxing)
 .debug_str     0x000f3664       0xf2 ./Core/Src/system_stm32l4xx.o
                              0xea29d (size before relaxing)
 .debug_str     0x000f3756       0x44 ./Core/Startup/startup_stm32l476rgtx.o
                                 0x60 (size before relaxing)
 .debug_str     0x000f379a      0x66d ./Drivers/STM32L4xx_HAL_Driver/Src/stm32l4xx_hal.o
                              0xeae9c (size before relaxing)
 .debug_str     0x000f3e07      0x360 ./Drivers/STM32L4xx_HAL_Driver/Src/stm32l4xx_hal_cortex.o
                              0xeab16 (size before relaxing)
 .debug_str     0x000f4167      0x123 ./Drivers/STM32L4xx_HAL_Driver/Src/stm32l4xx_hal_gpio.o
                              0xea416 (size before relaxing)
 .debug_str     0x000f428a      0x4e3 ./Drivers/STM32L4xx_HAL_Driver/Src/stm32l4xx_hal_pwr_ex.o
                              0xea7f8 (size before relaxing)
 .debug_str     0x000f476d      0x30f ./Drivers/STM32L4xx_HAL_Driver/Src/stm32l4xx_hal_rcc.o
                              0xea8e3 (size before relaxing)
 .debug_str     0x000f4a7c      0x3bf ./Drivers/STM32L4xx_HAL_Driver/Src/stm32l4xx_hal_rcc_ex.o
                              0xeaa5c (size before relaxing)
 .debug_str     0x000f4e3b      0xeb6 ./Drivers/STM32L4xx_HAL_Driver/Src/stm32l4xx_hal_tim.o
                              0xeb5dd (size before relaxing)
 .debug_str     0x000f5cf1      0x60d ./Drivers/STM32L4xx_HAL_Driver/Src/stm32l4xx_hal_tim_ex.o
                              0xeaef1 (size before relaxing)
 .debug_str     0x000f62fe      0x8cf ./Drivers/STM32L4xx_HAL_Driver/Src/stm32l4xx_hal_uart.o
                              0xeaff5 (size before relaxing)
 .debug_str     0x000f6bcd     0x1f5a ./Middlewares/Third_Party/FreeRTOS/Source/CMSIS_RTOS/cmsis_os.o
                               0xebd9 (size before relaxing)
 .debug_str     0x000f8b27      0x20f ./Middlewares/Third_Party/FreeRTOS/Source/list.o
                               0xaafb (size before relaxing)
 .debug_str     0x000f8d36      0x7ed ./Middlewares/Third_Party/FreeRTOS/Source/queue.o
                               0xc48e (size before relaxing)
 .debug_str     0x000f9523      0xf60 ./Middlewares/Third_Party/FreeRTOS/Source/tasks.o
                               0xd1b5 (size before relaxing)
 .debug_str     0x000fa483      0x783 ./Middlewares/Third_Party/FreeRTOS/Source/portable/GCC/ARM_CM4F/port.o
                               0xa2af (size before relaxing)
 .debug_str     0x000fac06      0x32d ./Middlewares/Third_Party/FreeRTOS/Source/portable/MemMang/heap_4.o
                               0xb43d (size before relaxing)

.comment        0x00000000       0x43
 .comment       0x00000000       0x43 ./Core/Src/MutexCtrl.o
                                 0x44 (size before relaxing)
 .comment       0x00000043       0x44 ./Core/Src/freertos.o
 .comment       0x00000043       0x44 ./Core/Src/main.o
 .comment       0x00000043       0x44 ./Core/Src/stm32l4xx_hal_msp.o
 .comment       0x00000043       0x44 ./Core/Src/stm32l4xx_hal_timebase_tim.o
 .comment       0x00000043       0x44 ./Core/Src/stm32l4xx_it.o
 .comment       0x00000043       0x44 ./Core/Src/system_stm32l4xx.o
 .comment       0x00000043       0x44 ./Drivers/STM32L4xx_HAL_Driver/Src/stm32l4xx_hal.o
 .comment       0x00000043       0x44 ./Drivers/STM32L4xx_HAL_Driver/Src/stm32l4xx_hal_cortex.o
 .comment       0x00000043       0x44 ./Drivers/STM32L4xx_HAL_Driver/Src/stm32l4xx_hal_gpio.o
 .comment       0x00000043       0x44 ./Drivers/STM32L4xx_HAL_Driver/Src/stm32l4xx_hal_pwr_ex.o
 .comment       0x00000043       0x44 ./Drivers/STM32L4xx_HAL_Driver/Src/stm32l4xx_hal_rcc.o
 .comment       0x00000043       0x44 ./Drivers/STM32L4xx_HAL_Driver/Src/stm32l4xx_hal_rcc_ex.o
 .comment       0x00000043       0x44 ./Drivers/STM32L4xx_HAL_Driver/Src/stm32l4xx_hal_tim.o
 .comment       0x00000043       0x44 ./Drivers/STM32L4xx_HAL_Driver/Src/stm32l4xx_hal_tim_ex.o
 .comment       0x00000043       0x44 ./Drivers/STM32L4xx_HAL_Driver/Src/stm32l4xx_hal_uart.o
 .comment       0x00000043       0x44 ./Middlewares/Third_Party/FreeRTOS/Source/CMSIS_RTOS/cmsis_os.o
 .comment       0x00000043       0x44 ./Middlewares/Third_Party/FreeRTOS/Source/list.o
 .comment       0x00000043       0x44 ./Middlewares/Third_Party/FreeRTOS/Source/queue.o
 .comment       0x00000043       0x44 ./Middlewares/Third_Party/FreeRTOS/Source/tasks.o
 .comment       0x00000043       0x44 ./Middlewares/Third_Party/FreeRTOS/Source/portable/GCC/ARM_CM4F/port.o
 .comment       0x00000043       0x44 ./Middlewares/Third_Party/FreeRTOS/Source/portable/MemMang/heap_4.o

.debug_frame    0x00000000     0x5754
 .debug_frame   0x00000000       0x58 ./Core/Src/MutexCtrl.o
 .debug_frame   0x00000058       0x38 ./Core/Src/freertos.o
 .debug_frame   0x00000090      0x134 ./Core/Src/main.o
 .debug_frame   0x000001c4       0x80 ./Core/Src/stm32l4xx_hal_msp.o
 .debug_frame   0x00000244       0x74 ./Core/Src/stm32l4xx_hal_timebase_tim.o
 .debug_frame   0x000002b8       0xc4 ./Core/Src/stm32l4xx_it.o
 .debug_frame   0x0000037c       0x58 ./Core/Src/system_stm32l4xx.o
 .debug_frame   0x000003d4      0x498 ./Drivers/STM32L4xx_HAL_Driver/Src/stm32l4xx_hal.o
 .debug_frame   0x0000086c      0x4e8 ./Drivers/STM32L4xx_HAL_Driver/Src/stm32l4xx_hal_cortex.o
 .debug_frame   0x00000d54      0x14c ./Drivers/STM32L4xx_HAL_Driver/Src/stm32l4xx_hal_gpio.o
 .debug_frame   0x00000ea0      0x584 ./Drivers/STM32L4xx_HAL_Driver/Src/stm32l4xx_hal_pwr_ex.o
 .debug_frame   0x00001424      0x21c ./Drivers/STM32L4xx_HAL_Driver/Src/stm32l4xx_hal_rcc.o
 .debug_frame   0x00001640      0x2fc ./Drivers/STM32L4xx_HAL_Driver/Src/stm32l4xx_hal_rcc_ex.o
 .debug_frame   0x0000193c     0x121c ./Drivers/STM32L4xx_HAL_Driver/Src/stm32l4xx_hal_tim.o
 .debug_frame   0x00002b58      0x6b0 ./Drivers/STM32L4xx_HAL_Driver/Src/stm32l4xx_hal_tim_ex.o
 .debug_frame   0x00003208      0x9f4 ./Drivers/STM32L4xx_HAL_Driver/Src/stm32l4xx_hal_uart.o
 .debug_frame   0x00003bfc      0x80c ./Middlewares/Third_Party/FreeRTOS/Source/CMSIS_RTOS/cmsis_os.o
 .debug_frame   0x00004408       0xd8 ./Middlewares/Third_Party/FreeRTOS/Source/list.o
 .debug_frame   0x000044e0      0x46c ./Middlewares/Third_Party/FreeRTOS/Source/queue.o
 .debug_frame   0x0000494c      0x77c ./Middlewares/Third_Party/FreeRTOS/Source/tasks.o
 .debug_frame   0x000050c8      0x1a8 ./Middlewares/Third_Party/FreeRTOS/Source/portable/GCC/ARM_CM4F/port.o
 .debug_frame   0x00005270      0x12c ./Middlewares/Third_Party/FreeRTOS/Source/portable/MemMang/heap_4.o
 .debug_frame   0x0000539c      0x144 C:/ST/STM32CubeIDE_1.15.1/STM32CubeIDE/plugins/com.st.stm32cube.ide.mcu.externaltools.gnu-tools-for-stm32.12.3.rel1.win32_1.0.100.202403111256/tools/bin/../lib/gcc/arm-none-eabi/12.3.1/../../../../arm-none-eabi/lib/thumb/v7e-m+fp/hard\libc_nano.a(libc_a-findfp.o)
 .debug_frame   0x000054e0       0x20 C:/ST/STM32CubeIDE_1.15.1/STM32CubeIDE/plugins/com.st.stm32cube.ide.mcu.externaltools.gnu-tools-for-stm32.12.3.rel1.win32_1.0.100.202403111256/tools/bin/../lib/gcc/arm-none-eabi/12.3.1/../../../../arm-none-eabi/lib/thumb/v7e-m+fp/hard\libc_nano.a(libc_a-memset.o)
 .debug_frame   0x00005500       0x38 C:/ST/STM32CubeIDE_1.15.1/STM32CubeIDE/plugins/com.st.stm32cube.ide.mcu.externaltools.gnu-tools-for-stm32.12.3.rel1.win32_1.0.100.202403111256/tools/bin/../lib/gcc/arm-none-eabi/12.3.1/../../../../arm-none-eabi/lib/thumb/v7e-m+fp/hard\libc_nano.a(libc_a-reent.o)
 .debug_frame   0x00005538       0x2c C:/ST/STM32CubeIDE_1.15.1/STM32CubeIDE/plugins/com.st.stm32cube.ide.mcu.externaltools.gnu-tools-for-stm32.12.3.rel1.win32_1.0.100.202403111256/tools/bin/../lib/gcc/arm-none-eabi/12.3.1/../../../../arm-none-eabi/lib/thumb/v7e-m+fp/hard\libc_nano.a(libc_a-init.o)
 .debug_frame   0x00005564       0xb0 C:/ST/STM32CubeIDE_1.15.1/STM32CubeIDE/plugins/com.st.stm32cube.ide.mcu.externaltools.gnu-tools-for-stm32.12.3.rel1.win32_1.0.100.202403111256/tools/bin/../lib/gcc/arm-none-eabi/12.3.1/../../../../arm-none-eabi/lib/thumb/v7e-m+fp/hard\libc_nano.a(libc_a-lock.o)
 .debug_frame   0x00005614       0x28 C:/ST/STM32CubeIDE_1.15.1/STM32CubeIDE/plugins/com.st.stm32cube.ide.mcu.externaltools.gnu-tools-for-stm32.12.3.rel1.win32_1.0.100.202403111256/tools/bin/../lib/gcc/arm-none-eabi/12.3.1/../../../../arm-none-eabi/lib/thumb/v7e-m+fp/hard\libc_nano.a(libc_a-memcpy-stub.o)
 .debug_frame   0x0000563c       0x38 C:/ST/STM32CubeIDE_1.15.1/STM32CubeIDE/plugins/com.st.stm32cube.ide.mcu.externaltools.gnu-tools-for-stm32.12.3.rel1.win32_1.0.100.202403111256/tools/bin/../lib/gcc/arm-none-eabi/12.3.1/../../../../arm-none-eabi/lib/thumb/v7e-m+fp/hard\libc_nano.a(libc_a-freer.o)
 .debug_frame   0x00005674       0x50 C:/ST/STM32CubeIDE_1.15.1/STM32CubeIDE/plugins/com.st.stm32cube.ide.mcu.externaltools.gnu-tools-for-stm32.12.3.rel1.win32_1.0.100.202403111256/tools/bin/../lib/gcc/arm-none-eabi/12.3.1/../../../../arm-none-eabi/lib/thumb/v7e-m+fp/hard\libc_nano.a(libc_a-mallocr.o)
 .debug_frame   0x000056c4       0x30 C:/ST/STM32CubeIDE_1.15.1/STM32CubeIDE/plugins/com.st.stm32cube.ide.mcu.externaltools.gnu-tools-for-stm32.12.3.rel1.win32_1.0.100.202403111256/tools/bin/../lib/gcc/arm-none-eabi/12.3.1/../../../../arm-none-eabi/lib/thumb/v7e-m+fp/hard\libc_nano.a(libc_a-mlock.o)
 .debug_frame   0x000056f4       0x2c C:/ST/STM32CubeIDE_1.15.1/STM32CubeIDE/plugins/com.st.stm32cube.ide.mcu.externaltools.gnu-tools-for-stm32.12.3.rel1.win32_1.0.100.202403111256/tools/bin/../lib/gcc/arm-none-eabi/12.3.1/thumb/v7e-m+fp/hard\libgcc.a(_aeabi_uldivmod.o)
 .debug_frame   0x00005720       0x34 C:/ST/STM32CubeIDE_1.15.1/STM32CubeIDE/plugins/com.st.stm32cube.ide.mcu.externaltools.gnu-tools-for-stm32.12.3.rel1.win32_1.0.100.202403111256/tools/bin/../lib/gcc/arm-none-eabi/12.3.1/thumb/v7e-m+fp/hard\libgcc.a(_udivmoddi4.o)

.debug_line_str
                0x00000000       0x44
 .debug_line_str
                0x00000000       0x44 ./Core/Startup/startup_stm32l476rgtx.o
